make: Entering directory '/home/nickolas/OMNI-BOT/CM7/Debug'
make: 'Middlewares/Third_Party/LwIP/altcp.o' is up to date.
make: Leaving directory '/home/nickolas/OMNI-BOT/CM7/Debug'
