Archive member included to satisfy reference by file (symbol)

C:/ST/STM32CubeIDE_2.0.0/STM32CubeIDE/plugins/com.st.stm32cube.ide.mcu.externaltools.gnu-tools-for-stm32.13.3.rel1.win32_1.0.100.202509120712/tools/bin/../lib/gcc/arm-none-eabi/13.3.1/../../../../arm-none-eabi/lib/thumb/v7e-m+dp/hard\libc_nano.a(libc_a-exit.o)
                              C:/ST/STM32CubeIDE_2.0.0/STM32CubeIDE/plugins/com.st.stm32cube.ide.mcu.externaltools.gnu-tools-for-stm32.13.3.rel1.win32_1.0.100.202509120712/tools/bin/../lib/gcc/arm-none-eabi/13.3.1/../../../../arm-none-eabi/lib/thumb/v7e-m+dp/hard/crt0.o (exit)
C:/ST/STM32CubeIDE_2.0.0/STM32CubeIDE/plugins/com.st.stm32cube.ide.mcu.externaltools.gnu-tools-for-stm32.13.3.rel1.win32_1.0.100.202509120712/tools/bin/../lib/gcc/arm-none-eabi/13.3.1/../../../../arm-none-eabi/lib/thumb/v7e-m+dp/hard\libc_nano.a(libc_a-malloc.o)
                              ./Core/ThreadSafe/newlib_lock_glue.o (malloc)
C:/ST/STM32CubeIDE_2.0.0/STM32CubeIDE/plugins/com.st.stm32cube.ide.mcu.externaltools.gnu-tools-for-stm32.13.3.rel1.win32_1.0.100.202509120712/tools/bin/../lib/gcc/arm-none-eabi/13.3.1/../../../../arm-none-eabi/lib/thumb/v7e-m+dp/hard\libc_nano.a(libc_a-mallocr.o)
                              C:/ST/STM32CubeIDE_2.0.0/STM32CubeIDE/plugins/com.st.stm32cube.ide.mcu.externaltools.gnu-tools-for-stm32.13.3.rel1.win32_1.0.100.202509120712/tools/bin/../lib/gcc/arm-none-eabi/13.3.1/../../../../arm-none-eabi/lib/thumb/v7e-m+dp/hard\libc_nano.a(libc_a-malloc.o) (_malloc_r)
C:/ST/STM32CubeIDE_2.0.0/STM32CubeIDE/plugins/com.st.stm32cube.ide.mcu.externaltools.gnu-tools-for-stm32.13.3.rel1.win32_1.0.100.202509120712/tools/bin/../lib/gcc/arm-none-eabi/13.3.1/../../../../arm-none-eabi/lib/thumb/v7e-m+dp/hard\libc_nano.a(libc_a-mlock.o)
                              C:/ST/STM32CubeIDE_2.0.0/STM32CubeIDE/plugins/com.st.stm32cube.ide.mcu.externaltools.gnu-tools-for-stm32.13.3.rel1.win32_1.0.100.202509120712/tools/bin/../lib/gcc/arm-none-eabi/13.3.1/../../../../arm-none-eabi/lib/thumb/v7e-m+dp/hard\libc_nano.a(libc_a-mallocr.o) (__malloc_lock)
C:/ST/STM32CubeIDE_2.0.0/STM32CubeIDE/plugins/com.st.stm32cube.ide.mcu.externaltools.gnu-tools-for-stm32.13.3.rel1.win32_1.0.100.202509120712/tools/bin/../lib/gcc/arm-none-eabi/13.3.1/../../../../arm-none-eabi/lib/thumb/v7e-m+dp/hard\libc_nano.a(libc_a-strtod.o)
                              ./Core/Src/cmd.o (strtof)
C:/ST/STM32CubeIDE_2.0.0/STM32CubeIDE/plugins/com.st.stm32cube.ide.mcu.externaltools.gnu-tools-for-stm32.13.3.rel1.win32_1.0.100.202509120712/tools/bin/../lib/gcc/arm-none-eabi/13.3.1/../../../../arm-none-eabi/lib/thumb/v7e-m+dp/hard\libc_nano.a(libc_a-strtoul.o)
                              ./Core/Src/cmd.o (strtoul)
C:/ST/STM32CubeIDE_2.0.0/STM32CubeIDE/plugins/com.st.stm32cube.ide.mcu.externaltools.gnu-tools-for-stm32.13.3.rel1.win32_1.0.100.202509120712/tools/bin/../lib/gcc/arm-none-eabi/13.3.1/../../../../arm-none-eabi/lib/thumb/v7e-m+dp/hard\libc_nano.a(libc_a-ctype_.o)
                              ./Core/Src/cmd.o (_ctype_)
C:/ST/STM32CubeIDE_2.0.0/STM32CubeIDE/plugins/com.st.stm32cube.ide.mcu.externaltools.gnu-tools-for-stm32.13.3.rel1.win32_1.0.100.202509120712/tools/bin/../lib/gcc/arm-none-eabi/13.3.1/../../../../arm-none-eabi/lib/thumb/v7e-m+dp/hard\libc_nano.a(libc_a-nano-vfprintf_float.o)
                              (_printf_float)
C:/ST/STM32CubeIDE_2.0.0/STM32CubeIDE/plugins/com.st.stm32cube.ide.mcu.externaltools.gnu-tools-for-stm32.13.3.rel1.win32_1.0.100.202509120712/tools/bin/../lib/gcc/arm-none-eabi/13.3.1/../../../../arm-none-eabi/lib/thumb/v7e-m+dp/hard\libc_nano.a(libc_a-nano-vfprintf_i.o)
                              C:/ST/STM32CubeIDE_2.0.0/STM32CubeIDE/plugins/com.st.stm32cube.ide.mcu.externaltools.gnu-tools-for-stm32.13.3.rel1.win32_1.0.100.202509120712/tools/bin/../lib/gcc/arm-none-eabi/13.3.1/../../../../arm-none-eabi/lib/thumb/v7e-m+dp/hard\libc_nano.a(libc_a-nano-vfprintf_float.o) (_printf_common)
C:/ST/STM32CubeIDE_2.0.0/STM32CubeIDE/plugins/com.st.stm32cube.ide.mcu.externaltools.gnu-tools-for-stm32.13.3.rel1.win32_1.0.100.202509120712/tools/bin/../lib/gcc/arm-none-eabi/13.3.1/../../../../arm-none-eabi/lib/thumb/v7e-m+dp/hard\libc_nano.a(libc_a-nano-vfscanf_float.o)
                              (_scanf_float)
C:/ST/STM32CubeIDE_2.0.0/STM32CubeIDE/plugins/com.st.stm32cube.ide.mcu.externaltools.gnu-tools-for-stm32.13.3.rel1.win32_1.0.100.202509120712/tools/bin/../lib/gcc/arm-none-eabi/13.3.1/../../../../arm-none-eabi/lib/thumb/v7e-m+dp/hard\libc_nano.a(libc_a-findfp.o)
                              ./Middlewares/Third_Party/FreeRTOS/tasks.o (__sf)
C:/ST/STM32CubeIDE_2.0.0/STM32CubeIDE/plugins/com.st.stm32cube.ide.mcu.externaltools.gnu-tools-for-stm32.13.3.rel1.win32_1.0.100.202509120712/tools/bin/../lib/gcc/arm-none-eabi/13.3.1/../../../../arm-none-eabi/lib/thumb/v7e-m+dp/hard\libc_nano.a(libc_a-fwalk.o)
[...]
Memory Configuration

Name             Origin             Length             Attributes
RAM_D1           0x24000000         0x00080000         xrw
FLASH            0x08000000         0x00100000         xr
DTCMRAM          0x20000000         0x00020000         xrw
RAM_D2           0x30000000         0x00048000         xrw
RAM_D3           0x38000000         0x00010000         xrw
ITCMRAM          0x00000000         0x00010000         xrw
*default*        0x00000000         0xffffffff

Linker script and memory map

LOAD C:/ST/STM32CubeIDE_2.0.0/STM32CubeIDE/plugins/com.st.stm32cube.ide.mcu.externaltools.gnu-tools-for-stm32.13.3.rel1.win32_1.0.100.202509120712/tools/bin/../lib/gcc/arm-none-eabi/13.3.1/thumb/v7e-m+dp/hard/crti.o
LOAD C:/ST/STM32CubeIDE_2.0.0/STM32CubeIDE/plugins/com.st.stm32cube.ide.mcu.externaltools.gnu-tools-for-stm32.13.3.rel1.win32_1.0.100.202509120712/tools/bin/../lib/gcc/arm-none-eabi/13.3.1/thumb/v7e-m+dp/hard/crtbegin.o
LOAD C:/ST/STM32CubeIDE_2.0.0/STM32CubeIDE/plugins/com.st.stm32cube.ide.mcu.externaltools.gnu-tools-for-stm32.13.3.rel1.win32_1.0.100.202509120712/tools/bin/../lib/gcc/arm-none-eabi/13.3.1/../../../../arm-none-eabi/lib/thumb/v7e-m+dp/hard/crt0.o
LOAD ./Common/Src/system_stm32h7xx_dualcore_boot_cm4_cm7.o
LOAD ./Core/Src/IMU.o
LOAD ./Core/Src/PWM.o
LOAD ./Core/Src/cmd.o
LOAD ./Core/Src/controller.o
LOAD ./Core/Src/freertos.o
LOAD ./Core/Src/main.o
LOAD ./Core/Src/stm32h7xx_hal_msp.o
LOAD ./Core/Src/stm32h7xx_it.o
LOAD ./Core/Src/syscalls.o
LOAD ./Core/Src/sysmem.o
LOAD ./Core/Startup/startup_stm32h755zitx.o
LOAD ./Core/ThreadSafe/newlib_lock_glue.o
LOAD ./Drivers/BSP/STM32H7xx_Nucleo/stm32h7xx_nucleo.o
LOAD ./Drivers/STM32H7xx_HAL_Driver/stm32h7xx_hal.o
LOAD ./Drivers/STM32H7xx_HAL_Driver/stm32h7xx_hal_cortex.o
LOAD ./Drivers/STM32H7xx_HAL_Driver/stm32h7xx_hal_dma.o
LOAD ./Drivers/STM32H7xx_HAL_Driver/stm32h7xx_hal_dma_ex.o
LOAD ./Drivers/STM32H7xx_HAL_Driver/stm32h7xx_hal_eth.o
LOAD ./Drivers/STM32H7xx_HAL_Driver/stm32h7xx_hal_eth_ex.o
LOAD ./Drivers/STM32H7xx_HAL_Driver/stm32h7xx_hal_exti.o
LOAD ./Drivers/STM32H7xx_HAL_Driver/stm32h7xx_hal_flash.o
LOAD ./Drivers/STM32H7xx_HAL_Driver/stm32h7xx_hal_flash_ex.o
LOAD ./Drivers/STM32H7xx_HAL_Driver/stm32h7xx_hal_gpio.o
LOAD ./Drivers/STM32H7xx_HAL_Driver/stm32h7xx_hal_hsem.o
LOAD ./Drivers/STM32H7xx_HAL_Driver/stm32h7xx_hal_i2c.o
LOAD ./Drivers/STM32H7xx_HAL_Driver/stm32h7xx_hal_i2c_ex.o
LOAD ./Drivers/STM32H7xx_HAL_Driver/stm32h7xx_hal_mdma.o
LOAD ./Drivers/STM32H7xx_HAL_Driver/stm32h7xx_hal_pwr.o
LOAD ./Drivers/STM32H7xx_HAL_Driver/stm32h7xx_hal_pwr_ex.o
LOAD ./Drivers/STM32H7xx_HAL_Driver/stm32h7xx_hal_rcc.o
LOAD ./Drivers/STM32H7xx_HAL_Driver/stm32h7xx_hal_rcc_ex.o
LOAD ./Drivers/STM32H7xx_HAL_Driver/stm32h7xx_hal_tim.o
LOAD ./Drivers/STM32H7xx_HAL_Driver/stm32h7xx_hal_tim_ex.o
LOAD ./Drivers/STM32H7xx_HAL_Driver/stm32h7xx_hal_uart.o
LOAD ./Drivers/STM32H7xx_HAL_Driver/stm32h7xx_hal_uart_ex.o
LOAD ./Drivers/STM32H7xx_HAL_Driver/stm32h7xx_hal_usart.o
LOAD ./Drivers/STM32H7xx_HAL_Driver/stm32h7xx_hal_usart_ex.o
LOAD ./Middlewares/Third_Party/FreeRTOS/cmsis_os2.o
LOAD ./Middlewares/Third_Party/FreeRTOS/croutine.o
LOAD ./Middlewares/Third_Party/FreeRTOS/event_groups.o
LOAD ./Middlewares/Third_Party/FreeRTOS/heap_4.o
LOAD ./Middlewares/Third_Party/FreeRTOS/list.o
LOAD ./Middlewares/Third_Party/FreeRTOS/port.o
LOAD ./Middlewares/Third_Party/FreeRTOS/queue.o
LOAD ./Middlewares/Third_Party/FreeRTOS/stream_buffer.o
LOAD ./Middlewares/Third_Party/FreeRTOS/tasks.o
LOAD ./Middlewares/Third_Party/FreeRTOS/timers.o
START GROUP
LOAD C:/ST/STM32CubeIDE_2.0.0/STM32CubeIDE/plugins/com.st.stm32cube.ide.mcu.externaltools.gnu-tools-for-stm32.13.3.rel1.win32_1.0.100.202509120712/tools/bin/../lib/gcc/arm-none-eabi/13.3.1/../../../../arm-none-eabi/lib/thumb/v7e-m+dp/hard\libc_nano.a
LOAD C:/ST/STM32CubeIDE_2.0.0/STM32CubeIDE/plugins/com.st.stm32cube.ide.mcu.externaltools.gnu-tools-for-stm32.13.3.rel1.win32_1.0.100.202509120712/tools/bin/../lib/gcc/arm-none-eabi/13.3.1/../../../../arm-none-eabi/lib/thumb/v7e-m+dp/hard\libm.a
END GROUP
START GROUP
LOAD C:/ST/STM32CubeIDE_2.0.0/STM32CubeIDE/plugins/com.st.stm32cube.ide.mcu.externaltools.gnu-tools-for-stm32.13.3.rel1.win32_1.0.100.202509120712/tools/bin/../lib/gcc/arm-none-eabi/13.3.1/thumb/v7e-m+dp/hard\libgcc.a
LOAD C:/ST/STM32CubeIDE_2.0.0/STM32CubeIDE/plugins/com.st.stm32cube.ide.mcu.externaltools.gnu-tools-for-stm32.13.3.rel1.win32_1.0.100.202509120712/tools/bin/../lib/gcc/arm-none-eabi/13.3.1/../../../../arm-none-eabi/lib/thumb/v7e-m+dp/hard\libc_nano.a
END GROUP
START GROUP
LOAD C:/ST/STM32CubeIDE_2.0.0/STM32CubeIDE/plugins/com.st.stm32cube.ide.mcu.externaltools.gnu-tools-for-stm32.13.3.rel1.win32_1.0.100.202509120712/tools/bin/../lib/gcc/arm-none-eabi/13.3.1/thumb/v7e-m+dp/hard\libgcc.a
LOAD C:/ST/STM32CubeIDE_2.0.0/STM32CubeIDE/plugins/com.st.stm32cube.ide.mcu.externaltools.gnu-tools-for-stm32.13.3.rel1.win32_1.0.100.202509120712/tools/bin/../lib/gcc/arm-none-eabi/13.3.1/../../../../arm-none-eabi/lib/thumb/v7e-m+dp/hard\libc_nano.a
LOAD C:/ST/STM32CubeIDE_2.0.0/STM32CubeIDE/plugins/com.st.stm32cube.ide.mcu.externaltools.gnu-tools-for-stm32.13.3.rel1.win32_1.0.100.202509120712/tools/bin/../lib/gcc/arm-none-eabi/13.3.1/../../../../arm-none-eabi/lib/thumb/v7e-m+dp/hard\libnosys.a
END GROUP
START GROUP
LOAD C:/ST/STM32CubeIDE_2.0.0/STM32CubeIDE/plugins/com.st.stm32cube.ide.mcu.externaltools.gnu-tools-for-stm32.13.3.rel1.win32_1.0.100.202509120712/tools/bin/../lib/gcc/arm-none-eabi/13.3.1/thumb/v7e-m+dp/hard\libgcc.a
LOAD C:/ST/STM32CubeIDE_2.0.0/STM32CubeIDE/plugins/com.st.stm32cube.ide.mcu.externaltools.gnu-tools-for-stm32.13.3.rel1.win32_1.0.100.202509120712/tools/bin/../lib/gcc/arm-none-eabi/13.3.1/../../../../arm-none-eabi/lib/thumb/v7e-m+dp/hard\libc_nano.a
LOAD C:/ST/STM32CubeIDE_2.0.0/STM32CubeIDE/plugins/com.st.stm32cube.ide.mcu.externaltools.gnu-tools-for-stm32.13.3.rel1.win32_1.0.100.202509120712/tools/bin/../lib/gcc/arm-none-eabi/13.3.1/../../../../arm-none-eabi/lib/thumb/v7e-m+dp/hard\libnosys.a
END GROUP
LOAD C:/ST/STM32CubeIDE_2.0.0/STM32CubeIDE/plugins/com.st.stm32cube.ide.mcu.externaltools.gnu-tools-for-stm32.13.3.rel1.win32_1.0.100.202509120712/tools/bin/../lib/gcc/arm-none-eabi/13.3.1/thumb/v7e-m+dp/hard/crtend.o
LOAD C:/ST/STM32CubeIDE_2.0.0/STM32CubeIDE/plugins/com.st.stm32cube.ide.mcu.externaltools.gnu-tools-for-stm32.13.3.rel1.win32_1.0.100.202509120712/tools/bin/../lib/gcc/arm-none-eabi/13.3.1/thumb/v7e-m+dp/hard/crtn.o
                0x24080000                        _estack = (ORIGIN (RAM_D1) + LENGTH (RAM_D1))
                0x00000200                        _Min_Heap_Size = 0x200
                0x00000400                        _Min_Stack_Size = 0x400

.isr_vector     0x08000000      0x298
                0x08000000                        . = ALIGN (0x4)
 *(.isr_vector)
 .isr_vector    0x08000000      0x298 ./Core/Startup/startup_stm32h755zitx.o
                0x08000000                g_pfnVectors
                0x08000298                        . = ALIGN (0x4)

.text           0x080002a0    0x15ba8
                0x080002a0                        . = ALIGN (0x4)
 *(.text)
 .text          0x080002a0       0x40 C:/ST/STM32CubeIDE_2.0.0/STM32CubeIDE/plugins/com.st.stm32cube.ide.mcu.externaltools.gnu-tools-for-stm32.13.3.rel1.win32_1.0.100.202509120712/tools/bin/../lib/gcc/arm-none-eabi/13.3.1/thumb/v7e-m+dp/hard/crtbegin.o
 .text          0x080002e0       0x14 C:/ST/STM32CubeIDE_2.0.0/STM32CubeIDE/plugins/com.st.stm32cube.ide.mcu.externaltools.gnu-tools-for-stm32.13.3.rel1.win32_1.0.100.202509120712/tools/bin/../lib/gcc/arm-none-eabi/13.3.1/../../../../arm-none-eabi/lib/thumb/v7e-m+dp/hard\libc_nano.a(libc_a-strcmp.o)
                0x080002e0                strcmp
 *fill*         0x080002f4        0xc 
 .text          0x08000300       0xa0 C:/ST/STM32CubeIDE_2.0.0/STM32CubeIDE/plugins/com.st.stm32cube.ide.mcu.externaltools.gnu-tools-for-stm32.13.3.rel1.win32_1.0.100.202509120712/tools/bin/../lib/gcc/arm-none-eabi/13.3.1/../../../../arm-none-eabi/lib/thumb/v7e-m+dp/hard\libc_nano.a(libc_a-memchr.o)
                0x08000300                memchr
 .text          0x080003a0       0x10 C:/ST/STM32CubeIDE_2.0.0/STM32CubeIDE/plugins/com.st.stm32cube.ide.mcu.externaltools.gnu-tools-for-stm32.13.3.rel1.win32_1.0.100.202509120712/tools/bin/../lib/gcc/arm-none-eabi/13.3.1/../../../../arm-none-eabi/lib/thumb/v7e-m+dp/hard\libc_nano.a(libc_a-strlen.o)
                0x080003a0                strlen
 .text          0x080003b0      0x378 C:/ST/STM32CubeIDE_2.0.0/STM32CubeIDE/plugins/com.st.stm32cube.ide.mcu.externaltools.gnu-tools-for-stm32.13.3.rel1.win32_1.0.100.202509120712/tools/bin/../lib/gcc/arm-none-eabi/13.3.1/thumb/v7e-m+dp/hard\libgcc.a(_arm_addsubdf3.o)
                0x080003b0                __aeabi_drsub
                0x080003b8                __aeabi_dsub
                0x080003b8                __subdf3
                0x080003bc                __aeabi_dadd
                0x080003bc                __adddf3
                0x08000634                __floatunsidf
                0x08000634                __aeabi_ui2d
                0x08000654                __floatsidf
                0x08000654                __aeabi_i2d
                0x08000678                __aeabi_f2d
                0x08000678                __extendsfdf2
                0x080006bc                __floatundidf
                0x080006bc                __aeabi_ul2d
                0x080006cc                __floatdidf
                0x080006cc                __aeabi_l2d
 .text          0x08000728       0x30 C:/ST/STM32CubeIDE_2.0.0/STM32CubeIDE/plugins/com.st.stm32cube.ide.mcu.externaltools.gnu-tools-for-stm32.13.3.rel1.win32_1.0.100.202509120712/tools/bin/../lib/gcc/arm-none-eabi/13.3.1/thumb/v7e-m+dp/hard\libgcc.a(_aeabi_uldivmod.o)
                0x08000728                __aeabi_uldivmod
 .text          0x08000758       0x30 C:/ST/STM32CubeIDE_2.0.0/STM32CubeIDE/plugins/com.st.stm32cube.ide.mcu.externaltools.gnu-tools-for-stm32.13.3.rel1.win32_1.0.100.202509120712/tools/bin/../lib/gcc/arm-none-eabi/13.3.1/thumb/v7e-m+dp/hard\libgcc.a(_fixdfdi.o)
                0x08000758                __fixdfdi
                0x08000758                __aeabi_d2lz
 .text          0x08000788       0x40 C:/ST/STM32CubeIDE_2.0.0/STM32CubeIDE/plugins/com.st.stm32cube.ide.mcu.externaltools.gnu-tools-for-stm32.13.3.rel1.win32_1.0.100.202509120712/tools/bin/../lib/gcc/arm-none-eabi/13.3.1/thumb/v7e-m+dp/hard\libgcc.a(_fixunsdfdi.o)
                0x08000788                __fixunsdfdi
                0x08000788                __aeabi_d2ulz
 .text          0x080007c8      0x2f8 C:/ST/STM32CubeIDE_2.0.0/STM32CubeIDE/plugins/com.st.stm32cube.ide.mcu.externaltools.gnu-tools-for-stm32.13.3.rel1.win32_1.0.100.202509120712/tools/bin/../lib/gcc/arm-none-eabi/13.3.1/thumb/v7e-m+dp/hard\libgcc.a(_udivmoddi4.o)
                0x080007c8                __udivmoddi4
 .text          0x08000ac0        0x4 C:/ST/STM32CubeIDE_2.0.0/STM32CubeIDE/plugins/com.st.stm32cube.ide.mcu.externaltools.gnu-tools-for-stm32.13.3.rel1.win32_1.0.100.202509120712/tools/bin/../lib/gcc/arm-none-eabi/13.3.1/thumb/v7e-m+dp/hard\libgcc.a(_dvmd_tls.o)
                0x08000ac0                __aeabi_idiv0
                0x08000ac0                __aeabi_ldiv0
 *(.text*)
 .text.SystemInit
                0x08000ac4      0x15c ./Common/Src/system_stm32h7xx_dualcore_boot_cm4_cm7.o
                0x08000ac4                SystemInit
 .text.ExitRun0Mode
                0x08000c20       0x30 ./Common/Src/system_stm32h7xx_dualcore_boot_cm4_cm7.o
                0x08000c20                ExitRun0Mode
 .text.le_i16   0x08000c50       0x2a ./Core/Src/IMU.o
 *fill*         0x08000c7a        0x2 
 .text.wrap180f
                0x08000c7c       0x74 ./Core/Src/IMU.o
 .text.BNO_RVC_Init
                0x08000cf0       0x38 ./Core/Src/IMU.o
                0x08000cf0                BNO_RVC_Init
 .text.BNO_RVC_OnByte
                0x08000d28      0x2b0 ./Core/Src/IMU.o
                0x08000d28                BNO_RVC_OnByte
 .text.BNO_RVC_GetLatest
                0x08000fd8       0x68 ./Core/Src/IMU.o
                0x08000fd8                BNO_RVC_GetLatest
 .text.BNO_RVC_UpdateMain
                0x08001040      0x188 ./Core/Src/IMU.o
                0x08001040                BNO_RVC_UpdateMain
 .text.set_motor_dir
                0x080011c8       0x60 ./Core/Src/PWM.o
 .text.sign_with_deadband
                0x08001228       0x4e ./Core/Src/PWM.o
 *fill*         0x08001276        0x2 
 .text.PWM      0x08001278      0x6b4 ./Core/Src/PWM.o
                0x08001278                PWM
 .text.__NVIC_SystemReset
                0x0800192c       0x2c ./Core/Src/cmd.o
 .text.rb_next  0x08001958       0x20 ./Core/Src/cmd.o
 .text.rb_is_empty
                0x08001978       0x2c ./Core/Src/cmd.o
 .text.rb_push  0x080019a4       0x54 ./Core/Src/cmd.o
 .text.rb_pop   0x080019f8       0x4c ./Core/Src/cmd.o
 .text.CMD_Init
                0x08001a44       0x34 ./Core/Src/cmd.o
                0x08001a44                CMD_Init
 .text.CMD_StartTask
                0x08001a78       0x5c ./Core/Src/cmd.o
                0x08001a78                CMD_StartTask
 .text.CMD_OnUartRxByteFromISR
                0x08001ad4       0x54 ./Core/Src/cmd.o
                0x08001ad4                CMD_OnUartRxByteFromISR
 .text.CMD_Task
                0x08001b28       0x72 ./Core/Src/cmd.o
 *fill*         0x08001b9a        0x2 
 .text.CMD_ProcessLine
                0x08001b9c       0xe8 ./Core/Src/cmd.o
 .text.CMD_Trim
                0x08001c84       0x6c ./Core/Src/cmd.o
 .text.CMD_IsPureNumber
                0x08001cf0       0x5c ./Core/Src/cmd.o
 .text.CMD_FindById
                0x08001d4c       0x4c ./Core/Src/cmd.o
 .text.CMD_FindByName
                0x08001d98       0x58 ./Core/Src/cmd.o
 .text.CMD_Send
                0x08001df0       0x74 ./Core/Src/cmd.o
                0x08001df0                CMD_Send
 .text.CMD_Printf
                0x08001e64       0x40 ./Core/Src/cmd.o
 .text.cmd_rotate
                0x08001ea4       0x4c ./Core/Src/cmd.o
 .text.cmd_dir  0x08001ef0       0xbc ./Core/Src/cmd.o
 *fill*         0x08001fac        0x4 
 .text.cmd_slow
                0x08001fb0       0x84 ./Core/Src/cmd.o
 *fill*         0x08002034        0x4 
 .text.cmd_med  0x08002038       0x84 ./Core/Src/cmd.o
 .text.cmd_stop
                0x080020bc       0x40 ./Core/Src/cmd.o
 .text.cmd_hello
                0x080020fc       0x20 ./Core/Src/cmd.o
 .text.cmd_reset
                0x0800211c       0x28 ./Core/Src/cmd.o
 .text.cmd_help
                0x08002144       0x74 ./Core/Src/cmd.o
 .text.cmd_traj
                0x080021b8       0x1c ./Core/Src/cmd.o
 *fill*         0x080021d4        0x4 
 .text.Controller_Step
                0x080021d8     0x13c0 ./Core/Src/controller.o
                0x080021d8                Controller_Step
 .text.vApplicationStackOverflowHook
                0x08003598       0x4c ./Core/Src/freertos.o
                0x08003598                vApplicationStackOverflowHook
 .text.UartStartRx
                0x080035e4       0x2c ./Core/Src/main.o
                0x080035e4                UartStartRx
 .text.HAL_UART_RxCpltCallback
                0x08003610       0x5c ./Core/Src/main.o
                0x08003610                HAL_UART_RxCpltCallback
 .text.TIM_init
                0x0800366c       0xa0 ./Core/Src/main.o
                0x0800366c                TIM_init
 .text.main     0x0800370c      0x15c ./Core/Src/main.o
                0x0800370c                main
 .text.SystemClock_Config
                0x08003868       0xfc ./Core/Src/main.o
                0x08003868                SystemClock_Config
 .text.MX_ETH_Init
                0x08003964       0x98 ./Core/Src/main.o
 .text.MX_TIM2_Init
                0x080039fc       0xe0 ./Core/Src/main.o
 .text.MX_TIM3_Init
                0x08003adc       0xac ./Core/Src/main.o
 .text.MX_TIM4_Init
                0x08003b88       0xac ./Core/Src/main.o
 .text.MX_TIM8_Init
                0x08003c34       0xb4 ./Core/Src/main.o
 .text.MX_USART1_UART_Init
                0x08003ce8       0x98 ./Core/Src/main.o
 .text.MX_USART2_UART_Init
                0x08003d80       0x98 ./Core/Src/main.o
 .text.MX_GPIO_Init
                0x08003e18      0x154 ./Core/Src/main.o
 .text.BSP_PB_Callback
                0x08003f6c       0xc8 ./Core/Src/main.o
                0x08003f6c                BSP_PB_Callback
 *fill*         0x08004034        0x4 
 .text.enc      0x08004038       0xfc ./Core/Src/main.o
 *fill*         0x08004134        0x4 
 .text.remote   0x08004138      0x118 ./Core/Src/main.o
                0x08004138                remote
 .text._write   0x08004250       0x28 ./Core/Src/main.o
                0x08004250                _write
 .text.StartDefaultTask
                0x08004278       0x1a ./Core/Src/main.o
                0x08004278                StartDefaultTask
 .text.Error_Handler
                0x08004292        0xc ./Core/Src/main.o
                0x08004292                Error_Handler
 *fill*         0x0800429e        0x2 
 .text.HAL_MspInit
                0x080042a0       0x3c ./Core/Src/stm32h7xx_hal_msp.o
                0x080042a0                HAL_MspInit
 .text.HAL_ETH_MspInit
                0x080042dc      0x19c ./Core/Src/stm32h7xx_hal_msp.o
                0x080042dc                HAL_ETH_MspInit
 .text.HAL_TIM_PWM_MspInit
                0x08004478       0x40 ./Core/Src/stm32h7xx_hal_msp.o
                0x08004478                HAL_TIM_PWM_MspInit
 .text.HAL_TIM_Encoder_MspInit
                0x080044b8      0x1b8 ./Core/Src/stm32h7xx_hal_msp.o
                0x080044b8                HAL_TIM_Encoder_MspInit
 .text.HAL_TIM_MspPostInit
                0x08004670       0xb4 ./Core/Src/stm32h7xx_hal_msp.o
                0x08004670                HAL_TIM_MspPostInit
 .text.HAL_UART_MspInit
                0x08004724      0x208 ./Core/Src/stm32h7xx_hal_msp.o
                0x08004724                HAL_UART_MspInit
 .text.NMI_Handler
                0x0800492c        0x8 ./Core/Src/stm32h7xx_it.o
                0x0800492c                NMI_Handler
 .text.HardFault_Handler
                0x08004934        0x8 ./Core/Src/stm32h7xx_it.o
                0x08004934                HardFault_Handler
 .text.MemManage_Handler
                0x0800493c        0x8 ./Core/Src/stm32h7xx_it.o
                0x0800493c                MemManage_Handler
 .text.BusFault_Handler
                0x08004944        0x8 ./Core/Src/stm32h7xx_it.o
                0x08004944                BusFault_Handler
 .text.UsageFault_Handler
                0x0800494c        0x8 ./Core/Src/stm32h7xx_it.o
                0x0800494c                UsageFault_Handler
 .text.DebugMon_Handler
                0x08004954        0xe ./Core/Src/stm32h7xx_it.o
                0x08004954                DebugMon_Handler
 .text.SysTick_Handler
                0x08004962       0x1a ./Core/Src/stm32h7xx_it.o
                0x08004962                SysTick_Handler
 .text.USART1_IRQHandler
                0x0800497c       0x14 ./Core/Src/stm32h7xx_it.o
                0x0800497c                USART1_IRQHandler
 .text.USART2_IRQHandler
                0x08004990       0x14 ./Core/Src/stm32h7xx_it.o
                0x08004990                USART2_IRQHandler
 .text.EXTI15_10_IRQHandler
                0x080049a4       0x16 ./Core/Src/stm32h7xx_it.o
                0x080049a4                EXTI15_10_IRQHandler
 *fill*         0x080049ba        0x2 
 .text.ETH_IRQHandler
                0x080049bc       0x14 ./Core/Src/stm32h7xx_it.o
                0x080049bc                ETH_IRQHandler
 .text._getpid  0x080049d0       0x10 ./Core/Src/syscalls.o
                0x080049d0                _getpid
 .text._kill    0x080049e0       0x20 ./Core/Src/syscalls.o
                0x080049e0                _kill
 .text._exit    0x08004a00       0x16 ./Core/Src/syscalls.o
                0x08004a00                _exit
 .text._read    0x08004a16       0x3a ./Core/Src/syscalls.o
                0x08004a16                _read
 .text._close   0x08004a50       0x18 ./Core/Src/syscalls.o
                0x08004a50                _close
 .text._fstat   0x08004a68       0x20 ./Core/Src/syscalls.o
                0x08004a68                _fstat
 .text._isatty  0x08004a88       0x16 ./Core/Src/syscalls.o
                0x08004a88                _isatty
 .text._lseek   0x08004a9e       0x1a ./Core/Src/syscalls.o
                0x08004a9e                _lseek
 .text._sbrk    0x08004ab8       0x6c ./Core/Src/sysmem.o
                0x08004ab8                _sbrk
 .text.Reset_Handler
                0x08004b24       0x54 ./Core/Startup/startup_stm32h755zitx.o
                0x08004b24                Reset_Handler
 .text.Default_Handler
                0x08004b78        0x2 ./Core/Startup/startup_stm32h755zitx.o
                0x08004b78                RTC_Alarm_IRQHandler
                0x08004b78                HASH_RNG_IRQHandler
                0x08004b78                EXTI2_IRQHandler
                0x08004b78                TIM8_CC_IRQHandler
                0x08004b78                HRTIM1_Master_IRQHandler
                0x08004b78                UART8_IRQHandler
                0x08004b78                SPI4_IRQHandler
                0x08004b78                TIM1_CC_IRQHandler
                0x08004b78                BDMA_Channel6_IRQHandler
                0x08004b78                DMA2_Stream5_IRQHandler
                0x08004b78                HRTIM1_FLT_IRQHandler
                0x08004b78                JPEG_IRQHandler
                0x08004b78                DMA1_Stream5_IRQHandler
                0x08004b78                BDMA_Channel1_IRQHandler
                0x08004b78                HRTIM1_TIMD_IRQHandler
                0x08004b78                TAMP_STAMP_IRQHandler
                0x08004b78                EXTI3_IRQHandler
                0x08004b78                LPTIM4_IRQHandler
                0x08004b78                TIM8_TRG_COM_TIM14_IRQHandler
                0x08004b78                LPTIM2_IRQHandler
                0x08004b78                DFSDM1_FLT1_IRQHandler
                0x08004b78                DMAMUX2_OVR_IRQHandler
                0x08004b78                TIM8_UP_TIM13_IRQHandler
                0x08004b78                I2C3_ER_IRQHandler
                0x08004b78                DFSDM1_FLT2_IRQHandler
                0x08004b78                MDMA_IRQHandler
                0x08004b78                LPTIM3_IRQHandler
                0x08004b78                HSEM1_IRQHandler
                0x08004b78                EXTI0_IRQHandler
                0x08004b78                I2C2_EV_IRQHandler
                0x08004b78                DMA1_Stream2_IRQHandler
                0x08004b78                FPU_IRQHandler
                0x08004b78                OTG_HS_WKUP_IRQHandler
                0x08004b78                FDCAN1_IT1_IRQHandler
                0x08004b78                LTDC_ER_IRQHandler
                0x08004b78                DMA2_Stream2_IRQHandler
                0x08004b78                HRTIM1_TIME_IRQHandler
                0x08004b78                SPI1_IRQHandler
                0x08004b78                TIM6_DAC_IRQHandler
                0x08004b78                DCMI_IRQHandler
                0x08004b78                HRTIM1_TIMC_IRQHandler
                0x08004b78                DMA2_Stream3_IRQHandler
                0x08004b78                SAI2_IRQHandler
                0x08004b78                DFSDM1_FLT3_IRQHandler
                0x08004b78                USART6_IRQHandler
                0x08004b78                TIM17_IRQHandler
                0x08004b78                USART3_IRQHandler
                0x08004b78                BDMA_Channel7_IRQHandler
                0x08004b78                CRYP_IRQHandler
                0x08004b78                LPTIM5_IRQHandler
                0x08004b78                UART5_IRQHandler
                0x08004b78                ADC3_IRQHandler
                0x08004b78                DMA2_Stream0_IRQHandler
                0x08004b78                TIM4_IRQHandler
                0x08004b78                BDMA_Channel2_IRQHandler
                0x08004b78                QUADSPI_IRQHandler
                0x08004b78                I2C1_EV_IRQHandler
                0x08004b78                DMA1_Stream6_IRQHandler
                0x08004b78                DMAMUX1_OVR_IRQHandler
                0x08004b78                DMA1_Stream1_IRQHandler
                0x08004b78                TIM16_IRQHandler
                0x08004b78                UART4_IRQHandler
                0x08004b78                BDMA_Channel5_IRQHandler
                0x08004b78                TIM3_IRQHandler
                0x08004b78                RCC_IRQHandler
                0x08004b78                TIM8_BRK_TIM12_IRQHandler
                0x08004b78                TIM1_TRG_COM_IRQHandler
                0x08004b78                Default_Handler
                0x08004b78                ECC_IRQHandler
                0x08004b78                CEC_IRQHandler
                0x08004b78                BDMA_Channel0_IRQHandler
                0x08004b78                ADC_IRQHandler
                0x08004b78                DMA1_Stream7_IRQHandler
                0x08004b78                HRTIM1_TIMA_IRQHandler
                0x08004b78                SPI5_IRQHandler
                0x08004b78                TIM7_IRQHandler
                0x08004b78                SDMMC1_IRQHandler
                0x08004b78                TIM5_IRQHandler
                0x08004b78                DMA2_Stream7_IRQHandler
                0x08004b78                TIM15_IRQHandler
                0x08004b78                PVD_AVD_IRQHandler
                0x08004b78                I2C3_EV_IRQHandler
                0x08004b78                EXTI9_5_IRQHandler
                0x08004b78                RTC_WKUP_IRQHandler
                0x08004b78                LTDC_IRQHandler
                0x08004b78                SAI3_IRQHandler
                0x08004b78                ETH_WKUP_IRQHandler
                0x08004b78                SPDIF_RX_IRQHandler
                0x08004b78                SPI2_IRQHandler
                0x08004b78                OTG_HS_EP1_IN_IRQHandler
                0x08004b78                DMA1_Stream0_IRQHandler
                0x08004b78                CRS_IRQHandler
                0x08004b78                CM7_SEV_IRQHandler
                0x08004b78                EXTI4_IRQHandler
                0x08004b78                CM4_SEV_IRQHandler
                0x08004b78                HRTIM1_TIMB_IRQHandler
                0x08004b78                FDCAN2_IT1_IRQHandler
                0x08004b78                TIM1_UP_IRQHandler
                0x08004b78                WWDG_RST_IRQHandler
                0x08004b78                BDMA_Channel4_IRQHandler
                0x08004b78                OTG_HS_EP1_OUT_IRQHandler
                0x08004b78                WWDG_IRQHandler
                0x08004b78                SPI6_IRQHandler
                0x08004b78                MDIOS_IRQHandler
                0x08004b78                I2C4_EV_IRQHandler
                0x08004b78                FDCAN2_IT0_IRQHandler
                0x08004b78                LPUART1_IRQHandler
                0x08004b78                FDCAN1_IT0_IRQHandler
                0x08004b78                TIM2_IRQHandler
                0x08004b78                OTG_FS_WKUP_IRQHandler
                0x08004b78                OTG_HS_IRQHandler
                0x08004b78                HSEM2_IRQHandler
                0x08004b78                DMA2D_IRQHandler
                0x08004b78                TIM1_BRK_IRQHandler
                0x08004b78                EXTI1_IRQHandler
                0x08004b78                SDMMC2_IRQHandler
                0x08004b78                OTG_FS_EP1_OUT_IRQHandler
                0x08004b78                BDMA_Channel3_IRQHandler
                0x08004b78                HOLD_CORE_IRQHandler
                0x08004b78                UART7_IRQHandler
                0x08004b78                MDIOS_WKUP_IRQHandler
                0x08004b78                DFSDM1_FLT0_IRQHandler
                0x08004b78                SAI4_IRQHandler
                0x08004b78                I2C2_ER_IRQHandler
                0x08004b78                DMA2_Stream1_IRQHandler
                0x08004b78                FLASH_IRQHandler
                0x08004b78                DMA2_Stream4_IRQHandler
                0x08004b78                OTG_FS_IRQHandler
                0x08004b78                SPI3_IRQHandler
                0x08004b78                WAKEUP_PIN_IRQHandler
                0x08004b78                DMA1_Stream4_IRQHandler
                0x08004b78                OTG_FS_EP1_IN_IRQHandler
                0x08004b78                I2C1_ER_IRQHandler
                0x08004b78                FMC_IRQHandler
                0x08004b78                FDCAN_CAL_IRQHandler
                0x08004b78                SWPMI1_IRQHandler
                0x08004b78                COMP1_IRQHandler
                0x08004b78                LPTIM1_IRQHandler
                0x08004b78                I2C4_ER_IRQHandler
                0x08004b78                DMA2_Stream6_IRQHandler
                0x08004b78                SAI1_IRQHandler
                0x08004b78                DMA1_Stream3_IRQHandler
 .text.stm32_lock_init
                0x08004b7a       0x44 ./Core/ThreadSafe/newlib_lock_glue.o
 .text.stm32_lock_acquire
                0x08004bbe       0x64 ./Core/ThreadSafe/newlib_lock_glue.o
 .text.stm32_lock_release
                0x08004c22       0x58 ./Core/ThreadSafe/newlib_lock_glue.o
 .text.__retarget_lock_init_recursive
                0x08004c7a       0x4e ./Core/ThreadSafe/newlib_lock_glue.o
                0x08004c7a                __retarget_lock_init_recursive
 .text.__retarget_lock_acquire_recursive
                0x08004cc8       0x2a ./Core/ThreadSafe/newlib_lock_glue.o
                0x08004cc8                __retarget_lock_acquire_recursive
 .text.__retarget_lock_release_recursive
                0x08004cf2       0x2a ./Core/ThreadSafe/newlib_lock_glue.o
                0x08004cf2                __retarget_lock_release_recursive
 .text.BSP_LED_Init
                0x08004d1c       0xec ./Drivers/BSP/STM32H7xx_Nucleo/stm32h7xx_nucleo.o
                0x08004d1c                BSP_LED_Init
 .text.BSP_LED_Toggle
                0x08004e08       0x54 ./Drivers/BSP/STM32H7xx_Nucleo/stm32h7xx_nucleo.o
                0x08004e08                BSP_LED_Toggle
 .text.BSP_PB_Init
                0x08004e5c       0xe4 ./Drivers/BSP/STM32H7xx_Nucleo/stm32h7xx_nucleo.o
                0x08004e5c                BSP_PB_Init
 .text.BSP_PB_IRQHandler
                0x08004f40       0x24 ./Drivers/BSP/STM32H7xx_Nucleo/stm32h7xx_nucleo.o
                0x08004f40                BSP_PB_IRQHandler
 .text.BSP_COM_Init
                0x08004f64       0x60 ./Drivers/BSP/STM32H7xx_Nucleo/stm32h7xx_nucleo.o
                0x08004f64                BSP_COM_Init
 .text.MX_USART3_Init
                0x08004fc4       0x64 ./Drivers/BSP/STM32H7xx_Nucleo/stm32h7xx_nucleo.o
                0x08004fc4                MX_USART3_Init
 .text.BUTTON_USER_EXTI_Callback
                0x08005028        0xe ./Drivers/BSP/STM32H7xx_Nucleo/stm32h7xx_nucleo.o
 *fill*         0x08005036        0x2 
 .text.COM1_MspInit
                0x08005038       0xb0 ./Drivers/BSP/STM32H7xx_Nucleo/stm32h7xx_nucleo.o
 .text.HAL_Init
                0x080050e8       0x78 ./Drivers/STM32H7xx_HAL_Driver/stm32h7xx_hal.o
                0x080050e8                HAL_Init
 .text.HAL_InitTick
                0x08005160       0x6c ./Drivers/STM32H7xx_HAL_Driver/stm32h7xx_hal.o
                0x08005160                HAL_InitTick
 .text.HAL_IncTick
                0x080051cc       0x28 ./Drivers/STM32H7xx_HAL_Driver/stm32h7xx_hal.o
                0x080051cc                HAL_IncTick
 .text.HAL_GetTick
                0x080051f4       0x18 ./Drivers/STM32H7xx_HAL_Driver/stm32h7xx_hal.o
                0x080051f4                HAL_GetTick
 .text.HAL_GetREVID
                0x0800520c       0x18 ./Drivers/STM32H7xx_HAL_Driver/stm32h7xx_hal.o
                0x0800520c                HAL_GetREVID
 .text.HAL_SYSCFG_ETHInterfaceSelect
                0x08005224       0x28 ./Drivers/STM32H7xx_HAL_Driver/stm32h7xx_hal.o
                0x08005224                HAL_SYSCFG_ETHInterfaceSelect
 .text.__NVIC_SetPriorityGrouping
                0x0800524c       0x48 ./Drivers/STM32H7xx_HAL_Driver/stm32h7xx_hal_cortex.o
 .text.__NVIC_GetPriorityGrouping
                0x08005294       0x1c ./Drivers/STM32H7xx_HAL_Driver/stm32h7xx_hal_cortex.o
 .text.__NVIC_EnableIRQ
                0x080052b0       0x3c ./Drivers/STM32H7xx_HAL_Driver/stm32h7xx_hal_cortex.o
 .text.__NVIC_SetPriority
                0x080052ec       0x54 ./Drivers/STM32H7xx_HAL_Driver/stm32h7xx_hal_cortex.o
 .text.NVIC_EncodePriority
                0x08005340       0x66 ./Drivers/STM32H7xx_HAL_Driver/stm32h7xx_hal_cortex.o
 *fill*         0x080053a6        0x2 
 .text.SysTick_Config
                0x080053a8       0x44 ./Drivers/STM32H7xx_HAL_Driver/stm32h7xx_hal_cortex.o
 .text.HAL_NVIC_SetPriorityGrouping
                0x080053ec       0x16 ./Drivers/STM32H7xx_HAL_Driver/stm32h7xx_hal_cortex.o
                0x080053ec                HAL_NVIC_SetPriorityGrouping
 .text.HAL_NVIC_SetPriority
                0x08005402       0x34 ./Drivers/STM32H7xx_HAL_Driver/stm32h7xx_hal_cortex.o
                0x08005402                HAL_NVIC_SetPriority
 .text.HAL_NVIC_EnableIRQ
                0x08005436       0x1c ./Drivers/STM32H7xx_HAL_Driver/stm32h7xx_hal_cortex.o
                0x08005436                HAL_NVIC_EnableIRQ
 .text.HAL_SYSTICK_Config
                0x08005452       0x18 ./Drivers/STM32H7xx_HAL_Driver/stm32h7xx_hal_cortex.o
                0x08005452                HAL_SYSTICK_Config
 *fill*         0x0800546a        0x2 
 .text.HAL_GetCurrentCPUID
                0x0800546c       0x24 ./Drivers/STM32H7xx_HAL_Driver/stm32h7xx_hal_cortex.o
                0x0800546c                HAL_GetCurrentCPUID
 .text.HAL_DMA_Abort
                0x08005490      0x63c ./Drivers/STM32H7xx_HAL_Driver/stm32h7xx_hal_dma.o
                0x08005490                HAL_DMA_Abort
 .text.HAL_DMA_Abort_IT
                0x08005acc      0x48c ./Drivers/STM32H7xx_HAL_Driver/stm32h7xx_hal_dma.o
                0x08005acc                HAL_DMA_Abort_IT
 .text.HAL_ETH_Init
                0x08005f58      0x1fc ./Drivers/STM32H7xx_HAL_Driver/stm32h7xx_hal_eth.o
                0x08005f58                HAL_ETH_Init
 .text.HAL_ETH_IRQHandler
                0x08006154      0x214 ./Drivers/STM32H7xx_HAL_Driver/stm32h7xx_hal_eth.o
                0x08006154                HAL_ETH_IRQHandler
 .text.HAL_ETH_TxCpltCallback
                0x08006368       0x14 ./Drivers/STM32H7xx_HAL_Driver/stm32h7xx_hal_eth.o
                0x08006368                HAL_ETH_TxCpltCallback
 .text.HAL_ETH_RxCpltCallback
                0x0800637c       0x14 ./Drivers/STM32H7xx_HAL_Driver/stm32h7xx_hal_eth.o
                0x0800637c                HAL_ETH_RxCpltCallback
 .text.HAL_ETH_ErrorCallback
                0x08006390       0x14 ./Drivers/STM32H7xx_HAL_Driver/stm32h7xx_hal_eth.o
                0x08006390                HAL_ETH_ErrorCallback
 .text.HAL_ETH_PMTCallback
                0x080063a4       0x14 ./Drivers/STM32H7xx_HAL_Driver/stm32h7xx_hal_eth.o
                0x080063a4                HAL_ETH_PMTCallback
 .text.HAL_ETH_EEECallback
                0x080063b8       0x14 ./Drivers/STM32H7xx_HAL_Driver/stm32h7xx_hal_eth.o
                0x080063b8                HAL_ETH_EEECallback
 .text.HAL_ETH_WakeUpCallback
                0x080063cc       0x14 ./Drivers/STM32H7xx_HAL_Driver/stm32h7xx_hal_eth.o
                0x080063cc                HAL_ETH_WakeUpCallback
 .text.HAL_ETH_SetMDIOClockRange
                0x080063e0       0xa0 ./Drivers/STM32H7xx_HAL_Driver/stm32h7xx_hal_eth.o
                0x080063e0                HAL_ETH_SetMDIOClockRange
 .text.ETH_SetMACConfig
                0x08006480      0x238 ./Drivers/STM32H7xx_HAL_Driver/stm32h7xx_hal_eth.o
 .text.ETH_SetDMAConfig
                0x080066b8      0x10c ./Drivers/STM32H7xx_HAL_Driver/stm32h7xx_hal_eth.o
 .text.ETH_MACDMAConfig
                0x080067c4      0x13a ./Drivers/STM32H7xx_HAL_Driver/stm32h7xx_hal_eth.o
 .text.ETH_DMATxDescListInit
                0x080068fe       0x92 ./Drivers/STM32H7xx_HAL_Driver/stm32h7xx_hal_eth.o
 .text.ETH_DMARxDescListInit
                0x08006990       0xba ./Drivers/STM32H7xx_HAL_Driver/stm32h7xx_hal_eth.o
 .text.HAL_EXTI_RegisterCallback
                0x08006a4a       0x3e ./Drivers/STM32H7xx_HAL_Driver/stm32h7xx_hal_exti.o
                0x08006a4a                HAL_EXTI_RegisterCallback
 .text.HAL_EXTI_GetHandle
                0x08006a88       0x28 ./Drivers/STM32H7xx_HAL_Driver/stm32h7xx_hal_exti.o
                0x08006a88                HAL_EXTI_GetHandle
 .text.HAL_EXTI_IRQHandler
                0x08006ab0       0x78 ./Drivers/STM32H7xx_HAL_Driver/stm32h7xx_hal_exti.o
                0x08006ab0                HAL_EXTI_IRQHandler
 .text.HAL_GPIO_Init
                0x08006b28      0x360 ./Drivers/STM32H7xx_HAL_Driver/stm32h7xx_hal_gpio.o
                0x08006b28                HAL_GPIO_Init
 .text.HAL_GPIO_WritePin
                0x08006e88       0x32 ./Drivers/STM32H7xx_HAL_Driver/stm32h7xx_hal_gpio.o
                0x08006e88                HAL_GPIO_WritePin
 .text.HAL_GPIO_TogglePin
                0x08006eba       0x34 ./Drivers/STM32H7xx_HAL_Driver/stm32h7xx_hal_gpio.o
                0x08006eba                HAL_GPIO_TogglePin
 .text.HAL_GPIO_EXTI_IRQHandler
                0x08006eee       0x34 ./Drivers/STM32H7xx_HAL_Driver/stm32h7xx_hal_gpio.o
                0x08006eee                HAL_GPIO_EXTI_IRQHandler
 .text.HAL_GPIO_EXTI_Callback
                0x08006f22       0x16 ./Drivers/STM32H7xx_HAL_Driver/stm32h7xx_hal_gpio.o
                0x08006f22                HAL_GPIO_EXTI_Callback
 .text.HAL_HSEM_FastTake
                0x08006f38       0x34 ./Drivers/STM32H7xx_HAL_Driver/stm32h7xx_hal_hsem.o
                0x08006f38                HAL_HSEM_FastTake
 .text.HAL_HSEM_Release
                0x08006f6c       0x28 ./Drivers/STM32H7xx_HAL_Driver/stm32h7xx_hal_hsem.o
                0x08006f6c                HAL_HSEM_Release
 .text.HAL_PWREx_ConfigSupply
                0x08006f94       0xb4 ./Drivers/STM32H7xx_HAL_Driver/stm32h7xx_hal_pwr_ex.o
                0x08006f94                HAL_PWREx_ConfigSupply
 .text.HAL_RCC_OscConfig
                0x08007048      0x8b4 ./Drivers/STM32H7xx_HAL_Driver/stm32h7xx_hal_rcc.o
                0x08007048                HAL_RCC_OscConfig
 .text.HAL_RCC_ClockConfig
                0x080078fc      0x36c ./Drivers/STM32H7xx_HAL_Driver/stm32h7xx_hal_rcc.o
                0x080078fc                HAL_RCC_ClockConfig
 .text.HAL_RCC_GetSysClockFreq
                0x08007c68      0x2f4 ./Drivers/STM32H7xx_HAL_Driver/stm32h7xx_hal_rcc.o
                0x08007c68                HAL_RCC_GetSysClockFreq
 .text.HAL_RCC_GetHCLKFreq
                0x08007f5c       0x60 ./Drivers/STM32H7xx_HAL_Driver/stm32h7xx_hal_rcc.o
                0x08007f5c                HAL_RCC_GetHCLKFreq
 .text.HAL_RCC_GetPCLK1Freq
                0x08007fbc       0x2c ./Drivers/STM32H7xx_HAL_Driver/stm32h7xx_hal_rcc.o
                0x08007fbc                HAL_RCC_GetPCLK1Freq
 .text.HAL_RCC_GetPCLK2Freq
                0x08007fe8       0x2c ./Drivers/STM32H7xx_HAL_Driver/stm32h7xx_hal_rcc.o
                0x08007fe8                HAL_RCC_GetPCLK2Freq
 .text.HAL_RCCEx_PeriphCLKConfig
                0x08008014     0x1414 ./Drivers/STM32H7xx_HAL_Driver/stm32h7xx_hal_rcc_ex.o
                0x08008014                HAL_RCCEx_PeriphCLKConfig
 .text.HAL_RCCEx_GetD3PCLK1Freq
                0x08009428       0x2c ./Drivers/STM32H7xx_HAL_Driver/stm32h7xx_hal_rcc_ex.o
                0x08009428                HAL_RCCEx_GetD3PCLK1Freq
 .text.HAL_RCCEx_GetPLL2ClockFreq
                0x08009454      0x2a8 ./Drivers/STM32H7xx_HAL_Driver/stm32h7xx_hal_rcc_ex.o
                0x08009454                HAL_RCCEx_GetPLL2ClockFreq
 .text.HAL_RCCEx_GetPLL3ClockFreq
                0x080096fc      0x2a8 ./Drivers/STM32H7xx_HAL_Driver/stm32h7xx_hal_rcc_ex.o
                0x080096fc                HAL_RCCEx_GetPLL3ClockFreq
 .text.RCCEx_PLL2_Config
                0x080099a4      0x164 ./Drivers/STM32H7xx_HAL_Driver/stm32h7xx_hal_rcc_ex.o
 .text.RCCEx_PLL3_Config
                0x08009b08      0x164 ./Drivers/STM32H7xx_HAL_Driver/stm32h7xx_hal_rcc_ex.o
 .text.HAL_TIM_PWM_Init
                0x08009c6c       0xae ./Drivers/STM32H7xx_HAL_Driver/stm32h7xx_hal_tim.o
                0x08009c6c                HAL_TIM_PWM_Init
 *fill*         0x08009d1a        0x2 
 .text.HAL_TIM_PWM_Start
                0x08009d1c      0x21c ./Drivers/STM32H7xx_HAL_Driver/stm32h7xx_hal_tim.o
                0x08009d1c                HAL_TIM_PWM_Start
 .text.HAL_TIM_Encoder_Init
                0x08009f38      0x14c ./Drivers/STM32H7xx_HAL_Driver/stm32h7xx_hal_tim.o
                0x08009f38                HAL_TIM_Encoder_Init
 .text.HAL_TIM_Encoder_Start
                0x0800a084      0x11c ./Drivers/STM32H7xx_HAL_Driver/stm32h7xx_hal_tim.o
                0x0800a084                HAL_TIM_Encoder_Start
 .text.HAL_TIM_PWM_ConfigChannel
                0x0800a1a0      0x228 ./Drivers/STM32H7xx_HAL_Driver/stm32h7xx_hal_tim.o
                0x0800a1a0                HAL_TIM_PWM_ConfigChannel
 .text.TIM_Base_SetConfig
                0x0800a3c8      0x140 ./Drivers/STM32H7xx_HAL_Driver/stm32h7xx_hal_tim.o
                0x0800a3c8                TIM_Base_SetConfig
 .text.TIM_OC1_SetConfig
                0x0800a508      0x120 ./Drivers/STM32H7xx_HAL_Driver/stm32h7xx_hal_tim.o
 .text.TIM_OC2_SetConfig
                0x0800a628      0x114 ./Drivers/STM32H7xx_HAL_Driver/stm32h7xx_hal_tim.o
                0x0800a628                TIM_OC2_SetConfig
 .text.TIM_OC3_SetConfig
                0x0800a73c      0x110 ./Drivers/STM32H7xx_HAL_Driver/stm32h7xx_hal_tim.o
 .text.TIM_OC4_SetConfig
                0x0800a84c       0xd4 ./Drivers/STM32H7xx_HAL_Driver/stm32h7xx_hal_tim.o
 .text.TIM_OC5_SetConfig
                0x0800a920       0xc8 ./Drivers/STM32H7xx_HAL_Driver/stm32h7xx_hal_tim.o
 .text.TIM_OC6_SetConfig
                0x0800a9e8       0xcc ./Drivers/STM32H7xx_HAL_Driver/stm32h7xx_hal_tim.o
 .text.TIM_CCxChannelCmd
                0x0800aab4       0x4a ./Drivers/STM32H7xx_HAL_Driver/stm32h7xx_hal_tim.o
                0x0800aab4                TIM_CCxChannelCmd
 *fill*         0x0800aafe        0x2 
 .text.HAL_TIMEx_MasterConfigSynchronization
                0x0800ab00      0x11c ./Drivers/STM32H7xx_HAL_Driver/stm32h7xx_hal_tim_ex.o
                0x0800ab00                HAL_TIMEx_MasterConfigSynchronization
 .text.HAL_UART_Init
                0x0800ac1c       0xa0 ./Drivers/STM32H7xx_HAL_Driver/stm32h7xx_hal_uart.o
                0x0800ac1c                HAL_UART_Init
 .text.HAL_UART_Transmit
                0x0800acbc      0x11c ./Drivers/STM32H7xx_HAL_Driver/stm32h7xx_hal_uart.o
                0x0800acbc                HAL_UART_Transmit
 .text.HAL_UART_Receive_IT
                0x0800add8       0x98 ./Drivers/STM32H7xx_HAL_Driver/stm32h7xx_hal_uart.o
                0x0800add8                HAL_UART_Receive_IT
 .text.HAL_UART_IRQHandler
                0x0800ae70      0x7ac ./Drivers/STM32H7xx_HAL_Driver/stm32h7xx_hal_uart.o
                0x0800ae70                HAL_UART_IRQHandler
 .text.HAL_UART_TxCpltCallback
                0x0800b61c       0x14 ./Drivers/STM32H7xx_HAL_Driver/stm32h7xx_hal_uart.o
                0x0800b61c                HAL_UART_TxCpltCallback
 .text.HAL_UART_ErrorCallback
                0x0800b630       0x14 ./Drivers/STM32H7xx_HAL_Driver/stm32h7xx_hal_uart.o
                0x0800b630                HAL_UART_ErrorCallback
 .text.HAL_UARTEx_RxEventCallback
                0x0800b644       0x18 ./Drivers/STM32H7xx_HAL_Driver/stm32h7xx_hal_uart.o
                0x0800b644                HAL_UARTEx_RxEventCallback
 .text.UART_SetConfig
                0x0800b65c      0xad0 ./Drivers/STM32H7xx_HAL_Driver/stm32h7xx_hal_uart.o
                0x0800b65c                UART_SetConfig
 .text.UART_AdvFeatureConfig
                0x0800c12c      0x144 ./Drivers/STM32H7xx_HAL_Driver/stm32h7xx_hal_uart.o
                0x0800c12c                UART_AdvFeatureConfig
 .text.UART_CheckIdleState
                0x0800c270      0x154 ./Drivers/STM32H7xx_HAL_Driver/stm32h7xx_hal_uart.o
                0x0800c270                UART_CheckIdleState
 .text.UART_WaitOnFlagUntilTimeout
                0x0800c3c4       0xda ./Drivers/STM32H7xx_HAL_Driver/stm32h7xx_hal_uart.o
                0x0800c3c4                UART_WaitOnFlagUntilTimeout
 *fill*         0x0800c49e        0x2 
 .text.UART_Start_Receive_IT
                0x0800c4a0      0x244 ./Drivers/STM32H7xx_HAL_Driver/stm32h7xx_hal_uart.o
                0x0800c4a0                UART_Start_Receive_IT
 .text.UART_EndRxTransfer
                0x0800c6e4       0xcc ./Drivers/STM32H7xx_HAL_Driver/stm32h7xx_hal_uart.o
 .text.UART_DMAAbortOnError
                0x0800c7b0       0x24 ./Drivers/STM32H7xx_HAL_Driver/stm32h7xx_hal_uart.o
 .text.UART_EndTransmit_IT
                0x0800c7d4       0x56 ./Drivers/STM32H7xx_HAL_Driver/stm32h7xx_hal_uart.o
 *fill*         0x0800c82a        0x2 
 .text.UART_RxISR_8BIT
                0x0800c82c      0x1b8 ./Drivers/STM32H7xx_HAL_Driver/stm32h7xx_hal_uart.o
 .text.UART_RxISR_16BIT
                0x0800c9e4      0x1b8 ./Drivers/STM32H7xx_HAL_Driver/stm32h7xx_hal_uart.o
 .text.UART_RxISR_8BIT_FIFOEN
                0x0800cb9c      0x364 ./Drivers/STM32H7xx_HAL_Driver/stm32h7xx_hal_uart.o
 .text.UART_RxISR_16BIT_FIFOEN
                0x0800cf00      0x36c ./Drivers/STM32H7xx_HAL_Driver/stm32h7xx_hal_uart.o
 .text.HAL_UARTEx_WakeupCallback
                0x0800d26c       0x14 ./Drivers/STM32H7xx_HAL_Driver/stm32h7xx_hal_uart_ex.o
                0x0800d26c                HAL_UARTEx_WakeupCallback
 .text.HAL_UARTEx_RxFifoFullCallback
                0x0800d280       0x14 ./Drivers/STM32H7xx_HAL_Driver/stm32h7xx_hal_uart_ex.o
                0x0800d280                HAL_UARTEx_RxFifoFullCallback
 .text.HAL_UARTEx_TxFifoEmptyCallback
                0x0800d294       0x14 ./Drivers/STM32H7xx_HAL_Driver/stm32h7xx_hal_uart_ex.o
                0x0800d294                HAL_UARTEx_TxFifoEmptyCallback
 .text.HAL_UARTEx_DisableFifoMode
                0x0800d2a8       0x72 ./Drivers/STM32H7xx_HAL_Driver/stm32h7xx_hal_uart_ex.o
                0x0800d2a8                HAL_UARTEx_DisableFifoMode
 .text.HAL_UARTEx_SetTxFifoThreshold
                0x0800d31a       0x7c ./Drivers/STM32H7xx_HAL_Driver/stm32h7xx_hal_uart_ex.o
                0x0800d31a                HAL_UARTEx_SetTxFifoThreshold
 .text.HAL_UARTEx_SetRxFifoThreshold
                0x0800d396       0x7c ./Drivers/STM32H7xx_HAL_Driver/stm32h7xx_hal_uart_ex.o
                0x0800d396                HAL_UARTEx_SetRxFifoThreshold
 *fill*         0x0800d412        0x2 
 .text.UARTEx_SetNbDataToProcess
                0x0800d414       0x9c ./Drivers/STM32H7xx_HAL_Driver/stm32h7xx_hal_uart_ex.o
 .text.__NVIC_SetPriority
                0x0800d4b0       0x54 ./Middlewares/Third_Party/FreeRTOS/cmsis_os2.o
 .text.SVC_Setup
                0x0800d504       0x12 ./Middlewares/Third_Party/FreeRTOS/cmsis_os2.o
 *fill*         0x0800d516        0x2 
 .text.osKernelInitialize
                0x0800d518       0x48 ./Middlewares/Third_Party/FreeRTOS/cmsis_os2.o
                0x0800d518                osKernelInitialize
 .text.osKernelStart
                0x0800d560       0x4c ./Middlewares/Third_Party/FreeRTOS/cmsis_os2.o
                0x0800d560                osKernelStart
 .text.osThreadNew
                0x0800d5ac      0x124 ./Middlewares/Third_Party/FreeRTOS/cmsis_os2.o
                0x0800d5ac                osThreadNew
 .text.osDelay  0x0800d6d0       0x36 ./Middlewares/Third_Party/FreeRTOS/cmsis_os2.o
                0x0800d6d0                osDelay
 *fill*         0x0800d706        0x2 
 .text.vApplicationGetIdleTaskMemory
                0x0800d708       0x34 ./Middlewares/Third_Party/FreeRTOS/cmsis_os2.o
                0x0800d708                vApplicationGetIdleTaskMemory
 .text.vApplicationGetTimerTaskMemory
                0x0800d73c       0x34 ./Middlewares/Third_Party/FreeRTOS/cmsis_os2.o
                0x0800d73c                vApplicationGetTimerTaskMemory
 .text.pvPortMalloc
                0x0800d770      0x19c ./Middlewares/Third_Party/FreeRTOS/heap_4.o
                0x0800d770                pvPortMalloc
 .text.vPortFree
                0x0800d90c       0xc8 ./Middlewares/Third_Party/FreeRTOS/heap_4.o
                0x0800d90c                vPortFree
 .text.prvHeapInit
                0x0800d9d4       0xc4 ./Middlewares/Third_Party/FreeRTOS/heap_4.o
 .text.prvInsertBlockIntoFreeList
                0x0800da98       0xb4 ./Middlewares/Third_Party/FreeRTOS/heap_4.o
 .text.vListInitialise
                0x0800db4c       0x40 ./Middlewares/Third_Party/FreeRTOS/list.o
                0x0800db4c                vListInitialise
 .text.vListInitialiseItem
                0x0800db8c       0x1a ./Middlewares/Third_Party/FreeRTOS/list.o
                0x0800db8c                vListInitialiseItem
 .text.vListInsertEnd
                0x0800dba6       0x48 ./Middlewares/Third_Party/FreeRTOS/list.o
                0x0800dba6                vListInsertEnd
 .text.vListInsert
                0x0800dbee       0x72 ./Middlewares/Third_Party/FreeRTOS/list.o
                0x0800dbee                vListInsert
 .text.uxListRemove
                0x0800dc60       0x54 ./Middlewares/Third_Party/FreeRTOS/list.o
                0x0800dc60                uxListRemove
 .text.pxPortInitialiseStack
                0x0800dcb4       0x68 ./Middlewares/Third_Party/FreeRTOS/port.o
                0x0800dcb4                pxPortInitialiseStack
 .text.prvTaskExitError
                0x0800dd1c       0x5c ./Middlewares/Third_Party/FreeRTOS/port.o
 *fill*         0x0800dd78        0x8 
 .text.SVC_Handler
                0x0800dd80       0x28 ./Middlewares/Third_Party/FreeRTOS/port.o
                0x0800dd80                SVC_Handler
 .text.prvPortStartFirstTask
                0x0800dda8       0x28 ./Middlewares/Third_Party/FreeRTOS/port.o
 .text.xPortStartScheduler
                0x0800ddd0      0x148 ./Middlewares/Third_Party/FreeRTOS/port.o
                0x0800ddd0                xPortStartScheduler
 .text.vPortEnterCritical
                0x0800df18       0x64 ./Middlewares/Third_Party/FreeRTOS/port.o
                0x0800df18                vPortEnterCritical
 .text.vPortExitCritical
                0x0800df7c       0x54 ./Middlewares/Third_Party/FreeRTOS/port.o
                0x0800df7c                vPortExitCritical
 .text.PendSV_Handler
                0x0800dfd0       0x68 ./Middlewares/Third_Party/FreeRTOS/port.o
                0x0800dfd0                PendSV_Handler
 .text.xPortSysTickHandler
                0x0800e038       0x44 ./Middlewares/Third_Party/FreeRTOS/port.o
                0x0800e038                xPortSysTickHandler
 .text.vPortSetupTimerInterrupt
                0x0800e07c       0x48 ./Middlewares/Third_Party/FreeRTOS/port.o
                0x0800e07c                vPortSetupTimerInterrupt
 .text.vPortEnableVFP
                0x0800e0c4       0x14 ./Middlewares/Third_Party/FreeRTOS/port.o
 .text.vPortValidateInterruptPriority
                0x0800e0d8       0x84 ./Middlewares/Third_Party/FreeRTOS/port.o
                0x0800e0d8                vPortValidateInterruptPriority
 .text.xQueueGenericReset
                0x0800e15c       0xd4 ./Middlewares/Third_Party/FreeRTOS/queue.o
                0x0800e15c                xQueueGenericReset
 .text.xQueueGenericCreateStatic
                0x0800e230       0xfa ./Middlewares/Third_Party/FreeRTOS/queue.o
                0x0800e230                xQueueGenericCreateStatic
 .text.xQueueGenericCreate
                0x0800e32a       0x76 ./Middlewares/Third_Party/FreeRTOS/queue.o
                0x0800e32a                xQueueGenericCreate
 .text.prvInitialiseNewQueue
                0x0800e3a0       0x46 ./Middlewares/Third_Party/FreeRTOS/queue.o
 .text.prvInitialiseMutex
                0x0800e3e6       0x34 ./Middlewares/Third_Party/FreeRTOS/queue.o
 .text.xQueueCreateMutex
                0x0800e41a       0x30 ./Middlewares/Third_Party/FreeRTOS/queue.o
                0x0800e41a                xQueueCreateMutex
 *fill*         0x0800e44a        0x2 
 .text.xQueueGenericSend
                0x0800e44c      0x204 ./Middlewares/Third_Party/FreeRTOS/queue.o
                0x0800e44c                xQueueGenericSend
 .text.xQueueGenericSendFromISR
                0x0800e650      0x13c ./Middlewares/Third_Party/FreeRTOS/queue.o
                0x0800e650                xQueueGenericSendFromISR
 .text.xQueueReceive
                0x0800e78c      0x1c4 ./Middlewares/Third_Party/FreeRTOS/queue.o
                0x0800e78c                xQueueReceive
 .text.xQueueSemaphoreTake
                0x0800e950      0x220 ./Middlewares/Third_Party/FreeRTOS/queue.o
                0x0800e950                xQueueSemaphoreTake
 .text.prvGetDisinheritPriorityAfterTimeout
                0x0800eb70       0x30 ./Middlewares/Third_Party/FreeRTOS/queue.o
 .text.prvCopyDataToQueue
                0x0800eba0       0xd4 ./Middlewares/Third_Party/FreeRTOS/queue.o
 .text.prvCopyDataFromQueue
                0x0800ec74       0x4c ./Middlewares/Third_Party/FreeRTOS/queue.o
 .text.prvUnlockQueue
                0x0800ecc0       0xa4 ./Middlewares/Third_Party/FreeRTOS/queue.o
 .text.prvIsQueueEmpty
                0x0800ed64       0x2c ./Middlewares/Third_Party/FreeRTOS/queue.o
 .text.prvIsQueueFull
                0x0800ed90       0x30 ./Middlewares/Third_Party/FreeRTOS/queue.o
 .text.vQueueAddToRegistry
                0x0800edc0       0x54 ./Middlewares/Third_Party/FreeRTOS/queue.o
                0x0800edc0                vQueueAddToRegistry
 .text.vQueueWaitForMessageRestricted
                0x0800ee14       0x68 ./Middlewares/Third_Party/FreeRTOS/queue.o
                0x0800ee14                vQueueWaitForMessageRestricted
 .text.xTaskCreateStatic
                0x0800ee7c       0xc0 ./Middlewares/Third_Party/FreeRTOS/tasks.o
                0x0800ee7c                xTaskCreateStatic
 .text.xTaskCreate
                0x0800ef3c       0x8a ./Middlewares/Third_Party/FreeRTOS/tasks.o
                0x0800ef3c                xTaskCreate
 *fill*         0x0800efc6        0x2 
 .text.prvInitialiseNewTask
                0x0800efc8      0x150 ./Middlewares/Third_Party/FreeRTOS/tasks.o
 .text.prvAddNewTaskToReadyList
                0x0800f118       0xe0 ./Middlewares/Third_Party/FreeRTOS/tasks.o
 .text.vTaskDelayUntil
                0x0800f1f8      0x100 ./Middlewares/Third_Party/FreeRTOS/tasks.o
                0x0800f1f8                vTaskDelayUntil
 .text.vTaskDelay
                0x0800f2f8       0x6c ./Middlewares/Third_Party/FreeRTOS/tasks.o
                0x0800f2f8                vTaskDelay
 .text.vTaskStartScheduler
                0x0800f364       0xe0 ./Middlewares/Third_Party/FreeRTOS/tasks.o
                0x0800f364                vTaskStartScheduler
 .text.vTaskSuspendAll
                0x0800f444       0x1c ./Middlewares/Third_Party/FreeRTOS/tasks.o
                0x0800f444                vTaskSuspendAll
 .text.xTaskResumeAll
                0x0800f460      0x13c ./Middlewares/Third_Party/FreeRTOS/tasks.o
                0x0800f460                xTaskResumeAll
 .text.xTaskGetTickCount
                0x0800f59c       0x20 ./Middlewares/Third_Party/FreeRTOS/tasks.o
                0x0800f59c                xTaskGetTickCount
 .text.xTaskIncrementTick
                0x0800f5bc      0x174 ./Middlewares/Third_Party/FreeRTOS/tasks.o
                0x0800f5bc                xTaskIncrementTick
 .text.vTaskSwitchContext
                0x0800f730      0x114 ./Middlewares/Third_Party/FreeRTOS/tasks.o
                0x0800f730                vTaskSwitchContext
 .text.vTaskPlaceOnEventList
                0x0800f844       0x4c ./Middlewares/Third_Party/FreeRTOS/tasks.o
                0x0800f844                vTaskPlaceOnEventList
 .text.vTaskPlaceOnEventListRestricted
                0x0800f890       0x58 ./Middlewares/Third_Party/FreeRTOS/tasks.o
                0x0800f890                vTaskPlaceOnEventListRestricted
 .text.xTaskRemoveFromEventList
                0x0800f8e8       0xc8 ./Middlewares/Third_Party/FreeRTOS/tasks.o
                0x0800f8e8                xTaskRemoveFromEventList
 .text.vTaskInternalSetTimeOutState
                0x0800f9b0       0x2c ./Middlewares/Third_Party/FreeRTOS/tasks.o
                0x0800f9b0                vTaskInternalSetTimeOutState
 .text.xTaskCheckForTimeOut
                0x0800f9dc       0xc8 ./Middlewares/Third_Party/FreeRTOS/tasks.o
                0x0800f9dc                xTaskCheckForTimeOut
 .text.vTaskMissedYield
                0x0800faa4       0x18 ./Middlewares/Third_Party/FreeRTOS/tasks.o
                0x0800faa4                vTaskMissedYield
 .text.prvIdleTask
                0x0800fabc       0x30 ./Middlewares/Third_Party/FreeRTOS/tasks.o
 .text.prvInitialiseTaskLists
                0x0800faec       0x80 ./Middlewares/Third_Party/FreeRTOS/tasks.o
 .text.prvCheckTasksWaitingTermination
                0x0800fb6c       0x5c ./Middlewares/Third_Party/FreeRTOS/tasks.o
 .text.prvDeleteTCB
                0x0800fbc8       0x6a ./Middlewares/Third_Party/FreeRTOS/tasks.o
 *fill*         0x0800fc32        0x2 
 .text.prvResetNextTaskUnblockTime
                0x0800fc34       0x40 ./Middlewares/Third_Party/FreeRTOS/tasks.o
 .text.xTaskGetSchedulerState
                0x0800fc74       0x3c ./Middlewares/Third_Party/FreeRTOS/tasks.o
                0x0800fc74                xTaskGetSchedulerState
 .text.xTaskPriorityInherit
                0x0800fcb0       0xd0 ./Middlewares/Third_Party/FreeRTOS/tasks.o
                0x0800fcb0                xTaskPriorityInherit
 .text.xTaskPriorityDisinherit
                0x0800fd80       0xe0 ./Middlewares/Third_Party/FreeRTOS/tasks.o
                0x0800fd80                xTaskPriorityDisinherit
 .text.vTaskPriorityDisinheritAfterTimeout
                0x0800fe60      0x108 ./Middlewares/Third_Party/FreeRTOS/tasks.o
                0x0800fe60                vTaskPriorityDisinheritAfterTimeout
 .text.pvTaskIncrementMutexHeldCount
                0x0800ff68       0x28 ./Middlewares/Third_Party/FreeRTOS/tasks.o
                0x0800ff68                pvTaskIncrementMutexHeldCount
 .text.ulTaskNotifyTake
                0x0800ff90       0x98 ./Middlewares/Third_Party/FreeRTOS/tasks.o
                0x0800ff90                ulTaskNotifyTake
 .text.vTaskNotifyGiveFromISR
                0x08010028      0x12c ./Middlewares/Third_Party/FreeRTOS/tasks.o
                0x08010028                vTaskNotifyGiveFromISR
 .text.prvAddCurrentTaskToDelayedList
                0x08010154       0xa8 ./Middlewares/Third_Party/FreeRTOS/tasks.o
 .text.xTimerCreateTimerTask
                0x080101fc       0x94 ./Middlewares/Third_Party/FreeRTOS/timers.o
                0x080101fc                xTimerCreateTimerTask
 .text.xTimerGenericCommand
                0x08010290       0x9c ./Middlewares/Third_Party/FreeRTOS/timers.o
                0x08010290                xTimerGenericCommand
 .text.prvProcessExpiredTimer
                0x0801032c       0x9c ./Middlewares/Third_Party/FreeRTOS/timers.o
 .text.prvTimerTask
                0x080103c8       0x26 ./Middlewares/Third_Party/FreeRTOS/timers.o
 *fill*         0x080103ee        0x2 
 .text.prvProcessTimerOrBlockTask
                0x080103f0       0x9c ./Middlewares/Third_Party/FreeRTOS/timers.o
 .text.prvGetNextExpireTime
                0x0801048c       0x48 ./Middlewares/Third_Party/FreeRTOS/timers.o
 .text.prvSampleTimeNow
                0x080104d4       0x40 ./Middlewares/Third_Party/FreeRTOS/timers.o
 .text.prvInsertTimerInActiveList
                0x08010514       0x84 ./Middlewares/Third_Party/FreeRTOS/timers.o
 .text.prvProcessReceivedCommands
                0x08010598      0x1cc ./Middlewares/Third_Party/FreeRTOS/timers.o
 .text.prvSwitchTimerLists
                0x08010764       0xcc ./Middlewares/Third_Party/FreeRTOS/timers.o
 .text.prvCheckForValidListAndQueue
                0x08010830       0x80 ./Middlewares/Third_Party/FreeRTOS/timers.o
 .text.malloc   0x080108b0       0x10 C:/ST/STM32CubeIDE_2.0.0/STM32CubeIDE/plugins/com.st.stm32cube.ide.mcu.externaltools.gnu-tools-for-stm32.13.3.rel1.win32_1.0.100.202509120712/tools/bin/../lib/gcc/arm-none-eabi/13.3.1/../../../../arm-none-eabi/lib/thumb/v7e-m+dp/hard\libc_nano.a(libc_a-malloc.o)
                0x080108b0                malloc
 .text.sbrk_aligned
                0x080108c0       0x44 C:/ST/STM32CubeIDE_2.0.0/STM32CubeIDE/plugins/com.st.stm32cube.ide.mcu.externaltools.gnu-tools-for-stm32.13.3.rel1.win32_1.0.100.202509120712/tools/bin/../lib/gcc/arm-none-eabi/13.3.1/../../../../arm-none-eabi/lib/thumb/v7e-m+dp/hard\libc_nano.a(libc_a-mallocr.o)
 .text._malloc_r
                0x08010904      0x100 C:/ST/STM32CubeIDE_2.0.0/STM32CubeIDE/plugins/com.st.stm32cube.ide.mcu.externaltools.gnu-tools-for-stm32.13.3.rel1.win32_1.0.100.202509120712/tools/bin/../lib/gcc/arm-none-eabi/13.3.1/../../../../arm-none-eabi/lib/thumb/v7e-m+dp/hard\libc_nano.a(libc_a-mallocr.o)
                0x08010904                _malloc_r
 .text.__malloc_lock
                0x08010a04        0xc C:/ST/STM32CubeIDE_2.0.0/STM32CubeIDE/plugins/com.st.stm32cube.ide.mcu.externaltools.gnu-tools-for-stm32.13.3.rel1.win32_1.0.100.202509120712/tools/bin/../lib/gcc/arm-none-eabi/13.3.1/../../../../arm-none-eabi/lib/thumb/v7e-m+dp/hard\libc_nano.a(libc_a-mlock.o)
                0x08010a04                __malloc_lock
 .text.__malloc_unlock
                0x08010a10        0xc C:/ST/STM32CubeIDE_2.0.0/STM32CubeIDE/plugins/com.st.stm32cube.ide.mcu.externaltools.gnu-tools-for-stm32.13.3.rel1.win32_1.0.100.202509120712/tools/bin/../lib/gcc/arm-none-eabi/13.3.1/../../../../arm-none-eabi/lib/thumb/v7e-m+dp/hard\libc_nano.a(libc_a-mlock.o)
                0x08010a10                __malloc_unlock
 .text.sulp     0x08010a1c       0x34 C:/ST/STM32CubeIDE_2.0.0/STM32CubeIDE/plugins/com.st.stm32cube.ide.mcu.externaltools.gnu-tools-for-stm32.13.3.rel1.win32_1.0.100.202509120712/tools/bin/../lib/gcc/arm-none-eabi/13.3.1/../../../../arm-none-eabi/lib/thumb/v7e-m+dp/hard\libc_nano.a(libc_a-strtod.o)
 .text._strtod_l
                0x08010a50      0xb34 C:/ST/STM32CubeIDE_2.0.0/STM32CubeIDE/plugins/com.st.stm32cube.ide.mcu.externaltools.gnu-tools-for-stm32.13.3.rel1.win32_1.0.100.202509120712/tools/bin/../lib/gcc/arm-none-eabi/13.3.1/../../../../arm-none-eabi/lib/thumb/v7e-m+dp/hard\libc_nano.a(libc_a-strtod.o)
                0x08010a50                _strtod_l
 .text._strtod_r
                0x08011584        0xc C:/ST/STM32CubeIDE_2.0.0/STM32CubeIDE/plugins/com.st.stm32cube.ide.mcu.externaltools.gnu-tools-for-stm32.13.3.rel1.win32_1.0.100.202509120712/tools/bin/../lib/gcc/arm-none-eabi/13.3.1/../../../../arm-none-eabi/lib/thumb/v7e-m+dp/hard\libc_nano.a(libc_a-strtod.o)
                0x08011584                _strtod_r
 .text.strtof   0x08011590       0x9c C:/ST/STM32CubeIDE_2.0.0/STM32CubeIDE/plugins/com.st.stm32cube.ide.mcu.externaltools.gnu-tools-for-stm32.13.3.rel1.win32_1.0.100.202509120712/tools/bin/../lib/gcc/arm-none-eabi/13.3.1/../../../../arm-none-eabi/lib/thumb/v7e-m+dp/hard\libc_nano.a(libc_a-strtod.o)
                0x08011590                strtof
 .text._strtoul_l.isra.0
                0x0801162c       0xdc C:/ST/STM32CubeIDE_2.0.0/STM32CubeIDE/plugins/com.st.stm32cube.ide.mcu.externaltools.gnu-tools-for-stm32.13.3.rel1.win32_1.0.100.202509120712/tools/bin/../lib/gcc/arm-none-eabi/13.3.1/../../../../arm-none-eabi/lib/thumb/v7e-m+dp/hard\libc_nano.a(libc_a-strtoul.o)
 .text.strtoul  0x08011708       0x14 C:/ST/STM32CubeIDE_2.0.0/STM32CubeIDE/plugins/com.st.stm32cube.ide.mcu.externaltools.gnu-tools-for-stm32.13.3.rel1.win32_1.0.100.202509120712/tools/bin/../lib/gcc/arm-none-eabi/13.3.1/../../../../arm-none-eabi/lib/thumb/v7e-m+dp/hard\libc_nano.a(libc_a-strtoul.o)
                0x08011708                strtoul
 .text.__cvt    0x0801171c       0xa8 C:/ST/STM32CubeIDE_2.0.0/STM32CubeIDE/plugins/com.st.stm32cube.ide.mcu.externaltools.gnu-tools-for-stm32.13.3.rel1.win32_1.0.100.202509120712/tools/bin/../lib/gcc/arm-none-eabi/13.3.1/../../../../arm-none-eabi/lib/thumb/v7e-m+dp/hard\libc_nano.a(libc_a-nano-vfprintf_float.o)
                0x0801171c                __cvt
 .text.__exponent
                0x080117c4       0x74 C:/ST/STM32CubeIDE_2.0.0/STM32CubeIDE/plugins/com.st.stm32cube.ide.mcu.externaltools.gnu-tools-for-stm32.13.3.rel1.win32_1.0.100.202509120712/tools/bin/../lib/gcc/arm-none-eabi/13.3.1/../../../../arm-none-eabi/lib/thumb/v7e-m+dp/hard\libc_nano.a(libc_a-nano-vfprintf_float.o)
                0x080117c4                __exponent
 .text._printf_float
                0x08011838      0x434 C:/ST/STM32CubeIDE_2.0.0/STM32CubeIDE/plugins/com.st.stm32cube.ide.mcu.externaltools.gnu-tools-for-stm32.13.3.rel1.win32_1.0.100.202509120712/tools/bin/../lib/gcc/arm-none-eabi/13.3.1/../../../../arm-none-eabi/lib/thumb/v7e-m+dp/hard\libc_nano.a(libc_a-nano-vfprintf_float.o)
                0x08011838                _printf_float
 .text._printf_common
                0x08011c6c       0xda C:/ST/STM32CubeIDE_2.0.0/STM32CubeIDE/plugins/com.st.stm32cube.ide.mcu.externaltools.gnu-tools-for-stm32.13.3.rel1.win32_1.0.100.202509120712/tools/bin/../lib/gcc/arm-none-eabi/13.3.1/../../../../arm-none-eabi/lib/thumb/v7e-m+dp/hard\libc_nano.a(libc_a-nano-vfprintf_i.o)
                0x08011c6c                _printf_common
 *fill*         0x08011d46        0x2 
 .text._printf_i
                0x08011d48      0x23c C:/ST/STM32CubeIDE_2.0.0/STM32CubeIDE/plugins/com.st.stm32cube.ide.mcu.externaltools.gnu-tools-for-stm32.13.3.rel1.win32_1.0.100.202509120712/tools/bin/../lib/gcc/arm-none-eabi/13.3.1/../../../../arm-none-eabi/lib/thumb/v7e-m+dp/hard\libc_nano.a(libc_a-nano-vfprintf_i.o)
                0x08011d48                _printf_i
 .text._scanf_float
                0x08011f84      0x40c C:/ST/STM32CubeIDE_2.0.0/STM32CubeIDE/plugins/com.st.stm32cube.ide.mcu.externaltools.gnu-tools-for-stm32.13.3.rel1.win32_1.0.100.202509120712/tools/bin/../lib/gcc/arm-none-eabi/13.3.1/../../../../arm-none-eabi/lib/thumb/v7e-m+dp/hard\libc_nano.a(libc_a-nano-vfscanf_float.o)
                0x08011f84                _scanf_float
 .text.std      0x08012390       0x6c C:/ST/STM32CubeIDE_2.0.0/STM32CubeIDE/plugins/com.st.stm32cube.ide.mcu.externaltools.gnu-tools-for-stm32.13.3.rel1.win32_1.0.100.202509120712/tools/bin/../lib/gcc/arm-none-eabi/13.3.1/../../../../arm-none-eabi/lib/thumb/v7e-m+dp/hard\libc_nano.a(libc_a-findfp.o)
 .text.stdio_exit_handler
                0x080123fc       0x18 C:/ST/STM32CubeIDE_2.0.0/STM32CubeIDE/plugins/com.st.stm32cube.ide.mcu.externaltools.gnu-tools-for-stm32.13.3.rel1.win32_1.0.100.202509120712/tools/bin/../lib/gcc/arm-none-eabi/13.3.1/../../../../arm-none-eabi/lib/thumb/v7e-m+dp/hard\libc_nano.a(libc_a-findfp.o)
 .text.cleanup_stdio
                0x08012414       0x40 C:/ST/STM32CubeIDE_2.0.0/STM32CubeIDE/plugins/com.st.stm32cube.ide.mcu.externaltools.gnu-tools-for-stm32.13.3.rel1.win32_1.0.100.202509120712/tools/bin/../lib/gcc/arm-none-eabi/13.3.1/../../../../arm-none-eabi/lib/thumb/v7e-m+dp/hard\libc_nano.a(libc_a-findfp.o)
 .text.global_stdio_init.part.0
                0x08012454       0x3c C:/ST/STM32CubeIDE_2.0.0/STM32CubeIDE/plugins/com.st.stm32cube.ide.mcu.externaltools.gnu-tools-for-stm32.13.3.rel1.win32_1.0.100.202509120712/tools/bin/../lib/gcc/arm-none-eabi/13.3.1/../../../../arm-none-eabi/lib/thumb/v7e-m+dp/hard\libc_nano.a(libc_a-findfp.o)
 .text.__sfp_lock_acquire
                0x08012490        0xc C:/ST/STM32CubeIDE_2.0.0/STM32CubeIDE/plugins/com.st.stm32cube.ide.mcu.externaltools.gnu-tools-for-stm32.13.3.rel1.win32_1.0.100.202509120712/tools/bin/../lib/gcc/arm-none-eabi/13.3.1/../../../../arm-none-eabi/lib/thumb/v7e-m+dp/hard\libc_nano.a(libc_a-findfp.o)
                0x08012490                __sfp_lock_acquire
 .text.__sfp_lock_release
                0x0801249c        0xc C:/ST/STM32CubeIDE_2.0.0/STM32CubeIDE/plugins/com.st.stm32cube.ide.mcu.externaltools.gnu-tools-for-stm32.13.3.rel1.win32_1.0.100.202509120712/tools/bin/../lib/gcc/arm-none-eabi/13.3.1/../../../../arm-none-eabi/lib/thumb/v7e-m+dp/hard\libc_nano.a(libc_a-findfp.o)
                0x0801249c                __sfp_lock_release
 .text.__sinit  0x080124a8       0x30 C:/ST/STM32CubeIDE_2.0.0/STM32CubeIDE/plugins/com.st.stm32cube.ide.mcu.externaltools.gnu-tools-for-stm32.13.3.rel1.win32_1.0.100.202509120712/tools/bin/../lib/gcc/arm-none-eabi/13.3.1/../../../../arm-none-eabi/lib/thumb/v7e-m+dp/hard\libc_nano.a(libc_a-findfp.o)
                0x080124a8                __sinit
 .text._fwalk_sglue
                0x080124d8       0x3c C:/ST/STM32CubeIDE_2.0.0/STM32CubeIDE/plugins/com.st.stm32cube.ide.mcu.externaltools.gnu-tools-for-stm32.13.3.rel1.win32_1.0.100.202509120712/tools/bin/../lib/gcc/arm-none-eabi/13.3.1/../../../../arm-none-eabi/lib/thumb/v7e-m+dp/hard\libc_nano.a(libc_a-fwalk.o)
                0x080124d8                _fwalk_sglue
 .text.printf   0x08012514       0x24 C:/ST/STM32CubeIDE_2.0.0/STM32CubeIDE/plugins/com.st.stm32cube.ide.mcu.externaltools.gnu-tools-for-stm32.13.3.rel1.win32_1.0.100.202509120712/tools/bin/../lib/gcc/arm-none-eabi/13.3.1/../../../../arm-none-eabi/lib/thumb/v7e-m+dp/hard\libc_nano.a(libc_a-printf.o)
                0x08012514                iprintf
                0x08012514                printf
 .text._puts_r  0x08012538       0xaa C:/ST/STM32CubeIDE_2.0.0/STM32CubeIDE/plugins/com.st.stm32cube.ide.mcu.externaltools.gnu-tools-for-stm32.13.3.rel1.win32_1.0.100.202509120712/tools/bin/../lib/gcc/arm-none-eabi/13.3.1/../../../../arm-none-eabi/lib/thumb/v7e-m+dp/hard\libc_nano.a(libc_a-puts.o)
                0x08012538                _puts_r
 *fill*         0x080125e2        0x2 
 .text.puts     0x080125e4       0x10 C:/ST/STM32CubeIDE_2.0.0/STM32CubeIDE/plugins/com.st.stm32cube.ide.mcu.externaltools.gnu-tools-for-stm32.13.3.rel1.win32_1.0.100.202509120712/tools/bin/../lib/gcc/arm-none-eabi/13.3.1/../../../../arm-none-eabi/lib/thumb/v7e-m+dp/hard\libc_nano.a(libc_a-puts.o)
                0x080125e4                puts
 .text.sprintf  0x080125f4       0x44 C:/ST/STM32CubeIDE_2.0.0/STM32CubeIDE/plugins/com.st.stm32cube.ide.mcu.externaltools.gnu-tools-for-stm32.13.3.rel1.win32_1.0.100.202509120712/tools/bin/../lib/gcc/arm-none-eabi/13.3.1/../../../../arm-none-eabi/lib/thumb/v7e-m+dp/hard\libc_nano.a(libc_a-sprintf.o)
                0x080125f4                siprintf
                0x080125f4                sprintf
 .text.__sread  0x08012638       0x22 C:/ST/STM32CubeIDE_2.0.0/STM32CubeIDE/plugins/com.st.stm32cube.ide.mcu.externaltools.gnu-tools-for-stm32.13.3.rel1.win32_1.0.100.202509120712/tools/bin/../lib/gcc/arm-none-eabi/13.3.1/../../../../arm-none-eabi/lib/thumb/v7e-m+dp/hard\libc_nano.a(libc_a-stdio.o)
                0x08012638                __sread
 .text.__swrite
                0x0801265a       0x38 C:/ST/STM32CubeIDE_2.0.0/STM32CubeIDE/plugins/com.st.stm32cube.ide.mcu.externaltools.gnu-tools-for-stm32.13.3.rel1.win32_1.0.100.202509120712/tools/bin/../lib/gcc/arm-none-eabi/13.3.1/../../../../arm-none-eabi/lib/thumb/v7e-m+dp/hard\libc_nano.a(libc_a-stdio.o)
                0x0801265a                __swrite
 .text.__sseek  0x08012692       0x24 C:/ST/STM32CubeIDE_2.0.0/STM32CubeIDE/plugins/com.st.stm32cube.ide.mcu.externaltools.gnu-tools-for-stm32.13.3.rel1.win32_1.0.100.202509120712/tools/bin/../lib/gcc/arm-none-eabi/13.3.1/../../../../arm-none-eabi/lib/thumb/v7e-m+dp/hard\libc_nano.a(libc_a-stdio.o)
                0x08012692                __sseek
 .text.__sclose
                0x080126b6        0x8 C:/ST/STM32CubeIDE_2.0.0/STM32CubeIDE/plugins/com.st.stm32cube.ide.mcu.externaltools.gnu-tools-for-stm32.13.3.rel1.win32_1.0.100.202509120712/tools/bin/../lib/gcc/arm-none-eabi/13.3.1/../../../../arm-none-eabi/lib/thumb/v7e-m+dp/hard\libc_nano.a(libc_a-stdio.o)
                0x080126b6                __sclose
 .text._vsnprintf_r
                0x080126be       0x5c C:/ST/STM32CubeIDE_2.0.0/STM32CubeIDE/plugins/com.st.stm32cube.ide.mcu.externaltools.gnu-tools-for-stm32.13.3.rel1.win32_1.0.100.202509120712/tools/bin/../lib/gcc/arm-none-eabi/13.3.1/../../../../arm-none-eabi/lib/thumb/v7e-m+dp/hard\libc_nano.a(libc_a-vsnprintf.o)
                0x080126be                _vsniprintf_r
                0x080126be                _vsnprintf_r
 *fill*         0x0801271a        0x2 
 .text.vsnprintf
                0x0801271c       0x1c C:/ST/STM32CubeIDE_2.0.0/STM32CubeIDE/plugins/com.st.stm32cube.ide.mcu.externaltools.gnu-tools-for-stm32.13.3.rel1.win32_1.0.100.202509120712/tools/bin/../lib/gcc/arm-none-eabi/13.3.1/../../../../arm-none-eabi/lib/thumb/v7e-m+dp/hard\libc_nano.a(libc_a-vsnprintf.o)
                0x0801271c                vsniprintf
                0x0801271c                vsnprintf
 .text.__swbuf_r
                0x08012738       0x7c C:/ST/STM32CubeIDE_2.0.0/STM32CubeIDE/plugins/com.st.stm32cube.ide.mcu.externaltools.gnu-tools-for-stm32.13.3.rel1.win32_1.0.100.202509120712/tools/bin/../lib/gcc/arm-none-eabi/13.3.1/../../../../arm-none-eabi/lib/thumb/v7e-m+dp/hard\libc_nano.a(libc_a-wbuf.o)
                0x08012738                __swbuf_r
 .text.__swsetup_r
                0x080127b4       0xac C:/ST/STM32CubeIDE_2.0.0/STM32CubeIDE/plugins/com.st.stm32cube.ide.mcu.externaltools.gnu-tools-for-stm32.13.3.rel1.win32_1.0.100.202509120712/tools/bin/../lib/gcc/arm-none-eabi/13.3.1/../../../../arm-none-eabi/lib/thumb/v7e-m+dp/hard\libc_nano.a(libc_a-wsetup.o)
                0x080127b4                __swsetup_r
 .text.memset   0x08012860       0x10 C:/ST/STM32CubeIDE_2.0.0/STM32CubeIDE/plugins/com.st.stm32cube.ide.mcu.externaltools.gnu-tools-for-stm32.13.3.rel1.win32_1.0.100.202509120712/tools/bin/../lib/gcc/arm-none-eabi/13.3.1/../../../../arm-none-eabi/lib/thumb/v7e-m+dp/hard\libc_nano.a(libc_a-memset.o)
                0x08012860                memset
 .text.strncmp  0x08012870       0x24 C:/ST/STM32CubeIDE_2.0.0/STM32CubeIDE/plugins/com.st.stm32cube.ide.mcu.externaltools.gnu-tools-for-stm32.13.3.rel1.win32_1.0.100.202509120712/tools/bin/../lib/gcc/arm-none-eabi/13.3.1/../../../../arm-none-eabi/lib/thumb/v7e-m+dp/hard\libc_nano.a(libc_a-strncmp.o)
                0x08012870                strncmp
 .text._localeconv_r
                0x08012894        0x8 C:/ST/STM32CubeIDE_2.0.0/STM32CubeIDE/plugins/com.st.stm32cube.ide.mcu.externaltools.gnu-tools-for-stm32.13.3.rel1.win32_1.0.100.202509120712/tools/bin/../lib/gcc/arm-none-eabi/13.3.1/../../../../arm-none-eabi/lib/thumb/v7e-m+dp/hard\libc_nano.a(libc_a-localeconv.o)
                0x08012894                _localeconv_r
 .text._close_r
                0x0801289c       0x20 C:/ST/STM32CubeIDE_2.0.0/STM32CubeIDE/plugins/com.st.stm32cube.ide.mcu.externaltools.gnu-tools-for-stm32.13.3.rel1.win32_1.0.100.202509120712/tools/bin/../lib/gcc/arm-none-eabi/13.3.1/../../../../arm-none-eabi/lib/thumb/v7e-m+dp/hard\libc_nano.a(libc_a-closer.o)
                0x0801289c                _close_r
 .text._reclaim_reent
                0x080128bc       0xbc C:/ST/STM32CubeIDE_2.0.0/STM32CubeIDE/plugins/com.st.stm32cube.ide.mcu.externaltools.gnu-tools-for-stm32.13.3.rel1.win32_1.0.100.202509120712/tools/bin/../lib/gcc/arm-none-eabi/13.3.1/../../../../arm-none-eabi/lib/thumb/v7e-m+dp/hard\libc_nano.a(libc_a-reent.o)
                0x080128bc                _reclaim_reent
 .text._lseek_r
                0x08012978       0x24 C:/ST/STM32CubeIDE_2.0.0/STM32CubeIDE/plugins/com.st.stm32cube.ide.mcu.externaltools.gnu-tools-for-stm32.13.3.rel1.win32_1.0.100.202509120712/tools/bin/../lib/gcc/arm-none-eabi/13.3.1/../../../../arm-none-eabi/lib/thumb/v7e-m+dp/hard\libc_nano.a(libc_a-lseekr.o)
                0x08012978                _lseek_r
 .text._read_r  0x0801299c       0x24 C:/ST/STM32CubeIDE_2.0.0/STM32CubeIDE/plugins/com.st.stm32cube.ide.mcu.externaltools.gnu-tools-for-stm32.13.3.rel1.win32_1.0.100.202509120712/tools/bin/../lib/gcc/arm-none-eabi/13.3.1/../../../../arm-none-eabi/lib/thumb/v7e-m+dp/hard\libc_nano.a(libc_a-readr.o)
                0x0801299c                _read_r
 .text._sbrk_r  0x080129c0       0x20 C:/ST/STM32CubeIDE_2.0.0/STM32CubeIDE/plugins/com.st.stm32cube.ide.mcu.externaltools.gnu-tools-for-stm32.13.3.rel1.win32_1.0.100.202509120712/tools/bin/../lib/gcc/arm-none-eabi/13.3.1/../../../../arm-none-eabi/lib/thumb/v7e-m+dp/hard\libc_nano.a(libc_a-sbrkr.o)
                0x080129c0                _sbrk_r
 .text._write_r
                0x080129e0       0x24 C:/ST/STM32CubeIDE_2.0.0/STM32CubeIDE/plugins/com.st.stm32cube.ide.mcu.externaltools.gnu-tools-for-stm32.13.3.rel1.win32_1.0.100.202509120712/tools/bin/../lib/gcc/arm-none-eabi/13.3.1/../../../../arm-none-eabi/lib/thumb/v7e-m+dp/hard\libc_nano.a(libc_a-writer.o)
                0x080129e0                _write_r
 .text.__errno  0x08012a04        0xc C:/ST/STM32CubeIDE_2.0.0/STM32CubeIDE/plugins/com.st.stm32cube.ide.mcu.externaltools.gnu-tools-for-stm32.13.3.rel1.win32_1.0.100.202509120712/tools/bin/../lib/gcc/arm-none-eabi/13.3.1/../../../../arm-none-eabi/lib/thumb/v7e-m+dp/hard\libc_nano.a(libc_a-errno.o)
                0x08012a04                __errno
 .text.__libc_init_array
                0x08012a10       0x48 C:/ST/STM32CubeIDE_2.0.0/STM32CubeIDE/plugins/com.st.stm32cube.ide.mcu.externaltools.gnu-tools-for-stm32.13.3.rel1.win32_1.0.100.202509120712/tools/bin/../lib/gcc/arm-none-eabi/13.3.1/../../../../arm-none-eabi/lib/thumb/v7e-m+dp/hard\libc_nano.a(libc_a-init.o)
                0x08012a10                __libc_init_array
 .text.memcpy   0x08012a58       0x1c C:/ST/STM32CubeIDE_2.0.0/STM32CubeIDE/plugins/com.st.stm32cube.ide.mcu.externaltools.gnu-tools-for-stm32.13.3.rel1.win32_1.0.100.202509120712/tools/bin/../lib/gcc/arm-none-eabi/13.3.1/../../../../arm-none-eabi/lib/thumb/v7e-m+dp/hard\libc_nano.a(libc_a-memcpy-stub.o)
                0x08012a58                memcpy
 *fill*         0x08012a74        0x4 
 .text.nan      0x08012a78       0x10 C:/ST/STM32CubeIDE_2.0.0/STM32CubeIDE/plugins/com.st.stm32cube.ide.mcu.externaltools.gnu-tools-for-stm32.13.3.rel1.win32_1.0.100.202509120712/tools/bin/../lib/gcc/arm-none-eabi/13.3.1/../../../../arm-none-eabi/lib/thumb/v7e-m+dp/hard\libc_nano.a(libm_a-s_nan.o)
                0x08012a78                nan
 .text.nanf     0x08012a88        0xc C:/ST/STM32CubeIDE_2.0.0/STM32CubeIDE/plugins/com.st.stm32cube.ide.mcu.externaltools.gnu-tools-for-stm32.13.3.rel1.win32_1.0.100.202509120712/tools/bin/../lib/gcc/arm-none-eabi/13.3.1/../../../../arm-none-eabi/lib/thumb/v7e-m+dp/hard\libc_nano.a(libm_a-sf_nan.o)
                0x08012a88                nanf
 .text.quorem   0x08012a94      0x110 C:/ST/STM32CubeIDE_2.0.0/STM32CubeIDE/plugins/com.st.stm32cube.ide.mcu.externaltools.gnu-tools-for-stm32.13.3.rel1.win32_1.0.100.202509120712/tools/bin/../lib/gcc/arm-none-eabi/13.3.1/../../../../arm-none-eabi/lib/thumb/v7e-m+dp/hard\libc_nano.a(libc_a-dtoa.o)
 *fill*         0x08012ba4        0x4 
 .text._dtoa_r  0x08012ba8      0xabc C:/ST/STM32CubeIDE_2.0.0/STM32CubeIDE/plugins/com.st.stm32cube.ide.mcu.externaltools.gnu-tools-for-stm32.13.3.rel1.win32_1.0.100.202509120712/tools/bin/../lib/gcc/arm-none-eabi/13.3.1/../../../../arm-none-eabi/lib/thumb/v7e-m+dp/hard\libc_nano.a(libc_a-dtoa.o)
                0x08012ba8                _dtoa_r
 .text._free_r  0x08013664       0x94 C:/ST/STM32CubeIDE_2.0.0/STM32CubeIDE/plugins/com.st.stm32cube.ide.mcu.externaltools.gnu-tools-for-stm32.13.3.rel1.win32_1.0.100.202509120712/tools/bin/../lib/gcc/arm-none-eabi/13.3.1/../../../../arm-none-eabi/lib/thumb/v7e-m+dp/hard\libc_nano.a(libc_a-freer.o)
                0x08013664                _free_r
 .text.rshift   0x080136f8       0xa4 C:/ST/STM32CubeIDE_2.0.0/STM32CubeIDE/plugins/com.st.stm32cube.ide.mcu.externaltools.gnu-tools-for-stm32.13.3.rel1.win32_1.0.100.202509120712/tools/bin/../lib/gcc/arm-none-eabi/13.3.1/../../../../arm-none-eabi/lib/thumb/v7e-m+dp/hard\libc_nano.a(libc_a-gdtoa-gethex.o)
 .text.__hexdig_fun
                0x0801379c       0x2a C:/ST/STM32CubeIDE_2.0.0/STM32CubeIDE/plugins/com.st.stm32cube.ide.mcu.externaltools.gnu-tools-for-stm32.13.3.rel1.win32_1.0.100.202509120712/tools/bin/../lib/gcc/arm-none-eabi/13.3.1/../../../../arm-none-eabi/lib/thumb/v7e-m+dp/hard\libc_nano.a(libc_a-gdtoa-gethex.o)
                0x0801379c                __hexdig_fun
 *fill*         0x080137c6        0x2 
 .text.__gethex
                0x080137c8      0x420 C:/ST/STM32CubeIDE_2.0.0/STM32CubeIDE/plugins/com.st.stm32cube.ide.mcu.externaltools.gnu-tools-for-stm32.13.3.rel1.win32_1.0.100.202509120712/tools/bin/../lib/gcc/arm-none-eabi/13.3.1/../../../../arm-none-eabi/lib/thumb/v7e-m+dp/hard\libc_nano.a(libc_a-gdtoa-gethex.o)
                0x080137c8                __gethex
 .text.L_shift  0x08013be8       0x24 C:/ST/STM32CubeIDE_2.0.0/STM32CubeIDE/plugins/com.st.stm32cube.ide.mcu.externaltools.gnu-tools-for-stm32.13.3.rel1.win32_1.0.100.202509120712/tools/bin/../lib/gcc/arm-none-eabi/13.3.1/../../../../arm-none-eabi/lib/thumb/v7e-m+dp/hard\libc_nano.a(libc_a-gdtoa-hexnan.o)
 .text.__match  0x08013c0c       0x28 C:/ST/STM32CubeIDE_2.0.0/STM32CubeIDE/plugins/com.st.stm32cube.ide.mcu.externaltools.gnu-tools-for-stm32.13.3.rel1.win32_1.0.100.202509120712/tools/bin/../lib/gcc/arm-none-eabi/13.3.1/../../../../arm-none-eabi/lib/thumb/v7e-m+dp/hard\libc_nano.a(libc_a-gdtoa-hexnan.o)
                0x08013c0c                __match
 .text.__hexnan
                0x08013c34      0x136 C:/ST/STM32CubeIDE_2.0.0/STM32CubeIDE/plugins/com.st.stm32cube.ide.mcu.externaltools.gnu-tools-for-stm32.13.3.rel1.win32_1.0.100.202509120712/tools/bin/../lib/gcc/arm-none-eabi/13.3.1/../../../../arm-none-eabi/lib/thumb/v7e-m+dp/hard\libc_nano.a(libc_a-gdtoa-hexnan.o)
                0x08013c34                __hexnan
 .text.__ascii_mbtowc
                0x08013d6a       0x24 C:/ST/STM32CubeIDE_2.0.0/STM32CubeIDE/plugins/com.st.stm32cube.ide.mcu.externaltools.gnu-tools-for-stm32.13.3.rel1.win32_1.0.100.202509120712/tools/bin/../lib/gcc/arm-none-eabi/13.3.1/../../../../arm-none-eabi/lib/thumb/v7e-m+dp/hard\libc_nano.a(libc_a-mbtowc_r.o)
                0x08013d6a                __ascii_mbtowc
 *fill*         0x08013d8e        0x2 
 .text._Balloc  0x08013d90       0x80 C:/ST/STM32CubeIDE_2.0.0/STM32CubeIDE/plugins/com.st.stm32cube.ide.mcu.externaltools.gnu-tools-for-stm32.13.3.rel1.win32_1.0.100.202509120712/tools/bin/../lib/gcc/arm-none-eabi/13.3.1/../../../../arm-none-eabi/lib/thumb/v7e-m+dp/hard\libc_nano.a(libc_a-mprec.o)
                0x08013d90                _Balloc
 .text._Bfree   0x08013e10       0x44 C:/ST/STM32CubeIDE_2.0.0/STM32CubeIDE/plugins/com.st.stm32cube.ide.mcu.externaltools.gnu-tools-for-stm32.13.3.rel1.win32_1.0.100.202509120712/tools/bin/../lib/gcc/arm-none-eabi/13.3.1/../../../../arm-none-eabi/lib/thumb/v7e-m+dp/hard\libc_nano.a(libc_a-mprec.o)
                0x08013e10                _Bfree
 .text.__multadd
                0x08013e54       0x8c C:/ST/STM32CubeIDE_2.0.0/STM32CubeIDE/plugins/com.st.stm32cube.ide.mcu.externaltools.gnu-tools-for-stm32.13.3.rel1.win32_1.0.100.202509120712/tools/bin/../lib/gcc/arm-none-eabi/13.3.1/../../../../arm-none-eabi/lib/thumb/v7e-m+dp/hard\libc_nano.a(libc_a-mprec.o)
                0x08013e54                __multadd
 .text.__s2b    0x08013ee0       0x94 C:/ST/STM32CubeIDE_2.0.0/STM32CubeIDE/plugins/com.st.stm32cube.ide.mcu.externaltools.gnu-tools-for-stm32.13.3.rel1.win32_1.0.100.202509120712/tools/bin/../lib/gcc/arm-none-eabi/13.3.1/../../../../arm-none-eabi/lib/thumb/v7e-m+dp/hard\libc_nano.a(libc_a-mprec.o)
                0x08013ee0                __s2b
 .text.__hi0bits
                0x08013f74       0x3e C:/ST/STM32CubeIDE_2.0.0/STM32CubeIDE/plugins/com.st.stm32cube.ide.mcu.externaltools.gnu-tools-for-stm32.13.3.rel1.win32_1.0.100.202509120712/tools/bin/../lib/gcc/arm-none-eabi/13.3.1/../../../../arm-none-eabi/lib/thumb/v7e-m+dp/hard\libc_nano.a(libc_a-mprec.o)
                0x08013f74                __hi0bits
 .text.__lo0bits
                0x08013fb2       0x5a C:/ST/STM32CubeIDE_2.0.0/STM32CubeIDE/plugins/com.st.stm32cube.ide.mcu.externaltools.gnu-tools-for-stm32.13.3.rel1.win32_1.0.100.202509120712/tools/bin/../lib/gcc/arm-none-eabi/13.3.1/../../../../arm-none-eabi/lib/thumb/v7e-m+dp/hard\libc_nano.a(libc_a-mprec.o)
                0x08013fb2                __lo0bits
 .text.__i2b    0x0801400c       0x2c C:/ST/STM32CubeIDE_2.0.0/STM32CubeIDE/plugins/com.st.stm32cube.ide.mcu.externaltools.gnu-tools-for-stm32.13.3.rel1.win32_1.0.100.202509120712/tools/bin/../lib/gcc/arm-none-eabi/13.3.1/../../../../arm-none-eabi/lib/thumb/v7e-m+dp/hard\libc_nano.a(libc_a-mprec.o)
                0x0801400c                __i2b
 .text.__multiply
                0x08014038      0x144 C:/ST/STM32CubeIDE_2.0.0/STM32CubeIDE/plugins/com.st.stm32cube.ide.mcu.externaltools.gnu-tools-for-stm32.13.3.rel1.win32_1.0.100.202509120712/tools/bin/../lib/gcc/arm-none-eabi/13.3.1/../../../../arm-none-eabi/lib/thumb/v7e-m+dp/hard\libc_nano.a(libc_a-mprec.o)
                0x08014038                __multiply
 .text.__pow5mult
                0x0801417c       0xb4 C:/ST/STM32CubeIDE_2.0.0/STM32CubeIDE/plugins/com.st.stm32cube.ide.mcu.externaltools.gnu-tools-for-stm32.13.3.rel1.win32_1.0.100.202509120712/tools/bin/../lib/gcc/arm-none-eabi/13.3.1/../../../../arm-none-eabi/lib/thumb/v7e-m+dp/hard\libc_nano.a(libc_a-mprec.o)
                0x0801417c                __pow5mult
 .text.__lshift
                0x08014230       0xd8 C:/ST/STM32CubeIDE_2.0.0/STM32CubeIDE/plugins/com.st.stm32cube.ide.mcu.externaltools.gnu-tools-for-stm32.13.3.rel1.win32_1.0.100.202509120712/tools/bin/../lib/gcc/arm-none-eabi/13.3.1/../../../../arm-none-eabi/lib/thumb/v7e-m+dp/hard\libc_nano.a(libc_a-mprec.o)
                0x08014230                __lshift
 .text.__mcmp   0x08014308       0x36 C:/ST/STM32CubeIDE_2.0.0/STM32CubeIDE/plugins/com.st.stm32cube.ide.mcu.externaltools.gnu-tools-for-stm32.13.3.rel1.win32_1.0.100.202509120712/tools/bin/../lib/gcc/arm-none-eabi/13.3.1/../../../../arm-none-eabi/lib/thumb/v7e-m+dp/hard\libc_nano.a(libc_a-mprec.o)
                0x08014308                __mcmp
 *fill*         0x0801433e        0x2 
 .text.__mdiff  0x08014340      0x128 C:/ST/STM32CubeIDE_2.0.0/STM32CubeIDE/plugins/com.st.stm32cube.ide.mcu.externaltools.gnu-tools-for-stm32.13.3.rel1.win32_1.0.100.202509120712/tools/bin/../lib/gcc/arm-none-eabi/13.3.1/../../../../arm-none-eabi/lib/thumb/v7e-m+dp/hard\libc_nano.a(libc_a-mprec.o)
                0x08014340                __mdiff
 .text.__ulp    0x08014468       0x4c C:/ST/STM32CubeIDE_2.0.0/STM32CubeIDE/plugins/com.st.stm32cube.ide.mcu.externaltools.gnu-tools-for-stm32.13.3.rel1.win32_1.0.100.202509120712/tools/bin/../lib/gcc/arm-none-eabi/13.3.1/../../../../arm-none-eabi/lib/thumb/v7e-m+dp/hard\libc_nano.a(libc_a-mprec.o)
                0x08014468                __ulp
 .text.__b2d    0x080144b4       0x94 C:/ST/STM32CubeIDE_2.0.0/STM32CubeIDE/plugins/com.st.stm32cube.ide.mcu.externaltools.gnu-tools-for-stm32.13.3.rel1.win32_1.0.100.202509120712/tools/bin/../lib/gcc/arm-none-eabi/13.3.1/../../../../arm-none-eabi/lib/thumb/v7e-m+dp/hard\libc_nano.a(libc_a-mprec.o)
                0x080144b4                __b2d
 .text.__d2b    0x08014548       0xb0 C:/ST/STM32CubeIDE_2.0.0/STM32CubeIDE/plugins/com.st.stm32cube.ide.mcu.externaltools.gnu-tools-for-stm32.13.3.rel1.win32_1.0.100.202509120712/tools/bin/../lib/gcc/arm-none-eabi/13.3.1/../../../../arm-none-eabi/lib/thumb/v7e-m+dp/hard\libc_nano.a(libc_a-mprec.o)
                0x08014548                __d2b
 .text.__ratio  0x080145f8       0x5e C:/ST/STM32CubeIDE_2.0.0/STM32CubeIDE/plugins/com.st.stm32cube.ide.mcu.externaltools.gnu-tools-for-stm32.13.3.rel1.win32_1.0.100.202509120712/tools/bin/../lib/gcc/arm-none-eabi/13.3.1/../../../../arm-none-eabi/lib/thumb/v7e-m+dp/hard\libc_nano.a(libc_a-mprec.o)
                0x080145f8                __ratio
 .text.__copybits
                0x08014656       0x46 C:/ST/STM32CubeIDE_2.0.0/STM32CubeIDE/plugins/com.st.stm32cube.ide.mcu.externaltools.gnu-tools-for-stm32.13.3.rel1.win32_1.0.100.202509120712/tools/bin/../lib/gcc/arm-none-eabi/13.3.1/../../../../arm-none-eabi/lib/thumb/v7e-m+dp/hard\libc_nano.a(libc_a-mprec.o)
                0x08014656                __copybits
 .text.__any_on
                0x0801469c       0x42 C:/ST/STM32CubeIDE_2.0.0/STM32CubeIDE/plugins/com.st.stm32cube.ide.mcu.externaltools.gnu-tools-for-stm32.13.3.rel1.win32_1.0.100.202509120712/tools/bin/../lib/gcc/arm-none-eabi/13.3.1/../../../../arm-none-eabi/lib/thumb/v7e-m+dp/hard\libc_nano.a(libc_a-mprec.o)
                0x0801469c                __any_on
 *fill*         0x080146de        0x2 
 .text._strtol_l.isra.0
                0x080146e0       0xf4 C:/ST/STM32CubeIDE_2.0.0/STM32CubeIDE/plugins/com.st.stm32cube.ide.mcu.externaltools.gnu-tools-for-stm32.13.3.rel1.win32_1.0.100.202509120712/tools/bin/../lib/gcc/arm-none-eabi/13.3.1/../../../../arm-none-eabi/lib/thumb/v7e-m+dp/hard\libc_nano.a(libc_a-strtol.o)
 .text._strtol_r
                0x080147d4        0x4 C:/ST/STM32CubeIDE_2.0.0/STM32CubeIDE/plugins/com.st.stm32cube.ide.mcu.externaltools.gnu-tools-for-stm32.13.3.rel1.win32_1.0.100.202509120712/tools/bin/../lib/gcc/arm-none-eabi/13.3.1/../../../../arm-none-eabi/lib/thumb/v7e-m+dp/hard\libc_nano.a(libc_a-strtol.o)
                0x080147d4                _strtol_r
 .text.__ascii_wctomb
                0x080147d8       0x1a C:/ST/STM32CubeIDE_2.0.0/STM32CubeIDE/plugins/com.st.stm32cube.ide.mcu.externaltools.gnu-tools-for-stm32.13.3.rel1.win32_1.0.100.202509120712/tools/bin/../lib/gcc/arm-none-eabi/13.3.1/../../../../arm-none-eabi/lib/thumb/v7e-m+dp/hard\libc_nano.a(libc_a-wctomb_r.o)
                0x080147d8                __ascii_wctomb
 .text.__ssputs_r
                0x080147f2       0xb6 C:/ST/STM32CubeIDE_2.0.0/STM32CubeIDE/plugins/com.st.stm32cube.ide.mcu.externaltools.gnu-tools-for-stm32.13.3.rel1.win32_1.0.100.202509120712/tools/bin/../lib/gcc/arm-none-eabi/13.3.1/../../../../arm-none-eabi/lib/thumb/v7e-m+dp/hard\libc_nano.a(libc_a-nano-svfprintf.o)
                0x080147f2                __ssputs_r
 .text._svfprintf_r
                0x080148a8      0x1f8 C:/ST/STM32CubeIDE_2.0.0/STM32CubeIDE/plugins/com.st.stm32cube.ide.mcu.externaltools.gnu-tools-for-stm32.13.3.rel1.win32_1.0.100.202509120712/tools/bin/../lib/gcc/arm-none-eabi/13.3.1/../../../../arm-none-eabi/lib/thumb/v7e-m+dp/hard\libc_nano.a(libc_a-nano-svfprintf.o)
                0x080148a8                _svfiprintf_r
                0x080148a8                _svfprintf_r
 .text.__sfputc_r
                0x08014aa0       0x2e C:/ST/STM32CubeIDE_2.0.0/STM32CubeIDE/plugins/com.st.stm32cube.ide.mcu.externaltools.gnu-tools-for-stm32.13.3.rel1.win32_1.0.100.202509120712/tools/bin/../lib/gcc/arm-none-eabi/13.3.1/../../../../arm-none-eabi/lib/thumb/v7e-m+dp/hard\libc_nano.a(libc_a-nano-vfprintf.o)
 .text.__sfputs_r
                0x08014ace       0x24 C:/ST/STM32CubeIDE_2.0.0/STM32CubeIDE/plugins/com.st.stm32cube.ide.mcu.externaltools.gnu-tools-for-stm32.13.3.rel1.win32_1.0.100.202509120712/tools/bin/../lib/gcc/arm-none-eabi/13.3.1/../../../../arm-none-eabi/lib/thumb/v7e-m+dp/hard\libc_nano.a(libc_a-nano-vfprintf.o)
                0x08014ace                __sfputs_r
 *fill*         0x08014af2        0x2 
 .text._vfprintf_r
                0x08014af4      0x230 C:/ST/STM32CubeIDE_2.0.0/STM32CubeIDE/plugins/com.st.stm32cube.ide.mcu.externaltools.gnu-tools-for-stm32.13.3.rel1.win32_1.0.100.202509120712/tools/bin/../lib/gcc/arm-none-eabi/13.3.1/../../../../arm-none-eabi/lib/thumb/v7e-m+dp/hard\libc_nano.a(libc_a-nano-vfprintf.o)
                0x08014af4                _vfprintf_r
                0x08014af4                _vfiprintf_r
 .text.__sflush_r
                0x08014d24      0x108 C:/ST/STM32CubeIDE_2.0.0/STM32CubeIDE/plugins/com.st.stm32cube.ide.mcu.externaltools.gnu-tools-for-stm32.13.3.rel1.win32_1.0.100.202509120712/tools/bin/../lib/gcc/arm-none-eabi/13.3.1/../../../../arm-none-eabi/lib/thumb/v7e-m+dp/hard\libc_nano.a(libc_a-fflush.o)
                0x08014d24                __sflush_r
 .text._fflush_r
                0x08014e2c       0x50 C:/ST/STM32CubeIDE_2.0.0/STM32CubeIDE/plugins/com.st.stm32cube.ide.mcu.externaltools.gnu-tools-for-stm32.13.3.rel1.win32_1.0.100.202509120712/tools/bin/../lib/gcc/arm-none-eabi/13.3.1/../../../../arm-none-eabi/lib/thumb/v7e-m+dp/hard\libc_nano.a(libc_a-fflush.o)
                0x08014e2c                _fflush_r
 .text.__swhatbuf_r
                0x08014e7c       0x4c C:/ST/STM32CubeIDE_2.0.0/STM32CubeIDE/plugins/com.st.stm32cube.ide.mcu.externaltools.gnu-tools-for-stm32.13.3.rel1.win32_1.0.100.202509120712/tools/bin/../lib/gcc/arm-none-eabi/13.3.1/../../../../arm-none-eabi/lib/thumb/v7e-m+dp/hard\libc_nano.a(libc_a-makebuf.o)
                0x08014e7c                __swhatbuf_r
 .text.__smakebuf_r
                0x08014ec8       0x78 C:/ST/STM32CubeIDE_2.0.0/STM32CubeIDE/plugins/com.st.stm32cube.ide.mcu.externaltools.gnu-tools-for-stm32.13.3.rel1.win32_1.0.100.202509120712/tools/bin/../lib/gcc/arm-none-eabi/13.3.1/../../../../arm-none-eabi/lib/thumb/v7e-m+dp/hard\libc_nano.a(libc_a-makebuf.o)
                0x08014ec8                __smakebuf_r