../../Drivers/CMSIS/Include/core_cm7.h:2156:34:__NVIC_SystemReset	4	static
../Core/Src/cmd.c:157:24:rb_next	16	static
../Core/Src/cmd.c:167:20:rb_is_empty	4	static
../Core/Src/cmd.c:172:13:rb_push	24	static
../Core/Src/cmd.c:185:13:rb_pop	16	static
../Core/Src/cmd.c:205:6:CMD_Init	16	static
../Core/Src/cmd.c:215:6:CMD_StartTask	24	static
../Core/Src/cmd.c:235:6:CMD_OnUartRxByteFromISR	24	static
../Core/Src/cmd.c:274:13:CMD_Task	96	static
../Core/Src/cmd.c:345:13:CMD_ProcessLine	40	static
../Core/Src/cmd.c:401:14:CMD_Trim	24	static
../Core/Src/cmd.c:411:13:CMD_IsPureNumber	16	static
../Core/Src/cmd.c:425:27:CMD_FindById	24	static
../Core/Src/cmd.c:434:27:CMD_FindByName	24	static
../Core/Src/cmd.c:446:6:CMD_SendRaw	16	static
../Core/Src/cmd.c:460:6:CMD_Send	16	static
../Core/Src/cmd.c:466:6:CMD_TerminalPassthroughRemoteClosed	8	static
../Core/Src/cmd.c:477:13:CMD_Printf	144	static
../Core/Src/cmd.c:505:13:cmd_rotate	24	static
../Core/Src/cmd.c:516:13:cmd_dir	24	static
../Core/Src/cmd.c:530:13:cmd_slow	16	static
../Core/Src/cmd.c:539:13:cmd_med	16	static
../Core/Src/cmd.c:549:6:cmd_stop	16	static
../Core/Src/cmd.c:559:13:cmd_hello	16	static
../Core/Src/cmd.c:566:13:cmd_reset	16	static
../Core/Src/cmd.c:581:13:cmd_help	24	static
../Core/Src/cmd.c:598:13:cmd_traj	24	static
../Core/Src/cmd.c:658:13:cmd_traj2	24	static
../Core/Src/cmd.c:688:13:cmd_shutdown	16	static
../Core/Src/cmd.c:695:13:cmd_term	16	static
../Core/Src/cmd.c:708:13:cmd_wtest	40	static
../Core/Src/cmd.c:767:13:cmd_pwm	40	static
../Core/Src/cmd.c:837:13:cmd_map	24	static
../Core/Src/cmd.c:894:13:cmd_speed	32	static
