../../Drivers/CMSIS/Include/core_cm7.h:2156:34:__NVIC_SystemReset	4	static
../Core/Src/cmd.c:155:24:rb_next	16	static
../Core/Src/cmd.c:165:20:rb_is_empty	4	static
../Core/Src/cmd.c:170:13:rb_push	24	static
../Core/Src/cmd.c:183:13:rb_pop	16	static
../Core/Src/cmd.c:203:6:CMD_Init	16	static
../Core/Src/cmd.c:213:6:CMD_StartTask	24	static
../Core/Src/cmd.c:233:6:CMD_OnUartRxByteFromISR	24	static
../Core/Src/cmd.c:272:13:CMD_Task	96	static
../Core/Src/cmd.c:343:13:CMD_ProcessLine	40	static
../Core/Src/cmd.c:399:14:CMD_Trim	24	static
../Core/Src/cmd.c:409:13:CMD_IsPureNumber	16	static
../Core/Src/cmd.c:423:27:CMD_FindById	24	static
../Core/Src/cmd.c:432:27:CMD_FindByName	24	static
../Core/Src/cmd.c:444:6:CMD_SendRaw	16	static
../Core/Src/cmd.c:458:6:CMD_Send	16	static
../Core/Src/cmd.c:464:6:CMD_TerminalPassthroughRemoteClosed	8	static
../Core/Src/cmd.c:475:13:CMD_Printf	144	static
../Core/Src/cmd.c:500:13:cmd_rotate	24	static
../Core/Src/cmd.c:511:13:cmd_dir	24	static
../Core/Src/cmd.c:525:13:cmd_slow	16	static
../Core/Src/cmd.c:534:13:cmd_med	16	static
../Core/Src/cmd.c:544:6:cmd_stop	16	static
../Core/Src/cmd.c:554:13:cmd_hello	16	static
../Core/Src/cmd.c:561:13:cmd_reset	16	static
../Core/Src/cmd.c:576:13:cmd_help	24	static
../Core/Src/cmd.c:593:13:cmd_traj	24	static
../Core/Src/cmd.c:653:13:cmd_traj2	24	static
../Core/Src/cmd.c:683:13:cmd_shutdown	16	static
../Core/Src/cmd.c:690:13:cmd_term	16	static
../Core/Src/cmd.c:703:13:cmd_wtest	40	static
../Core/Src/cmd.c:762:13:cmd_map	24	static
../Core/Src/cmd.c:819:13:cmd_speed	32	static
