../../Drivers/CMSIS/Include/core_cm7.h:2156:34:__NVIC_SystemReset	4	static
../Core/Src/cmd.c:159:24:rb_next	16	static
../Core/Src/cmd.c:169:20:rb_is_empty	4	static
../Core/Src/cmd.c:174:13:rb_push	24	static
../Core/Src/cmd.c:187:13:rb_pop	16	static
../Core/Src/cmd.c:207:6:CMD_Init	16	static
../Core/Src/cmd.c:217:6:CMD_StartTask	24	static
../Core/Src/cmd.c:237:6:CMD_OnUartRxByteFromISR	24	static
../Core/Src/cmd.c:276:13:CMD_Task	96	static
../Core/Src/cmd.c:347:13:CMD_ProcessLine	40	static
../Core/Src/cmd.c:403:14:CMD_Trim	24	static
../Core/Src/cmd.c:413:13:CMD_IsPureNumber	16	static
../Core/Src/cmd.c:427:27:CMD_FindById	24	static
../Core/Src/cmd.c:436:27:CMD_FindByName	24	static
../Core/Src/cmd.c:448:6:CMD_SendRaw	16	static
../Core/Src/cmd.c:462:6:CMD_Send	16	static
../Core/Src/cmd.c:468:6:CMD_TerminalPassthroughRemoteClosed	8	static
../Core/Src/cmd.c:479:13:CMD_Printf	144	static
../Core/Src/cmd.c:507:13:cmd_rotate	24	static
../Core/Src/cmd.c:518:13:cmd_dir	24	static
../Core/Src/cmd.c:532:13:cmd_slow	16	static
../Core/Src/cmd.c:541:13:cmd_med	16	static
../Core/Src/cmd.c:551:6:cmd_stop	16	static
../Core/Src/cmd.c:561:13:cmd_hello	16	static
../Core/Src/cmd.c:568:13:cmd_reset	16	static
../Core/Src/cmd.c:583:13:cmd_help	24	static
../Core/Src/cmd.c:600:13:cmd_traj	24	static
../Core/Src/cmd.c:660:13:cmd_traj2	24	static
../Core/Src/cmd.c:690:13:cmd_shutdown	16	static
../Core/Src/cmd.c:697:13:cmd_term	16	static
../Core/Src/cmd.c:710:13:cmd_wtest	40	static
../Core/Src/cmd.c:769:13:cmd_pwm	40	static
../Core/Src/cmd.c:839:13:cmd_map	24	static
../Core/Src/cmd.c:896:13:cmd_wp	16	static
../Core/Src/cmd.c:916:13:cmd_speed	32	static
