../../Drivers/CMSIS/Include/core_cm7.h:2156:34:__NVIC_SystemReset	4	static
../Core/Src/cmd.c:168:24:rb_next	16	static
../Core/Src/cmd.c:178:20:rb_is_empty	4	static
../Core/Src/cmd.c:183:13:rb_push	24	static
../Core/Src/cmd.c:196:13:rb_pop	16	static
../Core/Src/cmd.c:216:6:CMD_Init	16	static
../Core/Src/cmd.c:226:6:CMD_StartTask	24	static
../Core/Src/cmd.c:246:6:CMD_OnUartRxByteFromISR	24	static
../Core/Src/cmd.c:285:13:CMD_Task	96	static
../Core/Src/cmd.c:356:13:CMD_ProcessLine	40	static
../Core/Src/cmd.c:412:14:CMD_Trim	24	static
../Core/Src/cmd.c:422:13:CMD_IsPureNumber	16	static
../Core/Src/cmd.c:436:27:CMD_FindById	24	static
../Core/Src/cmd.c:445:13:CMD_EqualsIgnoreCase	24	static
../Core/Src/cmd.c:460:27:CMD_FindByName	24	static
../Core/Src/cmd.c:472:6:CMD_SendRaw	16	static
../Core/Src/cmd.c:486:6:CMD_Send	16	static
../Core/Src/cmd.c:492:6:CMD_TerminalPassthroughRemoteClosed	8	static
../Core/Src/cmd.c:503:13:CMD_Printf	144	static
../Core/Src/cmd.c:535:13:cmd_rotate	24	static
../Core/Src/cmd.c:546:13:cmd_dir	24	static
../Core/Src/cmd.c:560:13:cmd_slow	16	static
../Core/Src/cmd.c:569:13:cmd_med	16	static
../Core/Src/cmd.c:579:6:cmd_stop	16	static
../Core/Src/cmd.c:599:13:cmd_hello	16	static
../Core/Src/cmd.c:606:13:cmd_reset	16	static
../Core/Src/cmd.c:621:13:cmd_help	24	static
../Core/Src/cmd.c:638:13:cmd_traj	24	static
../Core/Src/cmd.c:698:13:cmd_traj2	24	static
../Core/Src/cmd.c:728:13:cmd_shutdown	16	static
../Core/Src/cmd.c:735:13:cmd_term	16	static
../Core/Src/cmd.c:748:13:cmd_wtest	40	static
../Core/Src/cmd.c:807:13:cmd_pwm	40	static
../Core/Src/cmd.c:882:13:cmd_map	24	static
../Core/Src/cmd.c:939:13:cmd_wp	16	static
../Core/Src/cmd.c:959:13:cmd_joy	16	static
../Core/Src/cmd.c:987:13:cmd_yawkick	24	static
../Core/Src/cmd.c:1019:13:cmd_focus	24	static
../Core/Src/cmd.c:1061:13:cmd_face	24	static
../Core/Src/cmd.c:1103:13:cmd_speed	32	static
