../../Drivers/CMSIS/Include/core_cm7.h:2156:34:__NVIC_SystemReset	4	static
../Core/Src/cmd.c:162:24:rb_next	16	static
../Core/Src/cmd.c:172:20:rb_is_empty	4	static
../Core/Src/cmd.c:177:13:rb_push	24	static
../Core/Src/cmd.c:190:13:rb_pop	16	static
../Core/Src/cmd.c:210:6:CMD_Init	16	static
../Core/Src/cmd.c:220:6:CMD_StartTask	24	static
../Core/Src/cmd.c:240:6:CMD_OnUartRxByteFromISR	24	static
../Core/Src/cmd.c:279:13:CMD_Task	96	static
../Core/Src/cmd.c:350:13:CMD_ProcessLine	40	static
../Core/Src/cmd.c:406:14:CMD_Trim	24	static
../Core/Src/cmd.c:416:13:CMD_IsPureNumber	16	static
../Core/Src/cmd.c:430:27:CMD_FindById	24	static
../Core/Src/cmd.c:439:27:CMD_FindByName	24	static
../Core/Src/cmd.c:451:6:CMD_SendRaw	16	static
../Core/Src/cmd.c:465:6:CMD_Send	16	static
../Core/Src/cmd.c:471:6:CMD_TerminalPassthroughRemoteClosed	8	static
../Core/Src/cmd.c:482:13:CMD_Printf	144	static
../Core/Src/cmd.c:511:13:cmd_rotate	24	static
../Core/Src/cmd.c:522:13:cmd_dir	24	static
../Core/Src/cmd.c:536:13:cmd_slow	16	static
../Core/Src/cmd.c:545:13:cmd_med	16	static
../Core/Src/cmd.c:555:6:cmd_stop	16	static
../Core/Src/cmd.c:565:13:cmd_hello	16	static
../Core/Src/cmd.c:572:13:cmd_reset	16	static
../Core/Src/cmd.c:587:13:cmd_help	24	static
../Core/Src/cmd.c:604:13:cmd_traj	24	static
../Core/Src/cmd.c:664:13:cmd_traj2	24	static
../Core/Src/cmd.c:694:13:cmd_shutdown	16	static
../Core/Src/cmd.c:701:13:cmd_term	16	static
../Core/Src/cmd.c:714:13:cmd_wtest	40	static
../Core/Src/cmd.c:773:13:cmd_pwm	40	static
../Core/Src/cmd.c:843:13:cmd_map	24	static
../Core/Src/cmd.c:900:13:cmd_wp	16	static
../Core/Src/cmd.c:920:13:cmd_joy	16	static
../Core/Src/cmd.c:948:13:cmd_speed	32	static
