../../Drivers/CMSIS/Include/core_cm7.h:2156:34:__NVIC_SystemReset	4	static
../Core/Src/cmd.c:164:24:rb_next	16	static
../Core/Src/cmd.c:174:20:rb_is_empty	4	static
../Core/Src/cmd.c:179:13:rb_push	24	static
../Core/Src/cmd.c:192:13:rb_pop	16	static
../Core/Src/cmd.c:212:6:CMD_Init	16	static
../Core/Src/cmd.c:222:6:CMD_StartTask	24	static
../Core/Src/cmd.c:242:6:CMD_OnUartRxByteFromISR	24	static
../Core/Src/cmd.c:281:13:CMD_Task	96	static
../Core/Src/cmd.c:352:13:CMD_ProcessLine	40	static
../Core/Src/cmd.c:408:14:CMD_Trim	24	static
../Core/Src/cmd.c:418:13:CMD_IsPureNumber	16	static
../Core/Src/cmd.c:432:27:CMD_FindById	24	static
../Core/Src/cmd.c:441:27:CMD_FindByName	24	static
../Core/Src/cmd.c:453:6:CMD_SendRaw	16	static
../Core/Src/cmd.c:467:6:CMD_Send	16	static
../Core/Src/cmd.c:473:6:CMD_TerminalPassthroughRemoteClosed	8	static
../Core/Src/cmd.c:484:13:CMD_Printf	144	static
../Core/Src/cmd.c:514:13:cmd_rotate	24	static
../Core/Src/cmd.c:525:13:cmd_dir	24	static
../Core/Src/cmd.c:539:13:cmd_slow	16	static
../Core/Src/cmd.c:548:13:cmd_med	16	static
../Core/Src/cmd.c:558:6:cmd_stop	16	static
../Core/Src/cmd.c:568:13:cmd_hello	16	static
../Core/Src/cmd.c:575:13:cmd_reset	16	static
../Core/Src/cmd.c:590:13:cmd_help	24	static
../Core/Src/cmd.c:607:13:cmd_traj	24	static
../Core/Src/cmd.c:667:13:cmd_traj2	24	static
../Core/Src/cmd.c:697:13:cmd_shutdown	16	static
../Core/Src/cmd.c:704:13:cmd_term	16	static
../Core/Src/cmd.c:717:13:cmd_wtest	40	static
../Core/Src/cmd.c:776:13:cmd_pwm	40	static
../Core/Src/cmd.c:851:13:cmd_map	24	static
../Core/Src/cmd.c:908:13:cmd_wp	16	static
../Core/Src/cmd.c:928:13:cmd_joy	16	static
../Core/Src/cmd.c:956:13:cmd_yawkick	24	static
../Core/Src/cmd.c:988:13:cmd_speed	32	static
