../../Drivers/CMSIS/Include/core_cm7.h:2156:34:__NVIC_SystemReset	4	static
../Core/Src/cmd.c:166:24:rb_next	16	static
../Core/Src/cmd.c:176:20:rb_is_empty	4	static
../Core/Src/cmd.c:181:13:rb_push	24	static
../Core/Src/cmd.c:194:13:rb_pop	16	static
../Core/Src/cmd.c:214:6:CMD_Init	16	static
../Core/Src/cmd.c:224:6:CMD_StartTask	24	static
../Core/Src/cmd.c:244:6:CMD_OnUartRxByteFromISR	24	static
../Core/Src/cmd.c:283:13:CMD_Task	96	static
../Core/Src/cmd.c:354:13:CMD_ProcessLine	40	static
../Core/Src/cmd.c:410:14:CMD_Trim	24	static
../Core/Src/cmd.c:420:13:CMD_IsPureNumber	16	static
../Core/Src/cmd.c:434:27:CMD_FindById	24	static
../Core/Src/cmd.c:443:13:CMD_EqualsIgnoreCase	24	static
../Core/Src/cmd.c:458:27:CMD_FindByName	24	static
../Core/Src/cmd.c:470:6:CMD_SendRaw	16	static
../Core/Src/cmd.c:484:6:CMD_Send	16	static
../Core/Src/cmd.c:490:6:CMD_TerminalPassthroughRemoteClosed	8	static
../Core/Src/cmd.c:501:13:CMD_Printf	144	static
../Core/Src/cmd.c:532:13:cmd_rotate	24	static
../Core/Src/cmd.c:543:13:cmd_dir	24	static
../Core/Src/cmd.c:557:13:cmd_slow	16	static
../Core/Src/cmd.c:566:13:cmd_med	16	static
../Core/Src/cmd.c:576:6:cmd_stop	16	static
../Core/Src/cmd.c:596:13:cmd_hello	16	static
../Core/Src/cmd.c:603:13:cmd_reset	16	static
../Core/Src/cmd.c:618:13:cmd_help	24	static
../Core/Src/cmd.c:635:13:cmd_traj	24	static
../Core/Src/cmd.c:695:13:cmd_traj2	24	static
../Core/Src/cmd.c:725:13:cmd_shutdown	16	static
../Core/Src/cmd.c:732:13:cmd_term	16	static
../Core/Src/cmd.c:745:13:cmd_wtest	40	static
../Core/Src/cmd.c:804:13:cmd_pwm	40	static
../Core/Src/cmd.c:879:13:cmd_map	24	static
../Core/Src/cmd.c:936:13:cmd_wp	16	static
../Core/Src/cmd.c:956:13:cmd_joy	16	static
../Core/Src/cmd.c:984:13:cmd_yawkick	24	static
../Core/Src/cmd.c:1016:13:cmd_focus	24	static
../Core/Src/cmd.c:1054:13:cmd_speed	32	static
