../../Drivers/CMSIS/Include/core_cm7.h:2156:34:__NVIC_SystemReset	4	static
../Core/Src/cmd.c:152:24:rb_next	16	static
../Core/Src/cmd.c:162:20:rb_is_empty	4	static
../Core/Src/cmd.c:167:13:rb_push	24	static
../Core/Src/cmd.c:180:13:rb_pop	16	static
../Core/Src/cmd.c:200:6:CMD_Init	16	static
../Core/Src/cmd.c:210:6:CMD_StartTask	24	static
../Core/Src/cmd.c:230:6:CMD_OnUartRxByteFromISR	24	static
../Core/Src/cmd.c:269:13:CMD_Task	96	static
../Core/Src/cmd.c:326:13:CMD_ProcessLine	40	static
../Core/Src/cmd.c:382:14:CMD_Trim	24	static
../Core/Src/cmd.c:392:13:CMD_IsPureNumber	16	static
../Core/Src/cmd.c:406:27:CMD_FindById	24	static
../Core/Src/cmd.c:415:27:CMD_FindByName	24	static
../Core/Src/cmd.c:427:6:CMD_Send	24	static
../Core/Src/cmd.c:441:13:CMD_Printf	144	static
../Core/Src/cmd.c:466:13:cmd_rotate	24	static
../Core/Src/cmd.c:477:13:cmd_dir	24	static
../Core/Src/cmd.c:491:13:cmd_slow	16	static
../Core/Src/cmd.c:500:13:cmd_med	16	static
../Core/Src/cmd.c:510:6:cmd_stop	16	static
../Core/Src/cmd.c:520:13:cmd_hello	16	static
../Core/Src/cmd.c:527:13:cmd_reset	16	static
../Core/Src/cmd.c:542:13:cmd_help	24	static
../Core/Src/cmd.c:559:13:cmd_traj	24	static
../Core/Src/cmd.c:619:13:cmd_traj2	24	static
../Core/Src/cmd.c:649:13:cmd_shutdown	16	static
../Core/Src/cmd.c:656:13:cmd_wtest	40	static
../Core/Src/cmd.c:715:13:cmd_map	24	static
../Core/Src/cmd.c:772:13:cmd_speed	32	static
