../../Drivers/CMSIS/Include/core_cm7.h:2156:34:__NVIC_SystemReset	4	static
../Core/Src/cmd.c:164:24:rb_next	16	static
../Core/Src/cmd.c:174:20:rb_is_empty	4	static
../Core/Src/cmd.c:179:13:rb_push	24	static
../Core/Src/cmd.c:192:13:rb_pop	16	static
../Core/Src/cmd.c:212:6:CMD_Init	16	static
../Core/Src/cmd.c:222:6:CMD_StartTask	24	static
../Core/Src/cmd.c:242:6:CMD_OnUartRxByteFromISR	24	static
../Core/Src/cmd.c:281:13:CMD_Task	96	static
../Core/Src/cmd.c:352:13:CMD_ProcessLine	40	static
../Core/Src/cmd.c:408:14:CMD_Trim	24	static
../Core/Src/cmd.c:418:13:CMD_IsPureNumber	16	static
../Core/Src/cmd.c:432:27:CMD_FindById	24	static
../Core/Src/cmd.c:441:13:CMD_EqualsIgnoreCase	24	static
../Core/Src/cmd.c:456:27:CMD_FindByName	24	static
../Core/Src/cmd.c:468:6:CMD_SendRaw	16	static
../Core/Src/cmd.c:482:6:CMD_Send	16	static
../Core/Src/cmd.c:488:6:CMD_TerminalPassthroughRemoteClosed	8	static
../Core/Src/cmd.c:499:13:CMD_Printf	144	static
../Core/Src/cmd.c:529:13:cmd_rotate	24	static
../Core/Src/cmd.c:540:13:cmd_dir	24	static
../Core/Src/cmd.c:554:13:cmd_slow	16	static
../Core/Src/cmd.c:563:13:cmd_med	16	static
../Core/Src/cmd.c:573:6:cmd_stop	16	static
../Core/Src/cmd.c:593:13:cmd_hello	16	static
../Core/Src/cmd.c:600:13:cmd_reset	16	static
../Core/Src/cmd.c:615:13:cmd_help	24	static
../Core/Src/cmd.c:632:13:cmd_traj	24	static
../Core/Src/cmd.c:692:13:cmd_traj2	24	static
../Core/Src/cmd.c:722:13:cmd_shutdown	16	static
../Core/Src/cmd.c:729:13:cmd_term	16	static
../Core/Src/cmd.c:742:13:cmd_wtest	40	static
../Core/Src/cmd.c:801:13:cmd_pwm	40	static
../Core/Src/cmd.c:876:13:cmd_map	24	static
../Core/Src/cmd.c:933:13:cmd_wp	16	static
../Core/Src/cmd.c:953:13:cmd_joy	16	static
../Core/Src/cmd.c:981:13:cmd_yawkick	24	static
../Core/Src/cmd.c:1013:13:cmd_speed	32	static
