../Core/Src/stm32h7xx_it.c:76:6:NMI_Handler	4	static
../Core/Src/stm32h7xx_it.c:91:29:HardFault_Handler	0	static
../Core/Src/stm32h7xx_it.c:104:13:HardFault_HandlerC	88	static
../Core/Src/stm32h7xx_it.c:226:6:MemManage_Handler	4	static
../Core/Src/stm32h7xx_it.c:241:6:BusFault_Handler	4	static
../Core/Src/stm32h7xx_it.c:256:6:UsageFault_Handler	4	static
../Core/Src/stm32h7xx_it.c:271:6:DebugMon_Handler	4	static
../Core/Src/stm32h7xx_it.c:284:6:SysTick_Handler	8	static
../Core/Src/stm32h7xx_it.c:313:6:DMA1_Stream0_IRQHandler	8	static
../Core/Src/stm32h7xx_it.c:327:6:USART1_IRQHandler	8	static
../Core/Src/stm32h7xx_it.c:341:6:USART2_IRQHandler	8	static
../Core/Src/stm32h7xx_it.c:355:6:EXTI15_10_IRQHandler	8	static
../Core/Src/stm32h7xx_it.c:370:6:ETH_IRQHandler	8	static
