../Core/Src/udp_client.c:109:13:time_elapsed	24	static
../Core/Src/udp_client.c:114:13:seq_is_newer	16	static
../Core/Src/udp_client.c:119:13:knot_is_valid	16	static
../Core/Src/udp_client.c:149:13:pack_message	32	static
../Core/Src/udp_client.c:166:13:parse_message	40	static
../Core/Src/udp_client.c:196:13:handle_traj_message	64	static
../Core/Src/udp_client.c:264:13:handle_cmd_ack	32	static
../Core/Src/udp_client.c:288:13:handle_received_message	24	static
../Core/Src/udp_client.c:300:13:udp_receive_nonblocking	80	static
../Core/Src/udp_client.c:342:13:udp_send_nonblocking	40	static
../Core/Src/udp_client.c:369:13:send_pose_payload	80	static
../Core/Src/udp_client.c:388:6:queue_pose	24	static
../Core/Src/udp_client.c:401:6:UDP_Client_SendZeroPose	40	static
../Core/Src/udp_client.c:415:13:send_cmd_to_pi5	56	static
../Core/Src/udp_client.c:435:12:udp_bind_socket	32	static
../Core/Src/udp_client.c:453:12:udp_setup_nonblocking_socket	48	static
../Core/Src/udp_client.c:483:13:udp_prepare_dest_addr	8	static
../Core/Src/udp_client.c:491:6:UDP_Client_RequestCmd	16	static
../Core/Src/udp_client.c:502:6:UDP_Client_CopyLatestTraj	32	static
../Core/Src/udp_client.c:561:6:UDP_Client_InvalidateLatestTraj	8	static
../Core/Src/udp_client.c:572:10:UDP_Client_GetLatestTrajAgeMs	16	static
../Core/Src/udp_client.c:590:6:UDP_Client_Task	144	static
