../Core/Src/udp_client.c:96:13:time_elapsed	24	static
../Core/Src/udp_client.c:101:13:pack_message	32	static
../Core/Src/udp_client.c:118:13:parse_message	40	static
../Core/Src/udp_client.c:148:13:handle_traj_message	40	static
../Core/Src/udp_client.c:176:13:handle_cmd_ack	32	static
../Core/Src/udp_client.c:200:13:handle_received_message	24	static
../Core/Src/udp_client.c:215:13:udp_receive_nonblocking	80	static
../Core/Src/udp_client.c:257:13:udp_send_nonblocking	40	static
../Core/Src/udp_client.c:284:13:send_pose_payload	80	static
../Core/Src/udp_client.c:303:6:queue_pose	24	static
../Core/Src/udp_client.c:316:6:UDP_Client_SendZeroPose	40	static
../Core/Src/udp_client.c:330:13:send_cmd_to_pi5	56	static
../Core/Src/udp_client.c:350:12:udp_bind_socket	32	static
../Core/Src/udp_client.c:368:12:udp_setup_nonblocking_socket	48	static
../Core/Src/udp_client.c:398:13:udp_prepare_dest_addr	8	static
../Core/Src/udp_client.c:406:6:UDP_Client_RequestCmd	16	static
../Core/Src/udp_client.c:417:6:UDP_Client_CopyLatestTraj	32	static
../Core/Src/udp_client.c:475:6:UDP_Client_Task	144	static
