../Core/Src/udp_client.c:147:13:stop_joystick_motion	8	static
../Core/Src/udp_client.c:158:13:apply_joystick_vector	32	static
../Core/Src/udp_client.c:180:13:apply_joystick_spin	16	static
../Core/Src/udp_client.c:188:13:handle_joy_stream_cmd	32	static
../Core/Src/udp_client.c:311:13:time_elapsed	24	static
../Core/Src/udp_client.c:316:13:seq_is_newer	16	static
../Core/Src/udp_client.c:321:24:term_rb_next	16	static
../Core/Src/udp_client.c:326:13:term_rb_push	24	static
../Core/Src/udp_client.c:339:17:term_rb_pop_chunk	24	static
../Core/Src/udp_client.c:352:13:knot_is_valid	16	static
../Core/Src/udp_client.c:382:13:pack_message	32	static
../Core/Src/udp_client.c:399:13:parse_message	40	static
../Core/Src/udp_client.c:429:13:handle_traj_message	64	static
../Core/Src/udp_client.c:497:13:handle_cmd_message	40	static
../Core/Src/udp_client.c:541:13:handle_received_message	24	static
../Core/Src/udp_client.c:556:13:udp_receive_nonblocking	80	static
../Core/Src/udp_client.c:598:13:udp_send_nonblocking	40	static
../Core/Src/udp_client.c:625:13:send_pose_payload	80	static
../Core/Src/udp_client.c:644:6:queue_pose	24	static
../Core/Src/udp_client.c:657:6:UDP_Client_SendZeroPose	40	static
../Core/Src/udp_client.c:671:13:send_cmd_packet	128	static
../Core/Src/udp_client.c:711:12:udp_bind_socket	32	static
../Core/Src/udp_client.c:729:12:udp_setup_nonblocking_socket	48	static
../Core/Src/udp_client.c:759:13:udp_prepare_dest_addr	8	static
../Core/Src/udp_client.c:767:6:UDP_Client_RequestCmd	16	static
../Core/Src/udp_client.c:778:6:UDP_Client_QueueTerminalData	24	static
../Core/Src/udp_client.c:796:6:UDP_Client_CopyLatestTraj	32	static
../Core/Src/udp_client.c:855:6:UDP_Client_InvalidateLatestTraj	8	static
../Core/Src/udp_client.c:866:10:UDP_Client_GetLatestTrajAgeMs	16	static
../Core/Src/udp_client.c:884:6:UDP_Client_Task	192	static
