../Core/Src/udp_client.c:95:13:time_elapsed	24	static
../Core/Src/udp_client.c:100:13:pack_message	32	static
../Core/Src/udp_client.c:117:13:parse_message	40	static
../Core/Src/udp_client.c:147:13:handle_traj_message	40	static
../Core/Src/udp_client.c:175:13:handle_cmd_ack	32	static
../Core/Src/udp_client.c:199:13:handle_received_message	24	static
../Core/Src/udp_client.c:214:13:udp_receive_nonblocking	1584	static
../Core/Src/udp_client.c:258:13:udp_send_nonblocking	40	static
../Core/Src/udp_client.c:285:13:send_pose_payload	80	static
../Core/Src/udp_client.c:304:6:queue_pose	24	static
../Core/Src/udp_client.c:317:6:UDP_Client_SendZeroPose	40	static
../Core/Src/udp_client.c:331:13:send_cmd_to_pi5	56	static
../Core/Src/udp_client.c:351:12:udp_bind_socket	32	static
../Core/Src/udp_client.c:369:12:udp_setup_nonblocking_socket	48	static
../Core/Src/udp_client.c:399:13:udp_prepare_dest_addr	8	static
../Core/Src/udp_client.c:407:6:UDP_Client_RequestCmd	16	static
../Core/Src/udp_client.c:418:6:UDP_Client_CopyLatestTraj	32	static
../Core/Src/udp_client.c:476:6:UDP_Client_Task	120	static
