../Core/Src/udp_client.c:145:13:stop_joystick_motion	8	static
../Core/Src/udp_client.c:156:13:apply_joystick_vector	32	static
../Core/Src/udp_client.c:178:13:apply_joystick_spin	16	static
../Core/Src/udp_client.c:186:13:handle_joy_stream_cmd	32	static
../Core/Src/udp_client.c:282:13:time_elapsed	24	static
../Core/Src/udp_client.c:287:13:seq_is_newer	16	static
../Core/Src/udp_client.c:292:24:term_rb_next	16	static
../Core/Src/udp_client.c:297:13:term_rb_push	24	static
../Core/Src/udp_client.c:310:17:term_rb_pop_chunk	24	static
../Core/Src/udp_client.c:323:13:knot_is_valid	16	static
../Core/Src/udp_client.c:353:13:pack_message	32	static
../Core/Src/udp_client.c:370:13:parse_message	40	static
../Core/Src/udp_client.c:400:13:handle_traj_message	64	static
../Core/Src/udp_client.c:468:13:handle_cmd_message	40	static
../Core/Src/udp_client.c:512:13:handle_received_message	24	static
../Core/Src/udp_client.c:527:13:udp_receive_nonblocking	80	static
../Core/Src/udp_client.c:569:13:udp_send_nonblocking	40	static
../Core/Src/udp_client.c:596:13:send_pose_payload	80	static
../Core/Src/udp_client.c:615:6:queue_pose	24	static
../Core/Src/udp_client.c:628:6:UDP_Client_SendZeroPose	40	static
../Core/Src/udp_client.c:642:13:send_cmd_packet	128	static
../Core/Src/udp_client.c:682:12:udp_bind_socket	32	static
../Core/Src/udp_client.c:700:12:udp_setup_nonblocking_socket	48	static
../Core/Src/udp_client.c:730:13:udp_prepare_dest_addr	8	static
../Core/Src/udp_client.c:738:6:UDP_Client_RequestCmd	16	static
../Core/Src/udp_client.c:749:6:UDP_Client_QueueTerminalData	24	static
../Core/Src/udp_client.c:767:6:UDP_Client_CopyLatestTraj	32	static
../Core/Src/udp_client.c:826:6:UDP_Client_InvalidateLatestTraj	8	static
../Core/Src/udp_client.c:837:10:UDP_Client_GetLatestTrajAgeMs	16	static
../Core/Src/udp_client.c:855:6:UDP_Client_Task	192	static
