../Core/Src/udp_client.c:101:13:time_elapsed	24	static
../Core/Src/udp_client.c:106:13:pack_message	32	static
../Core/Src/udp_client.c:123:13:parse_message	40	static
../Core/Src/udp_client.c:153:13:handle_traj_message	40	static
../Core/Src/udp_client.c:181:13:handle_cmd_ack	32	static
../Core/Src/udp_client.c:205:13:handle_received_message	24	static
../Core/Src/udp_client.c:217:13:udp_receive_nonblocking	1584	static
../Core/Src/udp_client.c:261:13:udp_send_nonblocking	40	static
../Core/Src/udp_client.c:288:13:send_pose_payload	80	static
../Core/Src/udp_client.c:307:13:queue_pose	24	static
../Core/Src/udp_client.c:320:6:UDP_Client_SendZeroPose	40	static
../Core/Src/udp_client.c:334:13:send_cmd_to_pi5	56	static
../Core/Src/udp_client.c:346:12:udp_bind_socket	32	static
../Core/Src/udp_client.c:364:12:udp_setup_nonblocking_socket	48	static
../Core/Src/udp_client.c:394:13:udp_prepare_dest_addr	8	static
../Core/Src/udp_client.c:402:6:UDP_Client_RequestCmd	16	static
../Core/Src/udp_client.c:413:6:UDP_Client_CopyLatestTraj	32	static
../Core/Src/udp_client.c:457:6:UDP_Client_Task	112	static
