../Core/Src/udp_client.c:143:13:addr_is_pi5	24	static
../Core/Src/udp_client.c:153:13:stop_joystick_motion	8	static
../Core/Src/udp_client.c:164:13:apply_joystick_vector	32	static
../Core/Src/udp_client.c:186:13:apply_joystick_spin	16	static
../Core/Src/udp_client.c:194:13:handle_joy_stream_cmd	32	static
../Core/Src/udp_client.c:267:13:time_elapsed	24	static
../Core/Src/udp_client.c:272:13:seq_is_newer	16	static
../Core/Src/udp_client.c:277:24:term_rb_next	16	static
../Core/Src/udp_client.c:282:13:term_rb_push	24	static
../Core/Src/udp_client.c:295:17:term_rb_pop_chunk	24	static
../Core/Src/udp_client.c:308:13:knot_is_valid	16	static
../Core/Src/udp_client.c:338:13:pack_message	32	static
../Core/Src/udp_client.c:355:13:parse_message	40	static
../Core/Src/udp_client.c:385:13:handle_traj_message	64	static
../Core/Src/udp_client.c:453:13:handle_cmd_message	40	static
../Core/Src/udp_client.c:497:13:handle_received_message	24	static
../Core/Src/udp_client.c:512:13:udp_receive_nonblocking	80	static
../Core/Src/udp_client.c:554:13:udp_send_nonblocking	40	static
../Core/Src/udp_client.c:581:13:send_pose_payload	80	static
../Core/Src/udp_client.c:600:6:queue_pose	24	static
../Core/Src/udp_client.c:613:6:UDP_Client_SendZeroPose	40	static
../Core/Src/udp_client.c:627:13:send_cmd_packet	128	static
../Core/Src/udp_client.c:667:12:udp_bind_socket	32	static
../Core/Src/udp_client.c:685:12:udp_setup_nonblocking_socket	48	static
../Core/Src/udp_client.c:715:13:udp_prepare_dest_addr	8	static
../Core/Src/udp_client.c:723:6:UDP_Client_RequestCmd	16	static
../Core/Src/udp_client.c:734:6:UDP_Client_QueueTerminalData	24	static
../Core/Src/udp_client.c:752:6:UDP_Client_CopyLatestTraj	32	static
../Core/Src/udp_client.c:811:6:UDP_Client_InvalidateLatestTraj	8	static
../Core/Src/udp_client.c:822:10:UDP_Client_GetLatestTrajAgeMs	16	static
../Core/Src/udp_client.c:840:6:UDP_Client_Task	192	static
