../Core/Src/udp_client.c:118:13:time_elapsed	24	static
../Core/Src/udp_client.c:123:13:seq_is_newer	16	static
../Core/Src/udp_client.c:128:24:term_rb_next	16	static
../Core/Src/udp_client.c:133:13:term_rb_push	24	static
../Core/Src/udp_client.c:146:17:term_rb_pop_chunk	24	static
../Core/Src/udp_client.c:159:13:knot_is_valid	16	static
../Core/Src/udp_client.c:189:13:pack_message	32	static
../Core/Src/udp_client.c:206:13:parse_message	40	static
../Core/Src/udp_client.c:236:13:handle_traj_message	64	static
../Core/Src/udp_client.c:304:13:handle_cmd_message	40	static
../Core/Src/udp_client.c:343:13:handle_received_message	24	static
../Core/Src/udp_client.c:355:13:udp_receive_nonblocking	80	static
../Core/Src/udp_client.c:397:13:udp_send_nonblocking	40	static
../Core/Src/udp_client.c:424:13:send_pose_payload	80	static
../Core/Src/udp_client.c:443:6:queue_pose	24	static
../Core/Src/udp_client.c:456:6:UDP_Client_SendZeroPose	40	static
../Core/Src/udp_client.c:470:13:send_cmd_packet	128	static
../Core/Src/udp_client.c:510:12:udp_bind_socket	32	static
../Core/Src/udp_client.c:528:12:udp_setup_nonblocking_socket	48	static
../Core/Src/udp_client.c:558:13:udp_prepare_dest_addr	8	static
../Core/Src/udp_client.c:566:6:UDP_Client_RequestCmd	16	static
../Core/Src/udp_client.c:577:6:UDP_Client_QueueTerminalData	24	static
../Core/Src/udp_client.c:595:6:UDP_Client_CopyLatestTraj	32	static
../Core/Src/udp_client.c:654:6:UDP_Client_InvalidateLatestTraj	8	static
../Core/Src/udp_client.c:665:10:UDP_Client_GetLatestTrajAgeMs	16	static
../Core/Src/udp_client.c:683:6:UDP_Client_Task	192	static
