../Core/Src/udp_client.c:140:13:addr_is_pi5	24	static
../Core/Src/udp_client.c:150:13:stop_joystick_motion	8	static
../Core/Src/udp_client.c:160:13:apply_joystick_vector	32	static
../Core/Src/udp_client.c:182:13:handle_joy_stream_cmd	32	static
../Core/Src/udp_client.c:226:13:time_elapsed	24	static
../Core/Src/udp_client.c:231:13:seq_is_newer	16	static
../Core/Src/udp_client.c:236:24:term_rb_next	16	static
../Core/Src/udp_client.c:241:13:term_rb_push	24	static
../Core/Src/udp_client.c:254:17:term_rb_pop_chunk	24	static
../Core/Src/udp_client.c:267:13:knot_is_valid	16	static
../Core/Src/udp_client.c:297:13:pack_message	32	static
../Core/Src/udp_client.c:314:13:parse_message	40	static
../Core/Src/udp_client.c:344:13:handle_traj_message	64	static
../Core/Src/udp_client.c:412:13:handle_cmd_message	40	static
../Core/Src/udp_client.c:456:13:handle_received_message	24	static
../Core/Src/udp_client.c:471:13:udp_receive_nonblocking	80	static
../Core/Src/udp_client.c:513:13:udp_send_nonblocking	40	static
../Core/Src/udp_client.c:540:13:send_pose_payload	80	static
../Core/Src/udp_client.c:559:6:queue_pose	24	static
../Core/Src/udp_client.c:572:6:UDP_Client_SendZeroPose	40	static
../Core/Src/udp_client.c:586:13:send_cmd_packet	128	static
../Core/Src/udp_client.c:626:12:udp_bind_socket	32	static
../Core/Src/udp_client.c:644:12:udp_setup_nonblocking_socket	48	static
../Core/Src/udp_client.c:674:13:udp_prepare_dest_addr	8	static
../Core/Src/udp_client.c:682:6:UDP_Client_RequestCmd	16	static
../Core/Src/udp_client.c:693:6:UDP_Client_QueueTerminalData	24	static
../Core/Src/udp_client.c:711:6:UDP_Client_CopyLatestTraj	32	static
../Core/Src/udp_client.c:770:6:UDP_Client_InvalidateLatestTraj	8	static
../Core/Src/udp_client.c:781:10:UDP_Client_GetLatestTrajAgeMs	16	static
../Core/Src/udp_client.c:799:6:UDP_Client_Task	192	static
