../LWIP/Target/ethernetif.c:41:6:vApplicationStackOverflowHook	16	static
../LWIP/Target/ethernetif.c:48:6:vApplicationMallocFailedHook	8	static
../LWIP/Target/ethernetif.c:187:13:netif_down_link_down_cb	24	static
../LWIP/Target/ethernetif.c:194:13:netif_up_link_up_cb	24	static
../LWIP/Target/ethernetif.c:206:6:HAL_ETH_RxCpltCallback	16	static
../LWIP/Target/ethernetif.c:215:6:HAL_ETH_TxCpltCallback	16	static
../LWIP/Target/ethernetif.c:224:6:HAL_ETH_ErrorCallback	16	static
../LWIP/Target/ethernetif.c:246:13:low_level_init	168	static
../LWIP/Target/ethernetif.c:407:14:low_level_output	80	static
../LWIP/Target/ethernetif.c:479:22:low_level_input	24	static
../LWIP/Target/ethernetif.c:500:6:ethernetif_input	24	static
../LWIP/Target/ethernetif.c:557:7:ethernetif_init	16	static
../LWIP/Target/ethernetif.c:608:6:pbuf_free_custom	24	static
../LWIP/Target/ethernetif.c:631:7:sys_now	8	static
../LWIP/Target/ethernetif.c:644:6:HAL_ETH_MspInit	64	static
../LWIP/Target/ethernetif.c:709:6:HAL_ETH_MspDeInit	16	static
../LWIP/Target/ethernetif.c:757:9:ETH_PHY_IO_Init	8	static
../LWIP/Target/ethernetif.c:774:9:ETH_PHY_IO_DeInit	4	static
../LWIP/Target/ethernetif.c:786:9:ETH_PHY_IO_ReadReg	24	static
../LWIP/Target/ethernetif.c:803:9:ETH_PHY_IO_WriteReg	24	static
../LWIP/Target/ethernetif.c:817:9:ETH_PHY_IO_GetTick	8	static
../LWIP/Target/ethernetif.c:826:6:ethernet_link_thread	136	static
../LWIP/Target/ethernetif.c:894:6:HAL_ETH_RxAllocateCallback	32	static
../LWIP/Target/ethernetif.c:916:6:HAL_ETH_RxLinkCallback	40	static
../LWIP/Target/ethernetif.c:968:6:HAL_ETH_TxFreeCallback	16	static
