../../ThreadSafe/newlib_lock_glue.c:46:13:Error_Handler	4	static
../../ThreadSafe/stm32_lock.h:293:20:stm32_lock_acquire	24	static
../../ThreadSafe/stm32_lock.h:304:20:stm32_lock_release	24	static
../../ThreadSafe/newlib_lock_glue.c:274:6:__malloc_lock	8	static
../../ThreadSafe/newlib_lock_glue.c:282:6:__malloc_unlock	8	static
../../ThreadSafe/newlib_lock_glue.c:292:6:__env_lock	16	static
../../ThreadSafe/newlib_lock_glue.c:302:6:__env_unlock	16	static
../../ThreadSafe/newlib_lock_glue.c:311:6:__tz_lock	8	static
../../ThreadSafe/newlib_lock_glue.c:319:6:__tz_unlock	8	static
../../ThreadSafe/newlib_lock_glue.c:363:5:__cxa_guard_acquire	32	static
../../ThreadSafe/newlib_lock_glue.c:399:6:__cxa_guard_abort	16	static
../../ThreadSafe/newlib_lock_glue.c:420:6:__cxa_guard_release	24	static
