Archive member included to satisfy reference by file (symbol)

/usr/lib/gcc/arm-none-eabi/13.2.1/../../../arm-none-eabi/lib/thumb/v7e-m+dp/hard/libc_nano.a(libc_a-rand.o)
                              build/udp.o (rand)
/usr/lib/gcc/arm-none-eabi/13.2.1/../../../arm-none-eabi/lib/thumb/v7e-m+dp/hard/libc_nano.a(libc_a-assert.o)
                              /usr/lib/gcc/arm-none-eabi/13.2.1/../../../arm-none-eabi/lib/thumb/v7e-m+dp/hard/libc_nano.a(libc_a-rand.o) (__assert_func)
/usr/lib/gcc/arm-none-eabi/13.2.1/../../../arm-none-eabi/lib/thumb/v7e-m+dp/hard/libc_nano.a(libc_a-impure.o)
                              build/tasks.o (_impure_ptr)
/usr/lib/gcc/arm-none-eabi/13.2.1/../../../arm-none-eabi/lib/thumb/v7e-m+dp/hard/libc_nano.a(libc_a-init.o)
                              /usr/lib/gcc/arm-none-eabi/13.2.1/../../../arm-none-eabi/lib/thumb/v7e-m+dp/hard/crt0.o (__libc_init_array)
/usr/lib/gcc/arm-none-eabi/13.2.1/../../../arm-none-eabi/lib/thumb/v7e-m+dp/hard/libc_nano.a(libc_a-puts.o)
                              build/ethernetif.o (puts)
/usr/lib/gcc/arm-none-eabi/13.2.1/../../../arm-none-eabi/lib/thumb/v7e-m+dp/hard/libc_nano.a(libc_a-findfp.o)
                              /usr/lib/gcc/arm-none-eabi/13.2.1/../../../arm-none-eabi/lib/thumb/v7e-m+dp/hard/libc_nano.a(libc_a-puts.o) (__sinit)
/usr/lib/gcc/arm-none-eabi/13.2.1/../../../arm-none-eabi/lib/thumb/v7e-m+dp/hard/libc_nano.a(libc_a-abort.o)
                              /usr/lib/gcc/arm-none-eabi/13.2.1/../../../arm-none-eabi/lib/thumb/v7e-m+dp/hard/libc_nano.a(libc_a-assert.o) (abort)
/usr/lib/gcc/arm-none-eabi/13.2.1/../../../arm-none-eabi/lib/thumb/v7e-m+dp/hard/libc_nano.a(libc_a-strlen.o)
                              build/tasks.o (strlen)
/usr/lib/gcc/arm-none-eabi/13.2.1/../../../arm-none-eabi/lib/thumb/v7e-m+dp/hard/libc_nano.a(libc_a-memset.o)
                              /usr/lib/gcc/arm-none-eabi/13.2.1/../../../arm-none-eabi/lib/thumb/v7e-m+dp/hard/crt0.o (memset)
/usr/lib/gcc/arm-none-eabi/13.2.1/../../../arm-none-eabi/lib/thumb/v7e-m+dp/hard/libc_nano.a(libc_a-fflush.o)
                              /usr/lib/gcc/arm-none-eabi/13.2.1/../../../arm-none-eabi/lib/thumb/v7e-m+dp/hard/libc_nano.a(libc_a-findfp.o) (_fflush_r)
/usr/lib/gcc/arm-none-eabi/13.2.1/../../../arm-none-eabi/lib/thumb/v7e-m+dp/hard/libc_nano.a(libc_a-mallocr.o)
                              /usr/lib/gcc/arm-none-eabi/13.2.1/../../../arm-none-eabi/lib/thumb/v7e-m+dp/hard/libc_nano.a(libc_a-findfp.o) (_malloc_r)
/usr/lib/gcc/arm-none-eabi/13.2.1/../../../arm-none-eabi/lib/thumb/v7e-m+dp/hard/libc_nano.a(libc_a-freer.o)
                              /usr/lib/gcc/arm-none-eabi/13.2.1/../../../arm-none-eabi/lib/thumb/v7e-m+dp/hard/libc_nano.a(libc_a-fflush.o) (_free_r)
/usr/lib/gcc/arm-none-eabi/13.2.1/../../../arm-none-eabi/lib/thumb/v7e-m+dp/hard/libc_nano.a(libc_a-memmove.o)
                              build/def.o (memmove)
/usr/lib/gcc/arm-none-eabi/13.2.1/../../../arm-none-eabi/lib/thumb/v7e-m+dp/hard/libc_nano.a(libc_a-atoi.o)
                              build/netif.o (atoi)
/usr/lib/gcc/arm-none-eabi/13.2.1/../../../arm-none-eabi/lib/thumb/v7e-m+dp/hard/libc_nano.a(libc_a-strtol.o)
                              /usr/lib/gcc/arm-none-eabi/13.2.1/../../../arm-none-eabi/lib/thumb/v7e-m+dp/hard/libc_nano.a(libc_a-atoi.o) (_strtol_r)
/usr/lib/gcc/arm-none-eabi/13.2.1/../../../arm-none-eabi/lib/thumb/v7e-m+dp/hard/libc_nano.a(libc_a-fwalk.o)
                              /usr/lib/gcc/arm-none-eabi/13.2.1/../../../arm-none-eabi/lib/thumb/v7e-m+dp/hard/libc_nano.a(libc_a-findfp.o) (_fwalk_sglue)
/usr/lib/gcc/arm-none-eabi/13.2.1/../../../arm-none-eabi/lib/thumb/v7e-m+dp/hard/libc_nano.a(libc_a-wsetup.o)
                              /usr/lib/gcc/arm-none-eabi/13.2.1/../../../arm-none-eabi/lib/thumb/v7e-m+dp/hard/libc_nano.a(libc_a-puts.o) (__swsetup_r)
/usr/lib/gcc/arm-none-eabi/13.2.1/../../../arm-none-eabi/lib/thumb/v7e-m+dp/hard/libc_nano.a(libc_a-memcpy.o)
                              build/queue.o (memcpy)
/usr/lib/gcc/arm-none-eabi/13.2.1/../../../arm-none-eabi/lib/thumb/v7e-m+dp/hard/libc_nano.a(libc_a-malloc.o)
                              /usr/lib/gcc/arm-none-eabi/13.2.1/../../../arm-none-eabi/lib/thumb/v7e-m+dp/hard/libc_nano.a(libc_a-rand.o) (malloc)
/usr/lib/gcc/arm-none-eabi/13.2.1/../../../arm-none-eabi/lib/thumb/v7e-m+dp/hard/libc_nano.a(libc_a-fprintf.o)
                              /usr/lib/gcc/arm-none-eabi/13.2.1/../../../arm-none-eabi/lib/thumb/v7e-m+dp/hard/libc_nano.a(libc_a-assert.o) (fiprintf)
/usr/lib/gcc/arm-none-eabi/13.2.1/../../../arm-none-eabi/lib/thumb/v7e-m+dp/hard/libc_nano.a(libc_a-reent.o)
                              build/tasks.o (_reclaim_reent)
/usr/lib/gcc/arm-none-eabi/13.2.1/../../../arm-none-eabi/lib/thumb/v7e-m+dp/hard/libc_nano.a(libc_a-mlock.o)
                              /usr/lib/gcc/arm-none-eabi/13.2.1/../../../arm-none-eabi/lib/thumb/v7e-m+dp/hard/libc_nano.a(libc_a-mallocr.o) (__malloc_lock)
[...]
Memory Configuration

Name             Origin             Length             Attributes
FLASH            0x08000000         0x00100000         xr
RAM              0x20000000         0x00020000         xrw
ITCMRAM          0x00000000         0x00010000         xrw
*default*        0x00000000         0xffffffff

Linker script and memory map

LOAD /usr/lib/gcc/arm-none-eabi/13.2.1/thumb/v7e-m+dp/hard/crti.o
LOAD /usr/lib/gcc/arm-none-eabi/13.2.1/thumb/v7e-m+dp/hard/crtbegin.o
LOAD /usr/lib/gcc/arm-none-eabi/13.2.1/../../../arm-none-eabi/lib/thumb/v7e-m+dp/hard/crt0.o
LOAD build/ethernetif.o
LOAD build/lwip.o
LOAD build/main.o
LOAD build/freertos.o
LOAD build/stm32h7xx_it.o
LOAD build/stm32h7xx_hal_msp.o
LOAD build/lan8742.o
LOAD build/lan8742.o
LOAD build/stm32h7xx_nucleo.o
LOAD build/stm32h7xx_hal_eth.o
LOAD build/stm32h7xx_hal_eth_ex.o
LOAD build/stm32h7xx_hal_rcc.o
LOAD build/stm32h7xx_hal_rcc_ex.o
LOAD build/stm32h7xx_hal_flash.o
LOAD build/stm32h7xx_hal_flash_ex.o
LOAD build/stm32h7xx_hal_gpio.o
LOAD build/stm32h7xx_hal_hsem.o
LOAD build/stm32h7xx_hal_dma.o
LOAD build/stm32h7xx_hal_dma_ex.o
LOAD build/stm32h7xx_hal_mdma.o
LOAD build/stm32h7xx_hal_pwr.o
LOAD build/stm32h7xx_hal_pwr_ex.o
LOAD build/stm32h7xx_hal_cortex.o
LOAD build/stm32h7xx_hal.o
LOAD build/stm32h7xx_hal_i2c.o
LOAD build/stm32h7xx_hal_i2c_ex.o
LOAD build/stm32h7xx_hal_exti.o
LOAD build/stm32h7xx_hal_adc.o
LOAD build/stm32h7xx_hal_adc_ex.o
LOAD build/stm32h7xx_hal_tim.o
LOAD build/stm32h7xx_hal_tim_ex.o
LOAD build/stm32h7xx_hal_uart.o
LOAD build/stm32h7xx_hal_uart_ex.o
LOAD build/stm32h7xx_hal_usart.o
LOAD build/stm32h7xx_hal_usart_ex.o
LOAD build/system_stm32h7xx_dualcore_boot_cm4_cm7.o
LOAD build/croutine.o
LOAD build/event_groups.o
LOAD build/list.o
LOAD build/queue.o
LOAD build/stream_buffer.o
LOAD build/tasks.o
LOAD build/timers.o
LOAD build/cmsis_os2.o
LOAD build/heap_4.o
LOAD build/port.o
LOAD build/auth.o
LOAD build/ccp.o
LOAD build/chap_ms.o
LOAD build/chap-md5.o
LOAD build/chap-new.o
LOAD build/demand.o
LOAD build/eap.o
LOAD build/eui64.o
LOAD build/fsm.o
LOAD build/ipcp.o
LOAD build/ipv6cp.o
LOAD build/lcp.o
LOAD build/magic.o
LOAD build/mppe.o
LOAD build/multilink.o
LOAD build/ppp.o
LOAD build/pppapi.o
LOAD build/pppcrypt.o
LOAD build/pppoe.o
LOAD build/pppol2tp.o
LOAD build/pppos.o
LOAD build/upap.o
LOAD build/utils.o
LOAD build/vj.o
LOAD build/bridgeif.o
LOAD build/bridgeif_fdb.o
LOAD build/ethernet.o
LOAD build/lowpan6.o
LOAD build/lowpan6_ble.o
LOAD build/lowpan6_common.o
LOAD build/slipif.o
LOAD build/zepif.o
LOAD build/ecp.o
LOAD build/api_lib.o
LOAD build/api_msg.o
LOAD build/err.o
LOAD build/if_api.o
LOAD build/netbuf.o
LOAD build/netdb.o
LOAD build/netifapi.o
LOAD build/sockets.o
LOAD build/tcpip.o
LOAD build/altcp.o
LOAD build/altcp_alloc.o
LOAD build/altcp_tcp.o
LOAD build/def.o
LOAD build/dns.o
LOAD build/inet_chksum.o
LOAD build/init.o
LOAD build/ip.o
LOAD build/mem.o
LOAD build/memp.o
LOAD build/netif.o
LOAD build/pbuf.o
LOAD build/raw.o
LOAD build/stats.o
LOAD build/sys.o
LOAD build/tcp.o
LOAD build/tcp_in.o
LOAD build/tcp_out.o
LOAD build/timeouts.o
LOAD build/udp.o
LOAD build/autoip.o
LOAD build/dhcp.o
LOAD build/etharp.o
LOAD build/icmp.o
LOAD build/igmp.o
LOAD build/ip4.o
LOAD build/ip4_addr.o
LOAD build/ip4_frag.o
LOAD build/dhcp6.o
LOAD build/ethip6.o
LOAD build/icmp6.o
LOAD build/inet6.o
LOAD build/ip6.o
LOAD build/ip6_addr.o
LOAD build/ip6_frag.o
LOAD build/mld6.o
LOAD build/nd6.o
LOAD build/sys_arch.o
LOAD build/mqtt.o
LOAD build/sysmem.o
LOAD build/syscalls.o
LOAD build/startup_stm32h755xx_CM7.o
LOAD /usr/lib/gcc/arm-none-eabi/13.2.1/../../../arm-none-eabi/lib/thumb/v7e-m+dp/hard/libc_nano.a
LOAD /usr/lib/gcc/arm-none-eabi/13.2.1/../../../arm-none-eabi/lib/thumb/v7e-m+dp/hard/libm.a
LOAD /usr/lib/gcc/arm-none-eabi/13.2.1/../../../arm-none-eabi/lib/thumb/v7e-m+dp/hard/libnosys.a
START GROUP
LOAD /usr/lib/gcc/arm-none-eabi/13.2.1/thumb/v7e-m+dp/hard/libgcc.a
LOAD /usr/lib/gcc/arm-none-eabi/13.2.1/../../../arm-none-eabi/lib/thumb/v7e-m+dp/hard/libc_nano.a
END GROUP
START GROUP
LOAD /usr/lib/gcc/arm-none-eabi/13.2.1/thumb/v7e-m+dp/hard/libgcc.a
LOAD /usr/lib/gcc/arm-none-eabi/13.2.1/../../../arm-none-eabi/lib/thumb/v7e-m+dp/hard/libc_nano.a
END GROUP
LOAD /usr/lib/gcc/arm-none-eabi/13.2.1/thumb/v7e-m+dp/hard/crtend.o
LOAD /usr/lib/gcc/arm-none-eabi/13.2.1/thumb/v7e-m+dp/hard/crtn.o
                0x20020000                        _estack = 0x20020000
                0x00000200                        _Min_Heap_Size = 0x200
                0x00000400                        _Min_Stack_Size = 0x400

.isr_vector     0x08000000      0x298
                0x08000000                        . = ALIGN (0x4)
 *(.isr_vector)
 .isr_vector    0x08000000      0x298 build/startup_stm32h755xx_CM7.o
                0x08000000                g_pfnVectors
                0x08000298                        . = ALIGN (0x4)

.text           0x080002a0    0x13998
                0x080002a0                        . = ALIGN (0x4)
 *(.text)
 .text          0x080002a0       0x88 /usr/lib/gcc/arm-none-eabi/13.2.1/thumb/v7e-m+dp/hard/crtbegin.o
 .text          0x08000328       0xfc /usr/lib/gcc/arm-none-eabi/13.2.1/../../../arm-none-eabi/lib/thumb/v7e-m+dp/hard/libc_nano.a(libc_a-rand.o)
                0x08000328                srand
                0x0800038c                rand
 .text          0x08000424       0x4c /usr/lib/gcc/arm-none-eabi/13.2.1/../../../arm-none-eabi/lib/thumb/v7e-m+dp/hard/libc_nano.a(libc_a-assert.o)
                0x08000424                __assert_func
                0x08000464                __assert
 .text          0x08000470       0x50 /usr/lib/gcc/arm-none-eabi/13.2.1/../../../arm-none-eabi/lib/thumb/v7e-m+dp/hard/libc_nano.a(libc_a-init.o)
                0x08000470                __libc_init_array
 .text          0x080004c0      0x224 /usr/lib/gcc/arm-none-eabi/13.2.1/../../../arm-none-eabi/lib/thumb/v7e-m+dp/hard/libc_nano.a(libc_a-findfp.o)
                0x080005f0                __sfp
                0x08000694                __sinit
                0x080006b4                __sfp_lock_acquire
                0x080006b8                __sfp_lock_release
                0x080006bc                __fp_lock_all
                0x080006d0                __fp_unlock_all
 .text          0x080006e4       0x10 /usr/lib/gcc/arm-none-eabi/13.2.1/../../../arm-none-eabi/lib/thumb/v7e-m+dp/hard/libc_nano.a(libc_a-abort.o)
                0x080006e4                abort
 .text          0x080006f4       0xa4 /usr/lib/gcc/arm-none-eabi/13.2.1/../../../arm-none-eabi/lib/thumb/v7e-m+dp/hard/libc_nano.a(libc_a-memset.o)
                0x080006f4                memset
 .text          0x08000798      0x1a8 /usr/lib/gcc/arm-none-eabi/13.2.1/../../../arm-none-eabi/lib/thumb/v7e-m+dp/hard/libc_nano.a(libc_a-fflush.o)
                0x08000798                __sflush_r
                0x080008bc                _fflush_r
                0x080008f4                fflush
 .text          0x08000940      0x148 /usr/lib/gcc/arm-none-eabi/13.2.1/../../../arm-none-eabi/lib/thumb/v7e-m+dp/hard/libc_nano.a(libc_a-mallocr.o)
                0x08000988                _malloc_r
 .text          0x08000a88       0xbc /usr/lib/gcc/arm-none-eabi/13.2.1/../../../arm-none-eabi/lib/thumb/v7e-m+dp/hard/libc_nano.a(libc_a-freer.o)
                0x08000a88                _free_r
 .text          0x08000b44      0x100 /usr/lib/gcc/arm-none-eabi/13.2.1/../../../arm-none-eabi/lib/thumb/v7e-m+dp/hard/libc_nano.a(libc_a-memmove.o)
                0x08000b44                memmove
 .text          0x08000c44       0x44 /usr/lib/gcc/arm-none-eabi/13.2.1/../../../arm-none-eabi/lib/thumb/v7e-m+dp/hard/libc_nano.a(libc_a-fwalk.o)
                0x08000c44                _fwalk_sglue
 .text          0x08000c88       0xc4 /usr/lib/gcc/arm-none-eabi/13.2.1/../../../arm-none-eabi/lib/thumb/v7e-m+dp/hard/libc_nano.a(libc_a-wsetup.o)
                0x08000c88                __swsetup_r
 .text          0x08000d4c      0x134 /usr/lib/gcc/arm-none-eabi/13.2.1/../../../arm-none-eabi/lib/thumb/v7e-m+dp/hard/libc_nano.a(libc_a-memcpy.o)
                0x08000d4c                memcpy
 .text          0x08000e80       0x20 /usr/lib/gcc/arm-none-eabi/13.2.1/../../../arm-none-eabi/lib/thumb/v7e-m+dp/hard/libc_nano.a(libc_a-malloc.o)
                0x08000e80                malloc
                0x08000e90                free
 .text          0x08000ea0       0x44 /usr/lib/gcc/arm-none-eabi/13.2.1/../../../arm-none-eabi/lib/thumb/v7e-m+dp/hard/libc_nano.a(libc_a-fprintf.o)
                0x08000ea0                _fprintf_r
                0x08000ea0                _fiprintf_r
                0x08000ebc                fprintf
                0x08000ebc                fiprintf
 .text          0x08000ee4       0xd4 /usr/lib/gcc/arm-none-eabi/13.2.1/../../../arm-none-eabi/lib/thumb/v7e-m+dp/hard/libc_nano.a(libc_a-reent.o)
                0x08000ee4                _reclaim_reent
 .text          0x08000fb8        0x8 /usr/lib/gcc/arm-none-eabi/13.2.1/../../../arm-none-eabi/lib/thumb/v7e-m+dp/hard/libc_nano.a(libc_a-mlock.o)
                0x08000fb8                __malloc_lock
                0x08000fbc                __malloc_unlock
 .text          0x08000fc0      0x114 /usr/lib/gcc/arm-none-eabi/13.2.1/../../../arm-none-eabi/lib/thumb/v7e-m+dp/hard/libc_nano.a(libc_a-makebuf.o)
                0x08000fc0                __smakebuf_r
                0x08001084                __swhatbuf_r
 .text          0x080010d4      0x114 /usr/lib/gcc/arm-none-eabi/13.2.1/../../../arm-none-eabi/lib/thumb/v7e-m+dp/hard/libc_nano.a(libc_a-snprintf.o)
                0x080010d4                _sniprintf_r
                0x080010d4                _snprintf_r
                0x08001158                snprintf
                0x08001158                sniprintf
 .text          0x080011e8       0x5c /usr/lib/gcc/arm-none-eabi/13.2.1/../../../arm-none-eabi/lib/thumb/v7e-m+dp/hard/libc_nano.a(libc_a-memcmp.o)
                0x080011e8                memcmp
 .text          0x08001244       0x48 /usr/lib/gcc/arm-none-eabi/13.2.1/../../../arm-none-eabi/lib/thumb/v7e-m+dp/hard/libc_nano.a(libc_a-printf.o)
                0x08001244                _printf_r
                0x08001244                _iprintf_r
                0x08001264                printf
                0x08001264                iprintf
 .text          0x0800128c       0x24 /usr/lib/gcc/arm-none-eabi/13.2.1/../../../arm-none-eabi/lib/thumb/v7e-m+dp/hard/libc_nano.a(libc_a-isattyr.o)
                0x0800128c                _isatty_r
 .text          0x080012b0      0x314 /usr/lib/gcc/arm-none-eabi/13.2.1/../../../arm-none-eabi/lib/thumb/v7e-m+dp/hard/libc_nano.a(libc_a-nano-vfprintf.o)
                0x080012ec                __sfputs_r
                0x0800131c                __sprint_r
                0x0800133c                _vfiprintf_r
                0x0800133c                _vfprintf_r
                0x080015a8                vfiprintf
                0x080015a8                vfprintf
 .text          0x080015c4       0xa0 /usr/lib/gcc/arm-none-eabi/13.2.1/../../../arm-none-eabi/lib/thumb/v7e-m+dp/hard/libc_nano.a(libc_a-wbuf.o)
                0x080015c4                __swbuf_r
                0x0800164c                __swbuf
 .text          0x08001664       0x24 /usr/lib/gcc/arm-none-eabi/13.2.1/../../../arm-none-eabi/lib/thumb/v7e-m+dp/hard/libc_nano.a(libc_a-sbrkr.o)
                0x08001664                _sbrk_r
 .text          0x08001688       0x94 /usr/lib/gcc/arm-none-eabi/13.2.1/../../../arm-none-eabi/lib/thumb/v7e-m+dp/hard/libc_nano.a(libc_a-stdio.o)
                0x08001688                __sread
                0x080016ac                __seofread
                0x080016b0                __swrite
                0x080016f0                __sseek
                0x08001714                __sclose
 .text          0x0800171c      0x400 /usr/lib/gcc/arm-none-eabi/13.2.1/../../../arm-none-eabi/lib/thumb/v7e-m+dp/hard/libc_nano.a(libc_a-nano-svfprintf.o)
                0x0800171c                __ssputs_r
                0x080017dc                __ssprint_r
                0x080018e4                _svfprintf_r
                0x080018e4                _svfiprintf_r
 .text          0x08001b1c      0x300 /usr/lib/gcc/arm-none-eabi/13.2.1/../../../arm-none-eabi/lib/thumb/v7e-m+dp/hard/libc_nano.a(libc_a-fvwrite.o)
                0x08001b1c                __sfvwrite_r
 .text          0x08001e1c      0x260 /usr/lib/gcc/arm-none-eabi/13.2.1/../../../arm-none-eabi/lib/thumb/v7e-m+dp/hard/libc_nano.a(libc_a-signal.o)
                0x08001e1c                _init_signal_r
                0x08001e48                _signal_r
                0x08001e94                _raise_r
                0x08001ee4                __sigtramp_r
                0x08001f44                raise
                0x08001f98                signal
                0x08001fe4                _init_signal
                0x08002018                __sigtramp
 .text          0x0800207c       0x24 /usr/lib/gcc/arm-none-eabi/13.2.1/../../../arm-none-eabi/lib/thumb/v7e-m+dp/hard/libc_nano.a(libc_a-closer.o)
                0x0800207c                _close_r
 .text          0x080020a0       0xa0 /usr/lib/gcc/arm-none-eabi/13.2.1/../../../arm-none-eabi/lib/thumb/v7e-m+dp/hard/libc_nano.a(libc_a-memchr.o)
                0x080020a0                memchr
 .text          0x08002140       0x2c /usr/lib/gcc/arm-none-eabi/13.2.1/../../../arm-none-eabi/lib/thumb/v7e-m+dp/hard/libc_nano.a(libc_a-readr.o)
                0x08002140                _read_r
 .text          0x0800216c       0x64 /usr/lib/gcc/arm-none-eabi/13.2.1/../../../arm-none-eabi/lib/thumb/v7e-m+dp/hard/libc_nano.a(libc_a-reallocr.o)
                0x0800216c                _realloc_r
 .text          0x080021d0      0x3a8 /usr/lib/gcc/arm-none-eabi/13.2.1/../../../arm-none-eabi/lib/thumb/v7e-m+dp/hard/libc_nano.a(libc_a-nano-vfprintf_i.o)
                0x080021d0                _printf_common
                0x080022f4                _printf_i
 .text          0x08002578       0x2c /usr/lib/gcc/arm-none-eabi/13.2.1/../../../arm-none-eabi/lib/thumb/v7e-m+dp/hard/libc_nano.a(libc_a-fstatr.o)
                0x08002578                _fstat_r
 .text          0x080025a4       0x2c /usr/lib/gcc/arm-none-eabi/13.2.1/../../../arm-none-eabi/lib/thumb/v7e-m+dp/hard/libc_nano.a(libc_a-lseekr.o)
                0x080025a4                _lseek_r
 .text          0x080025d0       0x2c /usr/lib/gcc/arm-none-eabi/13.2.1/../../../arm-none-eabi/lib/thumb/v7e-m+dp/hard/libc_nano.a(libc_a-writer.o)
                0x080025d0                _write_r
 .text          0x080025fc       0x10 /usr/lib/gcc/arm-none-eabi/13.2.1/../../../arm-none-eabi/lib/thumb/v7e-m+dp/hard/libc_nano.a(libc_a-msizer.o)
                0x080025fc                _malloc_usable_size_r
 .text          0x0800260c       0x30 /usr/lib/gcc/arm-none-eabi/13.2.1/../../../arm-none-eabi/lib/thumb/v7e-m+dp/hard/libc_nano.a(libc_a-signalr.o)
                0x0800260c                _kill_r
                0x08002638                _getpid_r
 *fill*         0x0800263c        0x4 
 .text          0x08002640       0x80 /usr/lib/gcc/arm-none-eabi/13.2.1/../../../arm-none-eabi/lib/thumb/v7e-m+dp/hard/libm.a(libm_a-s_sin.o)
                0x08002640                sin
 .text          0x080026c0      0x29c /usr/lib/gcc/arm-none-eabi/13.2.1/../../../arm-none-eabi/lib/thumb/v7e-m+dp/hard/libm.a(libm_a-e_rem_pio2.o)
                0x080026c0                __ieee754_rem_pio2
 *fill*         0x0800295c        0x4 
 .text          0x08002960      0x678 /usr/lib/gcc/arm-none-eabi/13.2.1/../../../arm-none-eabi/lib/thumb/v7e-m+dp/hard/libm.a(libm_a-k_rem_pio2.o)
                0x08002960                __kernel_rem_pio2
 .text          0x08002fd8      0x104 /usr/lib/gcc/arm-none-eabi/13.2.1/../../../arm-none-eabi/lib/thumb/v7e-m+dp/hard/libm.a(libm_a-s_scalbn.o)
                0x08002fd8                scalbn
 *fill*         0x080030dc        0x4 
 .text          0x080030e0       0xb0 /usr/lib/gcc/arm-none-eabi/13.2.1/../../../arm-none-eabi/lib/thumb/v7e-m+dp/hard/libm.a(libm_a-k_sin.o)
                0x080030e0                __kernel_sin
 .text          0x08003190       0x80 /usr/lib/gcc/arm-none-eabi/13.2.1/../../../arm-none-eabi/lib/thumb/v7e-m+dp/hard/libm.a(libm_a-s_cos.o)
                0x08003190                cos
 .text          0x08003210      0x118 /usr/lib/gcc/arm-none-eabi/13.2.1/../../../arm-none-eabi/lib/thumb/v7e-m+dp/hard/libm.a(libm_a-s_floor.o)
                0x08003210                floor
 .text          0x08003328      0x130 /usr/lib/gcc/arm-none-eabi/13.2.1/../../../arm-none-eabi/lib/thumb/v7e-m+dp/hard/libm.a(libm_a-k_cos.o)
                0x08003328                __kernel_cos
 .text          0x08003458       0x10 /usr/lib/gcc/arm-none-eabi/13.2.1/../../../arm-none-eabi/lib/thumb/v7e-m+dp/hard/libm.a(libm_a-s_fabs.o)
                0x08003458                fabs
 .text          0x08003468       0x30 /usr/lib/gcc/arm-none-eabi/13.2.1/thumb/v7e-m+dp/hard/libgcc.a(_aeabi_uldivmod.o)
                0x08003468                __aeabi_uldivmod
 .text          0x08003498      0x2bc /usr/lib/gcc/arm-none-eabi/13.2.1/thumb/v7e-m+dp/hard/libgcc.a(_udivmoddi4.o)
                0x08003498                __udivmoddi4
 .text          0x08003754        0x4 /usr/lib/gcc/arm-none-eabi/13.2.1/thumb/v7e-m+dp/hard/libgcc.a(_dvmd_tls.o)
                0x08003754                __aeabi_ldiv0
                0x08003754                __aeabi_idiv0
 *(.text*)
 .text.ETH_PHY_IO_DeInit
                0x08003758        0x4 build/ethernetif.o
                0x08003758                ETH_PHY_IO_DeInit
 .text.low_level_input
                0x0800375c       0x28 build/ethernetif.o
 .text.ethernetif_input
                0x08003784       0x3c build/ethernetif.o
                0x08003784                ethernetif_input
 .text.low_level_output
                0x080037c0       0xe4 build/ethernetif.o
 .text.low_level_init
                0x080038a4      0x19c build/ethernetif.o
 .text.netif_up_link_up_cb
                0x08003a40       0x10 build/ethernetif.o
 .text.netif_down_link_down_cb
                0x08003a50       0x10 build/ethernetif.o
 .text.pbuf_free_custom
                0x08003a60       0x30 build/ethernetif.o
                0x08003a60                pbuf_free_custom
 .text.ETH_PHY_IO_GetTick
                0x08003a90        0x8 build/ethernetif.o
                0x08003a90                ETH_PHY_IO_GetTick
 .text.ETH_PHY_IO_Init
                0x08003a98       0x10 build/ethernetif.o
                0x08003a98                ETH_PHY_IO_Init
 .text.ETH_PHY_IO_ReadReg
                0x08003aa8       0x1c build/ethernetif.o
                0x08003aa8                ETH_PHY_IO_ReadReg
 .text.ETH_PHY_IO_WriteReg
                0x08003ac4       0x1c build/ethernetif.o
                0x08003ac4                ETH_PHY_IO_WriteReg
 .text.vApplicationStackOverflowHook
                0x08003ae0       0x10 build/ethernetif.o
                0x08003ae0                vApplicationStackOverflowHook
 .text.HAL_ETH_RxCpltCallback
                0x08003af0       0x10 build/ethernetif.o
                0x08003af0                HAL_ETH_RxCpltCallback
 .text.HAL_ETH_TxCpltCallback
                0x08003b00       0x10 build/ethernetif.o
                0x08003b00                HAL_ETH_TxCpltCallback
 .text.HAL_ETH_ErrorCallback
                0x08003b10       0x1c build/ethernetif.o
                0x08003b10                HAL_ETH_ErrorCallback
 .text.ethernetif_init
                0x08003b2c       0x48 build/ethernetif.o
                0x08003b2c                ethernetif_init
 .text.sys_now  0x08003b74        0x8 build/ethernetif.o
                0x08003b74                sys_now
 .text.HAL_ETH_MspInit
                0x08003b7c      0x148 build/ethernetif.o
                0x08003b7c                HAL_ETH_MspInit
 .text.ethernet_link_thread
                0x08003cc4       0xbc build/ethernetif.o
                0x08003cc4                ethernet_link_thread
 .text.HAL_ETH_RxAllocateCallback
                0x08003d80       0x4c build/ethernetif.o
                0x08003d80                HAL_ETH_RxAllocateCallback
 .text.HAL_ETH_RxLinkCallback
                0x08003dcc       0x48 build/ethernetif.o
                0x08003dcc                HAL_ETH_RxLinkCallback
 .text.HAL_ETH_TxFreeCallback
                0x08003e14        0x8 build/ethernetif.o
                0x08003e14                HAL_ETH_TxFreeCallback
 .text.ethernet_link_status_updated
                0x08003e1c        0x2 build/lwip.o
 *fill*         0x08003e1e        0x2 
 .text.MX_LWIP_Init
                0x08003e20      0x144 build/lwip.o
                0x08003e20                MX_LWIP_Init
 *fill*         0x08003f64        0x4 
 .text.enc      0x08003f68      0x188 build/main.o
 .text.ReadMotorCurrentAdcRaw
                0x080040f0       0x68 build/main.o
 .text.MotorCurrentRawToAmps
                0x08004158       0x54 build/main.o
 .text.UartRearmRxIt
                0x080041ac       0x2c build/main.o
 .text.MX_DMA_Init
                0x080041d8       0x38 build/main.o
 .text.MX_GPIO_Init
                0x08004210      0x170 build/main.o
 .text.CalibrateMotorCurrentOffset
                0x08004380       0xa4 build/main.o
 .text.CalibrateMotorCurrentBiasA
                0x08004424      0x10c build/main.o
 .text.remote   0x08004530      0x500 build/main.o
                0x08004530                remote
 .text.StartDefaultTask
                0x08004a30       0x2c build/main.o
                0x08004a30                StartDefaultTask
 .text.UartStartRx
                0x08004a5c       0x24 build/main.o
                0x08004a5c                UartStartRx
 .text.HAL_UART_RxCpltCallback
                0x08004a80       0x44 build/main.o
                0x08004a80                HAL_UART_RxCpltCallback
 .text.HAL_UART_ErrorCallback
                0x08004ac4       0x34 build/main.o
                0x08004ac4                HAL_UART_ErrorCallback
 .text.TIM_init
                0x08004af8       0x90 build/main.o
                0x08004af8                TIM_init
 .text.BSP_PB_Callback
                0x08004b88       0x88 build/main.o
                0x08004b88                BSP_PB_Callback
 .text._write   0x08004c10       0x18 build/main.o
                0x08004c10                _write
 .text.Error_Handler
                0x08004c28        0x4 build/main.o
                0x08004c28                Error_Handler
 .text.MX_USART1_UART_Init
                0x08004c2c       0x60 build/main.o
 .text.MX_TIM2_Init
                0x08004c8c       0x9c build/main.o
 .text.MX_TIM4_Init
                0x08004d28       0x68 build/main.o
 .text.MX_TIM8_Init
                0x08004d90       0x6c build/main.o
 .text.MX_TIM3_Init
                0x08004dfc       0x68 build/main.o
 .text.MX_USART2_UART_Init
                0x08004e64       0x60 build/main.o
 .text.MX_ADC1_Init
                0x08004ec4       0xe8 build/main.o
 .text.MX_ADC2_Init
                0x08004fac       0x8c build/main.o
 .text.TIM6_User_Init
                0x08005038       0x4c build/main.o
 .text.SystemClock_Config
                0x08005084       0xc4 build/main.o
                0x08005084                SystemClock_Config
 .text.PeriphCommonClock_Config
                0x08005148       0x2a build/main.o
                0x08005148                PeriphCommonClock_Config
 *fill*         0x08005172        0x2 
 .text.main     0x08005174      0x190 build/main.o
                0x08005174                main
 .text.NMI_Handler
                0x08005304        0x2 build/stm32h7xx_it.o
                0x08005304                NMI_Handler
 .text.HardFault_Handler
                0x08005306       0x14 build/stm32h7xx_it.o
                0x08005306                HardFault_Handler
 .text.MemManage_Handler
                0x0800531a        0x2 build/stm32h7xx_it.o
                0x0800531a                MemManage_Handler
 .text.BusFault_Handler
                0x0800531c        0x2 build/stm32h7xx_it.o
                0x0800531c                BusFault_Handler
 .text.UsageFault_Handler
                0x0800531e        0x2 build/stm32h7xx_it.o
                0x0800531e                UsageFault_Handler
 .text.DebugMon_Handler
                0x08005320        0x2 build/stm32h7xx_it.o
                0x08005320                DebugMon_Handler
 .text.SysTick_Handler
                0x08005322       0x16 build/stm32h7xx_it.o
                0x08005322                SysTick_Handler
 .text.DMA1_Stream0_IRQHandler
                0x08005338       0x10 build/stm32h7xx_it.o
                0x08005338                DMA1_Stream0_IRQHandler
 .text.USART1_IRQHandler
                0x08005348       0x10 build/stm32h7xx_it.o
                0x08005348                USART1_IRQHandler
 .text.USART2_IRQHandler
                0x08005358       0x10 build/stm32h7xx_it.o
                0x08005358                USART2_IRQHandler
 .text.EXTI15_10_IRQHandler
                0x08005368       0x12 build/stm32h7xx_it.o
                0x08005368                EXTI15_10_IRQHandler
 *fill*         0x0800537a        0x2 
 .text.ETH_IRQHandler
                0x0800537c       0x10 build/stm32h7xx_it.o
                0x0800537c                ETH_IRQHandler
 .text.HAL_TIM_Base_MspInit
                0x0800538c       0x34 build/stm32h7xx_hal_msp.o
                0x0800538c                HAL_TIM_Base_MspInit
 .text.HAL_MspInit
                0x080053c0       0x34 build/stm32h7xx_hal_msp.o
                0x080053c0                HAL_MspInit
 .text.HAL_ADC_MspInit
                0x080053f4      0x1a4 build/stm32h7xx_hal_msp.o
                0x080053f4                HAL_ADC_MspInit
 .text.HAL_TIM_PWM_MspInit
                0x08005598       0x30 build/stm32h7xx_hal_msp.o
                0x08005598                HAL_TIM_PWM_MspInit
 .text.HAL_TIM_Encoder_MspInit
                0x080055c8      0x14c build/stm32h7xx_hal_msp.o
                0x080055c8                HAL_TIM_Encoder_MspInit
 .text.HAL_TIM_MspPostInit
                0x08005714       0x88 build/stm32h7xx_hal_msp.o
                0x08005714                HAL_TIM_MspPostInit
 .text.HAL_UART_MspInit
                0x0800579c      0x178 build/stm32h7xx_hal_msp.o
                0x0800579c                HAL_UART_MspInit
 .text.LAN8742_RegisterBusIO
                0x08005914       0x3e build/lan8742.o
                0x08005914                LAN8742_RegisterBusIO
 .text.LAN8742_Init
                0x08005952       0x5e build/lan8742.o
                0x08005952                LAN8742_Init
 .text.LAN8742_GetLinkState
                0x080059b0       0xc2 build/lan8742.o
                0x080059b0                LAN8742_GetLinkState
 *fill*         0x08005a72        0x2 
 .text.COM1_MspInit
                0x08005a74       0x8c build/stm32h7xx_nucleo.o
 .text.BSP_LED_Init
                0x08005b00       0xa4 build/stm32h7xx_nucleo.o
                0x08005b00                BSP_LED_Init
 .text.BSP_LED_Toggle
                0x08005ba4       0x28 build/stm32h7xx_nucleo.o
                0x08005ba4                BSP_LED_Toggle
 .text.BSP_PB_Init
                0x08005bcc       0x8c build/stm32h7xx_nucleo.o
                0x08005bcc                BSP_PB_Init
 .text.BSP_PB_IRQHandler
                0x08005c58       0x14 build/stm32h7xx_nucleo.o
                0x08005c58                BSP_PB_IRQHandler
 .text.BUTTON_USER_EXTI_Callback
                0x08005c6c        0xa build/stm32h7xx_nucleo.o
 *fill*         0x08005c76        0x2 
 .text.MX_USART3_Init
                0x08005c78       0x30 build/stm32h7xx_nucleo.o
                0x08005c78                MX_USART3_Init
 .text.BSP_COM_Init
                0x08005ca8       0x30 build/stm32h7xx_nucleo.o
                0x08005ca8                BSP_COM_Init
 .text.ETH_UpdateDescriptor
                0x08005cd8       0xa0 build/stm32h7xx_hal_eth.o
 .text.ETH_SetMACConfig
                0x08005d78      0x1b0 build/stm32h7xx_hal_eth.o
 .text.ETH_SetDMAConfig
                0x08005f28       0xac build/stm32h7xx_hal_eth.o
 .text.ETH_MACDMAConfig
                0x08005fd4       0xdc build/stm32h7xx_hal_eth.o
 .text.ETH_DMATxDescListInit
                0x080060b0       0x5a build/stm32h7xx_hal_eth.o
 .text.ETH_DMARxDescListInit
                0x0800610a       0x6c build/stm32h7xx_hal_eth.o
 *fill*         0x08006176        0x2 
 .text.ETH_Prepare_Tx_Descriptors
                0x08006178      0x354 build/stm32h7xx_hal_eth.o
 .text.HAL_ETH_Start_IT
                0x080064cc       0x98 build/stm32h7xx_hal_eth.o
                0x080064cc                HAL_ETH_Start_IT
 .text.HAL_ETH_Stop_IT
                0x08006564       0x98 build/stm32h7xx_hal_eth.o
                0x08006564                HAL_ETH_Stop_IT
 .text.HAL_ETH_Transmit_IT
                0x080065fc       0x68 build/stm32h7xx_hal_eth.o
                0x080065fc                HAL_ETH_Transmit_IT
 .text.HAL_ETH_ReadData
                0x08006664       0xfc build/stm32h7xx_hal_eth.o
                0x08006664                HAL_ETH_ReadData
 .text.HAL_ETH_ReleaseTxPacket
                0x08006760       0x60 build/stm32h7xx_hal_eth.o
                0x08006760                HAL_ETH_ReleaseTxPacket
 .text.HAL_ETH_PMTCallback
                0x080067c0        0x2 build/stm32h7xx_hal_eth.o
                0x080067c0                HAL_ETH_PMTCallback
 .text.HAL_ETH_EEECallback
                0x080067c2        0x2 build/stm32h7xx_hal_eth.o
                0x080067c2                HAL_ETH_EEECallback
 .text.HAL_ETH_WakeUpCallback
                0x080067c4        0x2 build/stm32h7xx_hal_eth.o
                0x080067c4                HAL_ETH_WakeUpCallback
 .text.HAL_ETH_IRQHandler
                0x080067c6      0x184 build/stm32h7xx_hal_eth.o
                0x080067c6                HAL_ETH_IRQHandler
 .text.HAL_ETH_ReadPHYRegister
                0x0800694a       0x60 build/stm32h7xx_hal_eth.o
                0x0800694a                HAL_ETH_ReadPHYRegister
 *fill*         0x080069aa        0x2 
 .text.HAL_ETH_WritePHYRegister
                0x080069ac       0x68 build/stm32h7xx_hal_eth.o
                0x080069ac                HAL_ETH_WritePHYRegister
 .text.HAL_ETH_GetMACConfig
                0x08006a14      0x1e6 build/stm32h7xx_hal_eth.o
                0x08006a14                HAL_ETH_GetMACConfig
 .text.HAL_ETH_SetMACConfig
                0x08006bfa       0x1c build/stm32h7xx_hal_eth.o
                0x08006bfa                HAL_ETH_SetMACConfig
 *fill*         0x08006c16        0x2 
 .text.HAL_ETH_SetMDIOClockRange
                0x08006c18       0x68 build/stm32h7xx_hal_eth.o
                0x08006c18                HAL_ETH_SetMDIOClockRange
 .text.HAL_ETH_Init
                0x08006c80      0x16c build/stm32h7xx_hal_eth.o
                0x08006c80                HAL_ETH_Init
 .text.HAL_ETH_GetError
                0x08006dec        0x6 build/stm32h7xx_hal_eth.o
                0x08006dec                HAL_ETH_GetError
 .text.HAL_ETH_GetDMAError
                0x08006df2        0x6 build/stm32h7xx_hal_eth.o
                0x08006df2                HAL_ETH_GetDMAError
 .text.HAL_RCC_OscConfig
                0x08006df8      0x6b0 build/stm32h7xx_hal_rcc.o
                0x08006df8                HAL_RCC_OscConfig
 .text.HAL_RCC_GetSysClockFreq
                0x080074a8      0x1f8 build/stm32h7xx_hal_rcc.o
                0x080074a8                HAL_RCC_GetSysClockFreq
 .text.HAL_RCC_ClockConfig
                0x080076a0      0x294 build/stm32h7xx_hal_rcc.o
                0x080076a0                HAL_RCC_ClockConfig
 .text.HAL_RCC_GetHCLKFreq
                0x08007934       0x44 build/stm32h7xx_hal_rcc.o
                0x08007934                HAL_RCC_GetHCLKFreq
 .text.HAL_RCC_GetPCLK1Freq
                0x08007978       0x24 build/stm32h7xx_hal_rcc.o
                0x08007978                HAL_RCC_GetPCLK1Freq
 .text.HAL_RCC_GetPCLK2Freq
                0x0800799c       0x24 build/stm32h7xx_hal_rcc.o
                0x0800799c                HAL_RCC_GetPCLK2Freq
 .text.RCCEx_PLL2_Config
                0x080079c0      0x108 build/stm32h7xx_hal_rcc_ex.o
 .text.RCCEx_PLL3_Config
                0x08007ac8      0x108 build/stm32h7xx_hal_rcc_ex.o
 .text.HAL_RCCEx_PeriphCLKConfig
                0x08007bd0      0xaac build/stm32h7xx_hal_rcc_ex.o
                0x08007bd0                HAL_RCCEx_PeriphCLKConfig
 .text.HAL_RCCEx_GetD3PCLK1Freq
                0x0800867c       0x24 build/stm32h7xx_hal_rcc_ex.o
                0x0800867c                HAL_RCCEx_GetD3PCLK1Freq
 .text.HAL_RCCEx_GetPLL2ClockFreq
                0x080086a0      0x200 build/stm32h7xx_hal_rcc_ex.o
                0x080086a0                HAL_RCCEx_GetPLL2ClockFreq
 .text.HAL_RCCEx_GetPLL3ClockFreq
                0x080088a0      0x200 build/stm32h7xx_hal_rcc_ex.o
                0x080088a0                HAL_RCCEx_GetPLL3ClockFreq
 .text.HAL_RCCEx_GetPLL1ClockFreq
                0x08008aa0      0x200 build/stm32h7xx_hal_rcc_ex.o
                0x08008aa0                HAL_RCCEx_GetPLL1ClockFreq
 .text.HAL_RCCEx_GetPeriphCLKFreq
                0x08008ca0      0x6dc build/stm32h7xx_hal_rcc_ex.o
                0x08008ca0                HAL_RCCEx_GetPeriphCLKFreq
 .text.HAL_GPIO_Init
                0x0800937c      0x220 build/stm32h7xx_hal_gpio.o
                0x0800937c                HAL_GPIO_Init
 .text.HAL_GPIO_WritePin
                0x0800959c        0xc build/stm32h7xx_hal_gpio.o
                0x0800959c                HAL_GPIO_WritePin
 .text.HAL_GPIO_TogglePin
                0x080095a8       0x12 build/stm32h7xx_hal_gpio.o
                0x080095a8                HAL_GPIO_TogglePin
 .text.HAL_GPIO_EXTI_Callback
                0x080095ba        0x2 build/stm32h7xx_hal_gpio.o
                0x080095ba                HAL_GPIO_EXTI_Callback
 .text.HAL_GPIO_EXTI_IRQHandler
                0x080095bc       0x1e build/stm32h7xx_hal_gpio.o
                0x080095bc                HAL_GPIO_EXTI_IRQHandler
 *fill*         0x080095da        0x2 
 .text.HAL_HSEM_FastTake
                0x080095dc       0x20 build/stm32h7xx_hal_hsem.o
                0x080095dc                HAL_HSEM_FastTake
 .text.HAL_HSEM_Release
                0x080095fc       0x10 build/stm32h7xx_hal_hsem.o
                0x080095fc                HAL_HSEM_Release
 .text.DMA_SetConfig
                0x0800960c      0x1b4 build/stm32h7xx_hal_dma.o
 .text.DMA_CalcBaseAndBitshift
                0x080097c0       0xb0 build/stm32h7xx_hal_dma.o
 .text.DMA_CheckFifoParam
                0x08009870       0x92 build/stm32h7xx_hal_dma.o
 *fill*         0x08009902        0x2 
 .text.DMA_CalcDMAMUXChannelBaseAndMask
                0x08009904       0xac build/stm32h7xx_hal_dma.o
 .text.DMA_CalcDMAMUXRequestGenBaseAndMask
                0x080099b0       0x7c build/stm32h7xx_hal_dma.o
 .text.HAL_DMA_Init
                0x08009a2c      0x3a4 build/stm32h7xx_hal_dma.o
                0x08009a2c                HAL_DMA_Init
 .text.HAL_DMA_Start_IT
                0x08009dd0      0x298 build/stm32h7xx_hal_dma.o
                0x08009dd0                HAL_DMA_Start_IT
 .text.HAL_DMA_Abort
                0x0800a068      0x340 build/stm32h7xx_hal_dma.o
                0x0800a068                HAL_DMA_Abort
 .text.HAL_DMA_Abort_IT
                0x0800a3a8      0x270 build/stm32h7xx_hal_dma.o
                0x0800a3a8                HAL_DMA_Abort_IT
 .text.HAL_DMA_IRQHandler
                0x0800a618      0x738 build/stm32h7xx_hal_dma.o
                0x0800a618                HAL_DMA_IRQHandler
 .text.HAL_DMA_GetError
                0x0800ad50        0x4 build/stm32h7xx_hal_dma.o
                0x0800ad50                HAL_DMA_GetError
 .text.HAL_PWREx_ConfigSupply
                0x0800ad54       0x94 build/stm32h7xx_hal_pwr_ex.o
                0x0800ad54                HAL_PWREx_ConfigSupply
 .text.__NVIC_EnableIRQ
                0x0800ade8       0x1c build/stm32h7xx_hal_cortex.o
 .text.__NVIC_SetPriority
                0x0800ae04       0x24 build/stm32h7xx_hal_cortex.o
 .text.NVIC_EncodePriority
                0x0800ae28       0x3e build/stm32h7xx_hal_cortex.o
 *fill*         0x0800ae66        0x2 
 .text.HAL_NVIC_SetPriorityGrouping
                0x0800ae68       0x24 build/stm32h7xx_hal_cortex.o
                0x0800ae68                HAL_NVIC_SetPriorityGrouping
 .text.HAL_NVIC_SetPriority
                0x0800ae8c       0x20 build/stm32h7xx_hal_cortex.o
                0x0800ae8c                HAL_NVIC_SetPriority
 .text.HAL_NVIC_EnableIRQ
                0x0800aeac        0x8 build/stm32h7xx_hal_cortex.o
                0x0800aeac                HAL_NVIC_EnableIRQ
 .text.HAL_SYSTICK_Config
                0x0800aeb4       0x28 build/stm32h7xx_hal_cortex.o
                0x0800aeb4                HAL_SYSTICK_Config
 .text.HAL_GetCurrentCPUID
                0x0800aedc       0x18 build/stm32h7xx_hal_cortex.o
                0x0800aedc                HAL_GetCurrentCPUID
 .text.HAL_InitTick
                0x0800aef4       0x50 build/stm32h7xx_hal.o
                0x0800aef4                HAL_InitTick
 .text.HAL_Init
                0x0800af44       0x5c build/stm32h7xx_hal.o
                0x0800af44                HAL_Init
 .text.HAL_IncTick
                0x0800afa0       0x18 build/stm32h7xx_hal.o
                0x0800afa0                HAL_IncTick
 .text.HAL_GetTick
                0x0800afb8        0xc build/stm32h7xx_hal.o
                0x0800afb8                HAL_GetTick
 .text.HAL_Delay
                0x0800afc4       0x28 build/stm32h7xx_hal.o
                0x0800afc4                HAL_Delay
 .text.HAL_GetREVID
                0x0800afec        0xc build/stm32h7xx_hal.o
                0x0800afec                HAL_GetREVID
 .text.HAL_SYSCFG_ETHInterfaceSelect
                0x0800aff8       0x14 build/stm32h7xx_hal.o
                0x0800aff8                HAL_SYSCFG_ETHInterfaceSelect
 .text.HAL_EXTI_RegisterCallback
                0x0800b00c       0x12 build/stm32h7xx_hal_exti.o
                0x0800b00c                HAL_EXTI_RegisterCallback
 .text.HAL_EXTI_GetHandle
                0x0800b01e        0xc build/stm32h7xx_hal_exti.o
                0x0800b01e                HAL_EXTI_GetHandle
 *fill*         0x0800b02a        0x2 
 .text.HAL_EXTI_IRQHandler
                0x0800b02c       0x40 build/stm32h7xx_hal_exti.o
                0x0800b02c                HAL_EXTI_IRQHandler
 .text.LL_ADC_REG_SetSequencerRanks
                0x0800b06c       0x30 build/stm32h7xx_hal_adc.o
 .text.LL_ADC_SetChannelSamplingTime
                0x0800b09c       0x2c build/stm32h7xx_hal_adc.o
 .text.LL_ADC_SetChannelPreselection
                0x0800b0c8       0x2e build/stm32h7xx_hal_adc.o
 .text.HAL_ADC_ConvCpltCallback
                0x0800b0f6        0x2 build/stm32h7xx_hal_adc.o
                0x0800b0f6                HAL_ADC_ConvCpltCallback
 .text.HAL_ADC_ConvHalfCpltCallback
                0x0800b0f8        0x2 build/stm32h7xx_hal_adc.o
                0x0800b0f8                HAL_ADC_ConvHalfCpltCallback
 .text.ADC_DMAHalfConvCplt
                0x0800b0fa        0xa build/stm32h7xx_hal_adc.o
                0x0800b0fa                ADC_DMAHalfConvCplt
 .text.HAL_ADC_ErrorCallback
                0x0800b104        0x2 build/stm32h7xx_hal_adc.o
                0x0800b104                HAL_ADC_ErrorCallback
 .text.ADC_DMAConvCplt
                0x0800b106       0x88 build/stm32h7xx_hal_adc.o
                0x0800b106                ADC_DMAConvCplt
 .text.ADC_DMAError
                0x0800b18e       0x1a build/stm32h7xx_hal_adc.o
                0x0800b18e                ADC_DMAError
 .text.HAL_ADC_ConfigChannel
                0x0800b1a8      0x46c build/stm32h7xx_hal_adc.o
                0x0800b1a8                HAL_ADC_ConfigChannel
 .text.ADC_Enable
                0x0800b614       0xd4 build/stm32h7xx_hal_adc.o
                0x0800b614                ADC_Enable
 .text.HAL_ADC_Start_DMA
                0x0800b6e8      0x120 build/stm32h7xx_hal_adc.o
                0x0800b6e8                HAL_ADC_Start_DMA
 .text.ADC_ConfigureBoostMode
                0x0800b808      0x160 build/stm32h7xx_hal_adc.o
                0x0800b808                ADC_ConfigureBoostMode
 .text.HAL_ADC_Init
                0x0800b968      0x258 build/stm32h7xx_hal_adc.o
                0x0800b968                HAL_ADC_Init
 .text.HAL_ADCEx_MultiModeConfigChannel
                0x0800bbc0      0x150 build/stm32h7xx_hal_adc_ex.o
                0x0800bbc0                HAL_ADCEx_MultiModeConfigChannel
 .text.TIM_OC1_SetConfig
                0x0800bd10       0xa4 build/stm32h7xx_hal_tim.o
 .text.TIM_OC3_SetConfig
                0x0800bdb4       0x94 build/stm32h7xx_hal_tim.o
 .text.TIM_OC4_SetConfig
                0x0800be48       0x74 build/stm32h7xx_hal_tim.o
 .text.TIM_OC5_SetConfig
                0x0800bebc       0x74 build/stm32h7xx_hal_tim.o
 .text.TIM_OC6_SetConfig
                0x0800bf30       0x74 build/stm32h7xx_hal_tim.o
 .text.HAL_TIM_Base_Start
                0x0800bfa4       0x88 build/stm32h7xx_hal_tim.o
                0x0800bfa4                HAL_TIM_Base_Start
 .text.TIM_Base_SetConfig
                0x0800c02c      0x104 build/stm32h7xx_hal_tim.o
                0x0800c02c                TIM_Base_SetConfig
 .text.HAL_TIM_Base_Init
                0x0800c130       0x60 build/stm32h7xx_hal_tim.o
                0x0800c130                HAL_TIM_Base_Init
 .text.HAL_TIM_PWM_Init
                0x0800c190       0x60 build/stm32h7xx_hal_tim.o
                0x0800c190                HAL_TIM_PWM_Init
 .text.HAL_TIM_Encoder_Init
                0x0800c1f0       0xb0 build/stm32h7xx_hal_tim.o
                0x0800c1f0                HAL_TIM_Encoder_Init
 .text.TIM_OC2_SetConfig
                0x0800c2a0       0x94 build/stm32h7xx_hal_tim.o
                0x0800c2a0                TIM_OC2_SetConfig
 .text.HAL_TIM_PWM_ConfigChannel
                0x0800c334      0x13a build/stm32h7xx_hal_tim.o
                0x0800c334                HAL_TIM_PWM_ConfigChannel
 .text.TIM_CCxChannelCmd
                0x0800c46e       0x1e build/stm32h7xx_hal_tim.o
                0x0800c46e                TIM_CCxChannelCmd
 .text.HAL_TIM_PWM_Start
                0x0800c48c      0x170 build/stm32h7xx_hal_tim.o
                0x0800c48c                HAL_TIM_PWM_Start
 .text.HAL_TIM_Encoder_Start
                0x0800c5fc       0xc8 build/stm32h7xx_hal_tim.o
                0x0800c5fc                HAL_TIM_Encoder_Start
 .text.HAL_TIMEx_MasterConfigSynchronization
                0x0800c6c4       0xa0 build/stm32h7xx_hal_tim_ex.o
                0x0800c6c4                HAL_TIMEx_MasterConfigSynchronization
 .text.UART_EndRxTransfer
                0x0800c764       0x58 build/stm32h7xx_hal_uart.o
 .text.HAL_UART_AbortReceive
                0x0800c7bc       0xb8 build/stm32h7xx_hal_uart.o
                0x0800c7bc                HAL_UART_AbortReceive
 .text.HAL_UART_TxCpltCallback
                0x0800c874        0x2 build/stm32h7xx_hal_uart.o
                0x0800c874                HAL_UART_TxCpltCallback
 .text.UART_EndTransmit_IT
                0x0800c876       0x24 build/stm32h7xx_hal_uart.o
 .text.UART_DMAAbortOnError
                0x0800c89a       0x10 build/stm32h7xx_hal_uart.o
 .text.HAL_UARTEx_RxEventCallback
                0x0800c8aa        0x2 build/stm32h7xx_hal_uart.o
                0x0800c8aa                HAL_UARTEx_RxEventCallback
 .text.HAL_UART_IRQHandler
                0x0800c8ac      0x3d0 build/stm32h7xx_hal_uart.o
                0x0800c8ac                HAL_UART_IRQHandler
 .text.UART_RxISR_8BIT
                0x0800cc7c       0xdc build/stm32h7xx_hal_uart.o
 .text.UART_RxISR_16BIT
                0x0800cd58       0xd8 build/stm32h7xx_hal_uart.o
 .text.UART_RxISR_8BIT_FIFOEN
                0x0800ce30      0x1c8 build/stm32h7xx_hal_uart.o
 .text.UART_RxISR_16BIT_FIFOEN
                0x0800cff8      0x1c8 build/stm32h7xx_hal_uart.o
 .text.UART_SetConfig
                0x0800d1c0      0x5fc build/stm32h7xx_hal_uart.o
                0x0800d1c0                UART_SetConfig
 .text.UART_AdvFeatureConfig
                0x0800d7bc       0xca build/stm32h7xx_hal_uart.o
                0x0800d7bc                UART_AdvFeatureConfig
 .text.UART_WaitOnFlagUntilTimeout
                0x0800d886       0xa6 build/stm32h7xx_hal_uart.o
                0x0800d886                UART_WaitOnFlagUntilTimeout
 .text.HAL_UART_Transmit
                0x0800d92c       0xd0 build/stm32h7xx_hal_uart.o
                0x0800d92c                HAL_UART_Transmit
 .text.UART_CheckIdleState
                0x0800d9fc       0xca build/stm32h7xx_hal_uart.o
                0x0800d9fc                UART_CheckIdleState
 .text.HAL_UART_Init
                0x0800dac6       0x66 build/stm32h7xx_hal_uart.o
                0x0800dac6                HAL_UART_Init
 .text.UART_Start_Receive_IT
                0x0800db2c      0x13c build/stm32h7xx_hal_uart.o
                0x0800db2c                UART_Start_Receive_IT
 .text.HAL_UART_Receive_IT
                0x0800dc68       0x4c build/stm32h7xx_hal_uart.o
                0x0800dc68                HAL_UART_Receive_IT
 .text.UARTEx_SetNbDataToProcess
                0x0800dcb4       0x4c build/stm32h7xx_hal_uart_ex.o
 .text.HAL_UARTEx_WakeupCallback
                0x0800dd00        0x2 build/stm32h7xx_hal_uart_ex.o
                0x0800dd00                HAL_UARTEx_WakeupCallback
 .text.HAL_UARTEx_RxFifoFullCallback
                0x0800dd02        0x2 build/stm32h7xx_hal_uart_ex.o
                0x0800dd02                HAL_UARTEx_RxFifoFullCallback
 .text.HAL_UARTEx_TxFifoEmptyCallback
                0x0800dd04        0x2 build/stm32h7xx_hal_uart_ex.o
                0x0800dd04                HAL_UARTEx_TxFifoEmptyCallback
 .text.HAL_UARTEx_DisableFifoMode
                0x0800dd06       0x3e build/stm32h7xx_hal_uart_ex.o
                0x0800dd06                HAL_UARTEx_DisableFifoMode
 .text.HAL_UARTEx_SetTxFifoThreshold
                0x0800dd44       0x4a build/stm32h7xx_hal_uart_ex.o
                0x0800dd44                HAL_UARTEx_SetTxFifoThreshold
 .text.HAL_UARTEx_SetRxFifoThreshold
                0x0800dd8e       0x4a build/stm32h7xx_hal_uart_ex.o
                0x0800dd8e                HAL_UARTEx_SetRxFifoThreshold
 .text.SystemInit
                0x0800ddd8      0x108 build/system_stm32h7xx_dualcore_boot_cm4_cm7.o
                0x0800ddd8                SystemInit
 .text.ExitRun0Mode
                0x0800dee0       0x1c build/system_stm32h7xx_dualcore_boot_cm4_cm7.o
                0x0800dee0                ExitRun0Mode
 .text.vListInitialise
                0x0800defc       0x16 build/list.o
                0x0800defc                vListInitialise
 .text.vListInitialiseItem
                0x0800df12        0x6 build/list.o
                0x0800df12                vListInitialiseItem
 .text.vListInsertEnd
                0x0800df18       0x16 build/list.o
                0x0800df18                vListInsertEnd
 .text.vListInsert
                0x0800df2e       0x32 build/list.o
                0x0800df2e                vListInsert
 .text.uxListRemove
                0x0800df60       0x26 build/list.o
                0x0800df60                uxListRemove
 .text.prvGetDisinheritPriorityAfterTimeout
                0x0800df86       0x10 build/queue.o
 .text.prvIsQueueFull
                0x0800df96       0x1e build/queue.o
 .text.prvIsQueueEmpty
                0x0800dfb4       0x1a build/queue.o
 .text.prvCopyDataToQueue
                0x0800dfce       0x76 build/queue.o
 .text.prvCopyDataFromQueue
                0x0800e044       0x24 build/queue.o
 .text.prvUnlockQueue
                0x0800e068       0x6e build/queue.o
 .text.xQueueGenericReset
                0x0800e0d6       0x84 build/queue.o
                0x0800e0d6                xQueueGenericReset
 .text.prvInitialiseNewQueue
                0x0800e15a       0x22 build/queue.o
 .text.xQueueGenericCreateStatic
                0x0800e17c       0xa6 build/queue.o
                0x0800e17c                xQueueGenericCreateStatic
 .text.xQueueGenericCreate
                0x0800e222       0x48 build/queue.o
                0x0800e222                xQueueGenericCreate
 .text.xQueueCreateCountingSemaphoreStatic
                0x0800e26a       0x46 build/queue.o
                0x0800e26a                xQueueCreateCountingSemaphoreStatic
 .text.xQueueCreateCountingSemaphore
                0x0800e2b0       0x3c build/queue.o
                0x0800e2b0                xQueueCreateCountingSemaphore
 .text.xQueueGenericSend
                0x0800e2ec      0x188 build/queue.o
                0x0800e2ec                xQueueGenericSend
 .text.prvInitialiseMutex
                0x0800e474       0x18 build/queue.o
 .text.xQueueCreateMutex
                0x0800e48c       0x16 build/queue.o
                0x0800e48c                xQueueCreateMutex
 .text.xQueueCreateMutexStatic
                0x0800e4a2       0x1e build/queue.o
                0x0800e4a2                xQueueCreateMutexStatic
 .text.xQueueGiveMutexRecursive
                0x0800e4c0       0x40 build/queue.o
                0x0800e4c0                xQueueGiveMutexRecursive
 .text.xQueueGenericSendFromISR
                0x0800e500       0xce build/queue.o
                0x0800e500                xQueueGenericSendFromISR
 .text.xQueueGiveFromISR
                0x0800e5ce       0xb2 build/queue.o
                0x0800e5ce                xQueueGiveFromISR
 .text.xQueueReceive
                0x0800e680      0x15e build/queue.o
                0x0800e680                xQueueReceive
 .text.xQueueSemaphoreTake
                0x0800e7de      0x1a6 build/queue.o
                0x0800e7de                xQueueSemaphoreTake
 .text.xQueueTakeMutexRecursive
                0x0800e984       0x40 build/queue.o
                0x0800e984                xQueueTakeMutexRecursive
 .text.xQueueReceiveFromISR
                0x0800e9c4       0xae build/queue.o
                0x0800e9c4                xQueueReceiveFromISR
 *fill*         0x0800ea72        0x2 
 .text.vQueueAddToRegistry
                0x0800ea74       0x28 build/queue.o
                0x0800ea74                vQueueAddToRegistry
 .text.vQueueUnregisterQueue
                0x0800ea9c       0x2c build/queue.o
                0x0800ea9c                vQueueUnregisterQueue
 .text.vQueueDelete
                0x0800eac8       0x2c build/queue.o
                0x0800eac8                vQueueDelete
 .text.vQueueWaitForMessageRestricted
                0x0800eaf4       0x52 build/queue.o
                0x0800eaf4                vQueueWaitForMessageRestricted
 *fill*         0x0800eb46        0x2 
 .text.prvResetNextTaskUnblockTime
                0x0800eb48       0x2c build/tasks.o
 .text.prvInitialiseNewTask
                0x0800eb74      0x104 build/tasks.o
 .text.prvInitialiseTaskLists
                0x0800ec78       0x68 build/tasks.o
 .text.prvAddNewTaskToReadyList
                0x0800ece0       0xac build/tasks.o
 .text.prvDeleteTCB
                0x0800ed8c       0x40 build/tasks.o
 .text.prvCheckTasksWaitingTermination
                0x0800edcc       0x4c build/tasks.o
 .text.prvIdleTask
                0x0800ee18       0x28 build/tasks.o
 .text.prvAddCurrentTaskToDelayedList
                0x0800ee40       0x84 build/tasks.o
 .text.xTaskCreateStatic
                0x0800eec4       0x7a build/tasks.o
                0x0800eec4                xTaskCreateStatic
 .text.xTaskCreate
                0x0800ef3e       0x66 build/tasks.o
                0x0800ef3e                xTaskCreate
 .text.vTaskStartScheduler
                0x0800efa4       0xac build/tasks.o
                0x0800efa4                vTaskStartScheduler
 .text.vTaskSuspendAll
                0x0800f050       0x10 build/tasks.o
                0x0800f050                vTaskSuspendAll
 .text.xTaskGetTickCount
                0x0800f060        0xc build/tasks.o
                0x0800f060                xTaskGetTickCount
 .text.xTaskGetTickCountFromISR
                0x0800f06c       0x10 build/tasks.o
                0x0800f06c                xTaskGetTickCountFromISR
 .text.xTaskIncrementTick
                0x0800f07c      0x118 build/tasks.o
                0x0800f07c                xTaskIncrementTick
 .text.xTaskResumeAll
                0x0800f194       0xf8 build/tasks.o
                0x0800f194                xTaskResumeAll
 .text.vTaskDelayUntil
                0x0800f28c       0xa4 build/tasks.o
                0x0800f28c                vTaskDelayUntil
 .text.vTaskDelay
                0x0800f330       0x4c build/tasks.o
                0x0800f330                vTaskDelay
 .text.vTaskSwitchContext
                0x0800f37c       0xd8 build/tasks.o
                0x0800f37c                vTaskSwitchContext
 .text.vTaskPlaceOnEventList
                0x0800f454       0x30 build/tasks.o
                0x0800f454                vTaskPlaceOnEventList
 .text.vTaskPlaceOnEventListRestricted
                0x0800f484       0x38 build/tasks.o
                0x0800f484                vTaskPlaceOnEventListRestricted
 .text.xTaskRemoveFromEventList
                0x0800f4bc       0x8c build/tasks.o
                0x0800f4bc                xTaskRemoveFromEventList
 .text.vTaskInternalSetTimeOutState
                0x0800f548       0x18 build/tasks.o
                0x0800f548                vTaskInternalSetTimeOutState
 .text.xTaskCheckForTimeOut
                0x0800f560       0x84 build/tasks.o
                0x0800f560                xTaskCheckForTimeOut
 .text.vTaskMissedYield
                0x0800f5e4        0xc build/tasks.o
                0x0800f5e4                vTaskMissedYield
 .text.xTaskGetCurrentTaskHandle
                0x0800f5f0        0xc build/tasks.o
                0x0800f5f0                xTaskGetCurrentTaskHandle
 .text.xTaskGetSchedulerState
                0x0800f5fc       0x20 build/tasks.o
                0x0800f5fc                xTaskGetSchedulerState
 .text.xTaskPriorityInherit
                0x0800f61c       0x98 build/tasks.o
                0x0800f61c                xTaskPriorityInherit
 .text.xTaskPriorityDisinherit
                0x0800f6b4       0x90 build/tasks.o
                0x0800f6b4                xTaskPriorityDisinherit
 .text.vTaskPriorityDisinheritAfterTimeout
                0x0800f744       0xa0 build/tasks.o
                0x0800f744                vTaskPriorityDisinheritAfterTimeout
 .text.pvTaskIncrementMutexHeldCount
                0x0800f7e4       0x1c build/tasks.o
                0x0800f7e4                pvTaskIncrementMutexHeldCount
 .text.prvGetNextExpireTime
                0x0800f800       0x20 build/timers.o
 .text.prvInsertTimerInActiveList
                0x0800f820       0x50 build/timers.o
 .text.prvCheckForValidListAndQueue
                0x0800f870       0x70 build/timers.o
 .text.xTimerCreateTimerTask
                0x0800f8e0       0x64 build/timers.o
                0x0800f8e0                xTimerCreateTimerTask
 .text.xTimerGenericCommand
                0x0800f944       0x6c build/timers.o
                0x0800f944                xTimerGenericCommand
 .text.prvSwitchTimerLists
                0x0800f9b0       0x7c build/timers.o
 .text.prvSampleTimeNow
                0x0800fa2c       0x2c build/timers.o
 .text.prvProcessExpiredTimer
                0x0800fa58       0x6c build/timers.o
 .text.prvProcessTimerOrBlockTask
                0x0800fac4       0x78 build/timers.o
 .text.prvProcessReceivedCommands
                0x0800fb3c      0x10c build/timers.o
 .text.prvTimerTask
                0x0800fc48       0x16 build/timers.o
 *fill*         0x0800fc5e        0x2 
 .text.osKernelInitialize
                0x0800fc60       0x24 build/cmsis_os2.o
                0x0800fc60                osKernelInitialize
 .text.osKernelStart
                0x0800fc84       0x38 build/cmsis_os2.o
                0x0800fc84                osKernelStart
 .text.osKernelGetTickCount
                0x0800fcbc       0x14 build/cmsis_os2.o
                0x0800fcbc                osKernelGetTickCount
 .text.osThreadNew
                0x0800fcd0       0xbe build/cmsis_os2.o
                0x0800fcd0                osThreadNew
 .text.osDelay  0x0800fd8e       0x1c build/cmsis_os2.o
                0x0800fd8e                osDelay
 .text.osMutexNew
                0x0800fdaa       0x9c build/cmsis_os2.o
                0x0800fdaa                osMutexNew
 .text.osMutexAcquire
                0x0800fe46       0x5e build/cmsis_os2.o
                0x0800fe46                osMutexAcquire
 .text.osMutexRelease
                0x0800fea4       0x4e build/cmsis_os2.o
                0x0800fea4                osMutexRelease
 .text.osSemaphoreNew
                0x0800fef2       0xb8 build/cmsis_os2.o
                0x0800fef2                osSemaphoreNew
 .text.osSemaphoreAcquire
                0x0800ffaa       0x68 build/cmsis_os2.o
                0x0800ffaa                osSemaphoreAcquire
 .text.osSemaphoreRelease
                0x08010012       0x5e build/cmsis_os2.o
                0x08010012                osSemaphoreRelease
 .text.osMessageQueueNew
                0x08010070       0x98 build/cmsis_os2.o
                0x08010070                osMessageQueueNew
 .text.osMessageQueuePut
                0x08010108       0x80 build/cmsis_os2.o
                0x08010108                osMessageQueuePut
 .text.osMessageQueueGet
                0x08010188       0x7e build/cmsis_os2.o
                0x08010188                osMessageQueueGet
 *fill*         0x08010206        0x2 
 .text.vApplicationGetIdleTaskMemory
                0x08010208       0x18 build/cmsis_os2.o
                0x08010208                vApplicationGetIdleTaskMemory
 .text.vApplicationGetTimerTaskMemory
                0x08010220       0x18 build/cmsis_os2.o
                0x08010220                vApplicationGetTimerTaskMemory
 .text.prvHeapInit
                0x08010238       0x64 build/heap_4.o
 .text.prvInsertBlockIntoFreeList
                0x0801029c       0x64 build/heap_4.o
 .text.pvPortMalloc
                0x08010300      0x104 build/heap_4.o
                0x08010300                pvPortMalloc
 .text.vPortFree
                0x08010404       0x7c build/heap_4.o
                0x08010404                vPortFree
 .text.prvTaskExitError
                0x08010480       0x40 build/port.o
 .text.prvPortStartFirstTask
                0x080104c0       0x28 build/port.o
 .text.vPortEnableVFP
                0x080104e8       0x14 build/port.o
 .text.pxPortInitialiseStack
                0x080104fc       0x2c build/port.o
                0x080104fc                pxPortInitialiseStack
 *fill*         0x08010528        0x8 
 .text.SVC_Handler
                0x08010530       0x24 build/port.o
                0x08010530                SVC_Handler
 .text.vPortEnterCritical
                0x08010554       0x44 build/port.o
                0x08010554                vPortEnterCritical
 .text.vPortExitCritical
                0x08010598       0x2c build/port.o
                0x08010598                vPortExitCritical
 *fill*         0x080105c4        0xc 
 .text.PendSV_Handler
                0x080105d0       0x64 build/port.o
                0x080105d0                PendSV_Handler
 .text.xPortSysTickHandler
                0x08010634       0x2c build/port.o
                0x08010634                xPortSysTickHandler
 .text.vPortSetupTimerInterrupt
                0x08010660       0x28 build/port.o
                0x08010660                vPortSetupTimerInterrupt
 .text.xPortStartScheduler
                0x08010688      0x118 build/port.o
                0x08010688                xPortStartScheduler
 .text.vPortValidateInterruptPriority
                0x080107a0       0x5c build/port.o
                0x080107a0                vPortValidateInterruptPriority
 .text.ethernet_input
                0x080107fc       0xa8 build/ethernet.o
                0x080107fc                ethernet_input
 .text.ethernet_output
                0x080108a4       0x70 build/ethernet.o
                0x080108a4                ethernet_output
 .text.tcpip_timeouts_mbox_fetch
                0x08010914       0x60 build/tcpip.o
 .text.tcpip_thread_handle_msg
                0x08010974       0x60 build/tcpip.o
 .text.tcpip_thread
                0x080109d4       0x54 build/tcpip.o
 .text.tcpip_inpkt
                0x08010a28       0x64 build/tcpip.o
                0x08010a28                tcpip_inpkt
 .text.tcpip_input
                0x08010a8c       0x24 build/tcpip.o
                0x08010a8c                tcpip_input
 .text.tcpip_callback
                0x08010ab0       0x50 build/tcpip.o
                0x08010ab0                tcpip_callback
 .text.tcpip_init
                0x08010b00       0x84 build/tcpip.o
                0x08010b00                tcpip_init
 .text.lwip_htons
                0x08010b84        0xa build/def.o
                0x08010b84                lwip_htons
 .text.lwip_standard_chksum
                0x08010b8e       0x64 build/inet_chksum.o
                0x08010b8e                lwip_standard_chksum
 .text.inet_chksum
                0x08010bf2        0xc build/inet_chksum.o
                0x08010bf2                inet_chksum
 .text.inet_chksum_pbuf
                0x08010bfe       0x48 build/inet_chksum.o
                0x08010bfe                inet_chksum_pbuf
 .text.lwip_init
                0x08010c46       0x1c build/init.o
                0x08010c46                lwip_init
 *fill*         0x08010c62        0x2 
 .text.ptr_to_mem
                0x08010c64        0xc build/mem.o
 .text.mem_to_ptr
                0x08010c70       0x10 build/mem.o
 .text.mem_link_valid
                0x08010c80       0x5c build/mem.o
 .text.plug_holes
                0x08010cdc       0xfc build/mem.o
 .text.mem_init
                0x08010dd8       0x68 build/mem.o
                0x08010dd8                mem_init
 .text.mem_free
                0x08010e40       0xf0 build/mem.o
                0x08010e40                mem_free
 .text.mem_trim
                0x08010f30      0x1a4 build/mem.o
                0x08010f30                mem_trim
 .text.mem_malloc
                0x080110d4      0x184 build/mem.o
                0x080110d4                mem_malloc
 .text.do_memp_malloc_pool
                0x08011258       0x48 build/memp.o
 .text.do_memp_free_pool
                0x080112a0       0x3c build/memp.o
 .text.memp_init_pool
                0x080112dc       0x28 build/memp.o
                0x080112dc                memp_init_pool
 .text.memp_init
                0x08011304       0x20 build/memp.o
                0x08011304                memp_init
 .text.memp_malloc_pool
                0x08011324       0x2c build/memp.o
                0x08011324                memp_malloc_pool
 .text.memp_malloc
                0x08011350       0x34 build/memp.o
                0x08011350                memp_malloc
 .text.memp_free_pool
                0x08011384       0x38 build/memp.o
                0x08011384                memp_free_pool
 .text.memp_free
                0x080113bc       0x34 build/memp.o
                0x080113bc                memp_free
 .text.netif_do_set_netmask
                0x080113f0       0x12 build/netif.o
 .text.netif_do_set_gw
                0x08011402       0x12 build/netif.o
 .text.netif_null_output_ip4
                0x08011414        0x6 build/netif.o
 .text.netif_do_ip_addr_changed
                0x0801141a        0x8 build/netif.o
 *fill*         0x08011422        0x2 
 .text.netif_issue_reports
                0x08011424       0x4c build/netif.o
 .text.netif_do_set_ipaddr
                0x08011470       0x6c build/netif.o
 .text.netif_init
                0x080114dc        0x2 build/netif.o
                0x080114dc                netif_init
 *fill*         0x080114de        0x2 
 .text.netif_set_addr
                0x080114e0       0x6c build/netif.o
                0x080114e0                netif_set_addr
 .text.netif_add
                0x0801154c      0x124 build/netif.o
                0x0801154c                netif_add
 .text.netif_set_default
                0x08011670        0xc build/netif.o
                0x08011670                netif_set_default
 .text.netif_set_up
                0x0801167c       0x3c build/netif.o
                0x0801167c                netif_set_up
 .text.netif_set_down
                0x080116b8       0x40 build/netif.o
                0x080116b8                netif_set_down
 .text.netif_set_link_up
                0x080116f8       0x48 build/netif.o
                0x080116f8                netif_set_link_up
 .text.netif_set_link_down
                0x08011740       0x3c build/netif.o
                0x08011740                netif_set_link_down
 .text.netif_set_link_callback
                0x0801177c        0x6 build/netif.o
                0x0801177c                netif_set_link_callback
 .text.pbuf_init_alloced_pbuf
                0x08011782       0x24 build/pbuf.o
 *fill*         0x080117a6        0x2 
 .text.pbuf_add_header_impl
                0x080117a8       0x7c build/pbuf.o
 .text.pbuf_alloc_reference
                0x08011824       0x50 build/pbuf.o
                0x08011824                pbuf_alloc_reference
 .text.pbuf_alloced_custom
                0x08011874       0x3e build/pbuf.o
                0x08011874                pbuf_alloced_custom
 .text.pbuf_add_header
                0x080118b2        0xa build/pbuf.o
                0x080118b2                pbuf_add_header
 .text.pbuf_remove_header
                0x080118bc       0x6c build/pbuf.o
                0x080118bc                pbuf_remove_header
 .text.pbuf_header_impl
                0x08011928       0x14 build/pbuf.o
 .text.pbuf_header_force
                0x0801193c        0xa build/pbuf.o
                0x0801193c                pbuf_header_force
 *fill*         0x08011946        0x2 
 .text.pbuf_free
                0x08011948       0xd0 build/pbuf.o
                0x08011948                pbuf_free
 .text.pbuf_alloc
                0x08011a18      0x154 build/pbuf.o
                0x08011a18                pbuf_alloc
 .text.pbuf_realloc
                0x08011b6c       0xa8 build/pbuf.o
                0x08011b6c                pbuf_realloc
 .text.pbuf_clen
                0x08011c14       0x12 build/pbuf.o
                0x08011c14                pbuf_clen
 *fill*         0x08011c26        0x2 
 .text.pbuf_ref
                0x08011c28       0x38 build/pbuf.o
                0x08011c28                pbuf_ref
 .text.pbuf_cat
                0x08011c60       0x78 build/pbuf.o
                0x08011c60                pbuf_cat
 .text.pbuf_copy
                0x08011cd8      0x128 build/pbuf.o
                0x08011cd8                pbuf_copy
 .text.pbuf_clone
                0x08011e00       0x38 build/pbuf.o
                0x08011e00                pbuf_clone
 .text.sys_timeout_abs
                0x08011e38       0x70 build/timeouts.o
 .text.lwip_cyclic_timer
                0x08011ea8       0x40 build/timeouts.o
 .text.sys_timeout
                0x08011ee8       0x3c build/timeouts.o
                0x08011ee8                sys_timeout
 .text.sys_timeouts_init
                0x08011f24       0x28 build/timeouts.o
                0x08011f24                sys_timeouts_init
 .text.sys_check_timeouts
                0x08011f4c       0x40 build/timeouts.o
                0x08011f4c                sys_check_timeouts
 .text.sys_timeouts_sleeptime
                0x08011f8c       0x48 build/timeouts.o
                0x08011f8c                sys_timeouts_sleeptime
 .text.udp_input_local_match
                0x08011fd4       0xa0 build/udp.o
 .text.udp_init
                0x08012074       0x18 build/udp.o
                0x08012074                udp_init
 .text.udp_input
                0x0801208c      0x188 build/udp.o
                0x0801208c                udp_input
 .text.udp_netif_ip_addr_changed
                0x08012214       0x38 build/udp.o
                0x08012214                udp_netif_ip_addr_changed
 .text.etharp_free_entry
                0x0801224c       0x34 build/etharp.o
 .text.etharp_find_entry
                0x08012280      0x1b0 build/etharp.o
 .text.etharp_update_arp_entry
                0x08012430       0xc4 build/etharp.o
 .text.etharp_raw
                0x080124f4       0xe8 build/etharp.o
 .text.etharp_request_dst
                0x080125dc       0x24 build/etharp.o
 .text.etharp_cleanup_netif
                0x08012600       0x38 build/etharp.o
                0x08012600                etharp_cleanup_netif
 .text.etharp_input
                0x08012638       0xb8 build/etharp.o
                0x08012638                etharp_input
 .text.etharp_request
                0x080126f0       0x10 build/etharp.o
                0x080126f0                etharp_request
 .text.etharp_tmr
                0x08012700       0x88 build/etharp.o
                0x08012700                etharp_tmr
 .text.etharp_output_to_arp_index
                0x08012788       0xd8 build/etharp.o
 .text.etharp_query
                0x08012860      0x198 build/etharp.o
                0x08012860                etharp_query
 .text.etharp_output
                0x080129f8      0x168 build/etharp.o
                0x080129f8                etharp_output
 .text.icmp_send_response
                0x08012b60       0xb8 build/icmp.o
 .text.icmp_input
                0x08012c18      0x16c build/icmp.o
                0x08012c18                icmp_input
 .text.icmp_dest_unreach
                0x08012d84        0xc build/icmp.o
                0x08012d84                icmp_dest_unreach
 .text.icmp_time_exceeded
                0x08012d90        0xc build/icmp.o
                0x08012d90                icmp_time_exceeded
 .text.ip4_input_accept
                0x08012d9c       0x34 build/ip4.o
 .text.ip4_route
                0x08012dd0       0xac build/ip4.o
                0x08012dd0                ip4_route
 .text.ip4_input
                0x08012e7c      0x18c build/ip4.o
                0x08012e7c                ip4_input
 .text.ip4_output_if_src
                0x08013008      0x100 build/ip4.o
                0x08013008                ip4_output_if_src
 .text.ip4_output_if
                0x08013108       0x2a build/ip4.o
                0x08013108                ip4_output_if
 .text.ip4_addr_isbroadcast_u32
                0x08013132       0x40 build/ip4_addr.o
                0x08013132                ip4_addr_isbroadcast_u32
 *fill*         0x08013172        0x2 
 .text.ip_reass_dequeue_datagram
                0x08013174       0x48 build/ip4_frag.o
 .text.ip_reass_free_complete_datagram
                0x080131bc       0xfc build/ip4_frag.o
 .text.ip_reass_remove_oldest_datagram
                0x080132b8       0x80 build/ip4_frag.o
 .text.ip_frag_free_pbuf_custom_ref
                0x08013338       0x2c build/ip4_frag.o
 .text.ipfrag_free_pbuf_custom
                0x08013364       0x34 build/ip4_frag.o
 .text.ip_reass_chain_frag_into_datagram_and_validate
                0x08013398      0x1a0 build/ip4_frag.o
 .text.ip_frag_alloc_pbuf_custom_ref
                0x08013538        0xa build/ip4_frag.o
 *fill*         0x08013542        0x2 
 .text.ip_reass_enqueue_new_datagram
                0x08013544       0x60 build/ip4_frag.o
 .text.ip_reass_tmr
                0x080135a4       0x2c build/ip4_frag.o
                0x080135a4                ip_reass_tmr
 .text.ip4_reass
                0x080135d0      0x210 build/ip4_frag.o
                0x080135d0                ip4_reass
 .text.ip4_frag
                0x080137e0      0x204 build/ip4_frag.o
                0x080137e0                ip4_frag
 .text.sys_mbox_new
                0x080139e4       0x1c build/sys_arch.o
                0x080139e4                sys_mbox_new
 .text.sys_mbox_post
                0x08013a00       0x1e build/sys_arch.o
                0x08013a00                sys_mbox_post
 .text.sys_mbox_trypost
                0x08013a1e       0x20 build/sys_arch.o
                0x08013a1e                sys_mbox_trypost
 .text.sys_arch_mbox_fetch
                0x08013a3e       0x42 build/sys_arch.o
                0x08013a3e                sys_arch_mbox_fetch
 .text.sys_mbox_valid
                0x08013a80        0xc build/sys_arch.o
                0x08013a80                sys_mbox_valid
 .text.sys_init
                0x08013a8c       0x14 build/sys_arch.o
                0x08013a8c                sys_init
 .text.sys_mutex_new
                0x08013aa0       0x18 build/sys_arch.o
                0x08013aa0                sys_mutex_new
 .text.sys_mutex_lock
                0x08013ab8        0xe build/sys_arch.o
                0x08013ab8                sys_mutex_lock
 .text.sys_mutex_unlock
                0x08013ac6        0xa build/sys_arch.o
                0x08013ac6                sys_mutex_unlock
 .text.sys_thread_new
                0x08013ad0       0x2c build/sys_arch.o
                0x08013ad0                sys_thread_new
 .text.sys_arch_protect
                0x08013afc       0x18 build/sys_arch.o
                0x08013afc                sys_arch_protect
 .text.sys_arch_unprotect
                0x08013b14       0x10 build/sys_arch.o
                0x08013b14                sys_arch_unprotect
 .text._sbrk    0x08013b24       0x4c build/sysmem.o
                0x08013b24                _sbrk
 .text._getpid  0x08013b70        0x4 build/syscalls.o
                0x08013b70                _getpid
 .text._kill    0x08013b74       0x10 build/syscalls.o
                0x08013b74                _kill
 .text._exit    0x08013b84        0xc build/syscalls.o
                0x08013b84                _exit
 .text._read    0x08013b90       0x20 build/syscalls.o
                0x08013b90                _read
 .text._close   0x08013bb0        0x6 build/syscalls.o
                0x08013bb0                _close
 .text._fstat   0x08013bb6        0xa build/syscalls.o
                0x08013bb6                _fstat
 .text._isatty  0x08013bc0        0x4 build/syscalls.o
                0x08013bc0                _isatty
 .text._lseek   0x08013bc4        0x4 build/syscalls.o
                0x08013bc4                _lseek
 .text.Reset_Handler
                0x08013bc8       0x54 build/startup_stm32h755xx_CM7.o
                0x08013bc8                Reset_Handler
 .text.Default_Handler
                0x08013c1c        0x2 build/startup_stm32h755xx_CM7.o
                0x08013c1c                RTC_Alarm_IRQHandler
                0x08013c1c                HASH_RNG_IRQHandler
                0x08013c1c                EXTI2_IRQHandler
                0x08013c1c                TIM8_CC_IRQHandler
                0x08013c1c                HRTIM1_Master_IRQHandler
                0x08013c1c                UART8_IRQHandler
                0x08013c1c                SPI4_IRQHandler
                0x08013c1c                TIM1_CC_IRQHandler
                0x08013c1c                BDMA_Channel6_IRQHandler
                0x08013c1c                DMA2_Stream5_IRQHandler
                0x08013c1c                HRTIM1_FLT_IRQHandler
                0x08013c1c                JPEG_IRQHandler
                0x08013c1c                DMA1_Stream5_IRQHandler
                0x08013c1c                BDMA_Channel1_IRQHandler
                0x08013c1c                HRTIM1_TIMD_IRQHandler
                0x08013c1c                TAMP_STAMP_IRQHandler
                0x08013c1c                EXTI3_IRQHandler
                0x08013c1c                LPTIM4_IRQHandler
                0x08013c1c                TIM8_TRG_COM_TIM14_IRQHandler
                0x08013c1c                LPTIM2_IRQHandler
                0x08013c1c                DFSDM1_FLT1_IRQHandler
                0x08013c1c                DMAMUX2_OVR_IRQHandler
                0x08013c1c                TIM8_UP_TIM13_IRQHandler
                0x08013c1c                I2C3_ER_IRQHandler
                0x08013c1c                DFSDM1_FLT2_IRQHandler
                0x08013c1c                MDMA_IRQHandler
                0x08013c1c                LPTIM3_IRQHandler
                0x08013c1c                HSEM1_IRQHandler
                0x08013c1c                EXTI0_IRQHandler
                0x08013c1c                I2C2_EV_IRQHandler
                0x08013c1c                DMA1_Stream2_IRQHandler
                0x08013c1c                FPU_IRQHandler
                0x08013c1c                OTG_HS_WKUP_IRQHandler
                0x08013c1c                FDCAN1_IT1_IRQHandler
                0x08013c1c                LTDC_ER_IRQHandler
                0x08013c1c                DMA2_Stream2_IRQHandler
                0x08013c1c                HRTIM1_TIME_IRQHandler
                0x08013c1c                SPI1_IRQHandler
                0x08013c1c                TIM6_DAC_IRQHandler
                0x08013c1c                DCMI_IRQHandler
                0x08013c1c                HRTIM1_TIMC_IRQHandler
                0x08013c1c                DMA2_Stream3_IRQHandler
                0x08013c1c                SAI2_IRQHandler
                0x08013c1c                DFSDM1_FLT3_IRQHandler
                0x08013c1c                USART6_IRQHandler
                0x08013c1c                TIM17_IRQHandler
                0x08013c1c                USART3_IRQHandler
                0x08013c1c                BDMA_Channel7_IRQHandler
                0x08013c1c                CRYP_IRQHandler
                0x08013c1c                LPTIM5_IRQHandler
                0x08013c1c                UART5_IRQHandler
                0x08013c1c                ADC3_IRQHandler
                0x08013c1c                DMA2_Stream0_IRQHandler
                0x08013c1c                TIM4_IRQHandler
                0x08013c1c                BDMA_Channel2_IRQHandler
                0x08013c1c                QUADSPI_IRQHandler
                0x08013c1c                I2C1_EV_IRQHandler
                0x08013c1c                DMA1_Stream6_IRQHandler
                0x08013c1c                DMAMUX1_OVR_IRQHandler
                0x08013c1c                DMA1_Stream1_IRQHandler
                0x08013c1c                TIM16_IRQHandler
                0x08013c1c                UART4_IRQHandler
                0x08013c1c                BDMA_Channel5_IRQHandler
                0x08013c1c                TIM3_IRQHandler
                0x08013c1c                RCC_IRQHandler
                0x08013c1c                TIM8_BRK_TIM12_IRQHandler
                0x08013c1c                TIM1_TRG_COM_IRQHandler
                0x08013c1c                Default_Handler
                0x08013c1c                ECC_IRQHandler
                0x08013c1c                CEC_IRQHandler
                0x08013c1c                BDMA_Channel0_IRQHandler
                0x08013c1c                ADC_IRQHandler
                0x08013c1c                DMA1_Stream7_IRQHandler
                0x08013c1c                HRTIM1_TIMA_IRQHandler
                0x08013c1c                SPI5_IRQHandler
                0x08013c1c                TIM7_IRQHandler
                0x08013c1c                SDMMC1_IRQHandler
                0x08013c1c                TIM5_IRQHandler
                0x08013c1c                DMA2_Stream7_IRQHandler
                0x08013c1c                TIM15_IRQHandler
                0x08013c1c                PVD_AVD_IRQHandler
                0x08013c1c                I2C3_EV_IRQHandler
                0x08013c1c                EXTI9_5_IRQHandler
                0x08013c1c                RTC_WKUP_IRQHandler
                0x08013c1c                LTDC_IRQHandler
                0x08013c1c                SAI3_IRQHandler
                0x08013c1c                ETH_WKUP_IRQHandler
                0x08013c1c                SPDIF_RX_IRQHandler
                0x08013c1c                SPI2_IRQHandler
                0x08013c1c                OTG_HS_EP1_IN_IRQHandler
                0x08013c1c                CRS_IRQHandler
                0x08013c1c                CM7_SEV_IRQHandler
                0x08013c1c                EXTI4_IRQHandler
                0x08013c1c                CM4_SEV_IRQHandler
                0x08013c1c                HRTIM1_TIMB_IRQHandler
                0x08013c1c                FDCAN2_IT1_IRQHandler
                0x08013c1c                TIM1_UP_IRQHandler
                0x08013c1c                WWDG_RST_IRQHandler
                0x08013c1c                BDMA_Channel4_IRQHandler
                0x08013c1c                OTG_HS_EP1_OUT_IRQHandler
                0x08013c1c                WWDG_IRQHandler
                0x08013c1c                SPI6_IRQHandler
                0x08013c1c                MDIOS_IRQHandler
                0x08013c1c                I2C4_EV_IRQHandler
                0x08013c1c                FDCAN2_IT0_IRQHandler
                0x08013c1c                LPUART1_IRQHandler
                0x08013c1c                FDCAN1_IT0_IRQHandler
                0x08013c1c                TIM2_IRQHandler
                0x08013c1c                OTG_FS_WKUP_IRQHandler
                0x08013c1c                OTG_HS_IRQHandler
                0x08013c1c                HSEM2_IRQHandler
                0x08013c1c                DMA2D_IRQHandler
                0x08013c1c                TIM1_BRK_IRQHandler
                0x08013c1c                EXTI1_IRQHandler
                0x08013c1c                SDMMC2_IRQHandler
                0x08013c1c                OTG_FS_EP1_OUT_IRQHandler
                0x08013c1c                BDMA_Channel3_IRQHandler
                0x08013c1c                HOLD_CORE_IRQHandler
                0x08013c1c                UART7_IRQHandler
                0x08013c1c                MDIOS_WKUP_IRQHandler
                0x08013c1c                DFSDM1_FLT0_IRQHandler
                0x08013c1c                SAI4_IRQHandler
                0x08013c1c                I2C2_ER_IRQHandler
                0x08013c1c                DMA2_Stream1_IRQHandler
                0x08013c1c                FLASH_IRQHandler
                0x08013c1c                DMA2_Stream4_IRQHandler
                0x08013c1c                OTG_FS_IRQHandler
                0x08013c1c                SPI3_IRQHandler
                0x08013c1c                WAKEUP_PIN_IRQHandler
                0x08013c1c                DMA1_Stream4_IRQHandler
                0x08013c1c                OTG_FS_EP1_IN_IRQHandler
                0x08013c1c                I2C1_ER_IRQHandler
                0x08013c1c                FMC_IRQHandler
                0x08013c1c                FDCAN_CAL_IRQHandler
                0x08013c1c                SWPMI1_IRQHandler
                0x08013c1c                COMP1_IRQHandler
                0x08013c1c                LPTIM1_IRQHandler
                0x08013c1c                I2C4_ER_IRQHandler
                0x08013c1c                DMA2_Stream6_IRQHandler
                0x08013c1c                SAI1_IRQHandler
                0x08013c1c                DMA1_Stream3_IRQHandler
 *(.glue_7)
 .glue_7        0x08013c1e        0x0 linker stubs
 *(.glue_7t)
 .glue_7t       0x08013c1e        0x0 linker stubs
 *(.eh_frame)
 *fill*         0x08013c1e        0x2 
 .eh_frame      0x08013c20        0x0 /usr/lib/gcc/arm-none-eabi/13.2.1/thumb/v7e-m+dp/hard/crtbegin.o
 *(.init)
 .init          0x08013c20        0x4 /usr/lib/gcc/arm-none-eabi/13.2.1/thumb/v7e-m+dp/hard/crti.o
                0x08013c20                _init
 .init          0x08013c24        0x8 /usr/lib/gcc/arm-none-eabi/13.2.1/thumb/v7e-m+dp/hard/crtn.o
 *(.fini)
 .fini          0x08013c2c        0x4 /usr/lib/gcc/arm-none-eabi/13.2.1/thumb/v7e-m+dp/hard/crti.o
                0x08013c2c                _fini
 .fini          0x08013c30        0x8 /usr/lib/gcc/arm-none-eabi/13.2.1/thumb/v7e-m+dp/hard/crtn.o
                0x08013c38                        . = ALIGN (0x4)
                0x08013c38                        _etext = .

.vfp11_veneer   0x08013c38        0x0
 .vfp11_veneer  0x08013c38        0x0 linker stubs

.v4_bx          0x08013c38        0x0
 .v4_bx         0x08013c38        0x0 linker stubs

.iplt           0x08013c38        0x0
 .iplt          0x08013c38        0x0 /usr/lib/gcc/arm-none-eabi/13.2.1/thumb/v7e-m+dp/hard/crtbegin.o

.rodata         0x08013c38     0x149c
                0x08013c38                        . = ALIGN (0x4)
 *(.rodata)
 .rodata        0x08013c38      0x188 /usr/lib/gcc/arm-none-eabi/13.2.1/../../../arm-none-eabi/lib/thumb/v7e-m+dp/hard/libm.a(libm_a-e_rem_pio2.o)
 .rodata        0x08013dc0       0x50 /usr/lib/gcc/arm-none-eabi/13.2.1/../../../arm-none-eabi/lib/thumb/v7e-m+dp/hard/libm.a(libm_a-k_rem_pio2.o)
 *(.rodata*)
 .rodata.low_level_init.str1.4
                0x08013e10     0x1125 build/ethernetif.o
                                  0x6 (size before relaxing)
 .rodata.vApplicationStackOverflowHook.str1.4
                0x08014f35       0x25 build/ethernetif.o
 .rodata.ethernetif_init.str1.4
                0x08014f35       0x5c build/ethernetif.o
 *fill*         0x08014f35        0x3 
 .rodata.memp_RX_POOL
                0x08014f38        0xc build/ethernetif.o
                0x08014f38                memp_RX_POOL
 .rodata.MX_LWIP_Init.str1.4
                0x08014f44        0x8 build/lwip.o
 .rodata.remote.str1.4
                0x08014f44       0x39 build/main.o
 .rodata.kMotorCurrentSensitivityVPerA
                0x08014f44        0xc build/main.o
 .rodata.str1.4
                0x08014f50       0x30 build/main.o
 .rodata.ethernet_att
                0x08014f50       0x24 build/main.o
                0x08014f50                ethernet_att
 .rodata.remote_att
                0x08014f74       0x24 build/main.o
                0x08014f74                remote_att
 .rodata.defaultTask_attributes
                0x08014f98       0x24 build/main.o
                0x08014f98                defaultTask_attributes
 .rodata.LED_PIN
                0x08014fbc        0x6 build/stm32h7xx_nucleo.o
 *fill*         0x08014fc2        0x2 
 .rodata.LED_PORT
                0x08014fc4        0xc build/stm32h7xx_nucleo.o
 .rodata.flagBitshiftOffset.0
                0x08014fd0        0x8 build/stm32h7xx_hal_dma.o
 .rodata.UARTPrescTable
                0x08014fd8       0x18 build/stm32h7xx_hal_uart.o
                0x08014fd8                UARTPrescTable
 .rodata.denominator.0
                0x08014ff0        0x8 build/stm32h7xx_hal_uart_ex.o
 .rodata.numerator.1
                0x08014ff8        0x8 build/stm32h7xx_hal_uart_ex.o
 .rodata.D1CorePrescTable
                0x08015000       0x10 build/system_stm32h7xx_dualcore_boot_cm4_cm7.o
                0x08015000                D1CorePrescTable
 .rodata.vTaskStartScheduler.str1.4
                0x08015010        0x5 build/tasks.o
 .rodata.prvCheckForValidListAndQueue.str1.4
                0x08015010        0x5 build/timers.o
 .rodata.xTimerCreateTimerTask.str1.4
                0x08015010        0x8 build/timers.o
 .rodata.ethernet_output.str1.4
                0x08015010       0x94 build/ethernet.o
 .rodata.ethzero
                0x08015010        0x6 build/ethernet.o
                0x08015010                ethzero
 *fill*         0x08015016        0x2 
 .rodata.ethbroadcast
                0x08015018        0x6 build/ethernet.o
                0x08015018                ethbroadcast
 .rodata.tcpip_thread_handle_msg.str1.4
                0x0801501e       0x7c build/tcpip.o
 .rodata.tcpip_inpkt.str1.4
                0x0801501e        0xd build/tcpip.o
 .rodata.tcpip_init.str1.4
                0x0801501e       0x55 build/tcpip.o
 .rodata.plug_holes.str1.4
                0x0801501e       0xd6 build/mem.o
 .rodata.mem_init.str1.4
                0x0801501e       0x1b build/mem.o
 .rodata.mem_free.str1.4
                0x0801501e       0x9a build/mem.o
 .rodata.mem_trim.str1.4
                0x0801501e       0x49 build/mem.o
 .rodata.mem_malloc.str1.4
                0x0801501e       0x9f build/mem.o
 .rodata.do_memp_malloc_pool.str1.4
                0x0801501e       0x80 build/memp.o
 .rodata.do_memp_free_pool.str1.4
                0x0801501e       0x20 build/memp.o
 .rodata.memp_malloc_pool.str1.4
                0x0801501e       0x12 build/memp.o
 .rodata.memp_malloc.str1.4
                0x0801501e       0x1d build/memp.o
 .rodata.memp_free.str1.4
                0x0801501e       0x1b build/memp.o
 *fill*         0x0801501e        0x2 
 .rodata.memp_pools
                0x08015020       0x28 build/memp.o
                0x08015020                memp_pools
 .rodata.memp_PBUF_POOL
                0x08015048        0xc build/memp.o
                0x08015048                memp_PBUF_POOL
 .rodata.memp_PBUF
                0x08015054        0xc build/memp.o
                0x08015054                memp_PBUF
 .rodata.memp_SYS_TIMEOUT
                0x08015060        0xc build/memp.o
                0x08015060                memp_SYS_TIMEOUT
 .rodata.memp_TCPIP_MSG_INPKT
                0x0801506c        0xc build/memp.o
                0x0801506c                memp_TCPIP_MSG_INPKT
 .rodata.memp_TCPIP_MSG_API
                0x08015078        0xc build/memp.o
                0x08015078                memp_TCPIP_MSG_API
 .rodata.memp_NETCONN
                0x08015084        0xc build/memp.o
                0x08015084                memp_NETCONN
 .rodata.memp_NETBUF
                0x08015090        0xc build/memp.o
                0x08015090                memp_NETBUF
 .rodata.memp_FRAG_PBUF
                0x0801509c        0xc build/memp.o
                0x0801509c                memp_FRAG_PBUF
 .rodata.memp_REASSDATA
                0x080150a8        0xc build/memp.o
                0x080150a8                memp_REASSDATA
 .rodata.memp_UDP_PCB
                0x080150b4        0xc build/memp.o
                0x080150b4                memp_UDP_PCB
 .rodata.netif_issue_reports.str1.4
                0x080150c0       0x80 build/netif.o
 .rodata.netif_do_set_ipaddr.str1.4
                0x080150c0       0x10 build/netif.o
 .rodata.netif_add.str1.4
                0x080150c0       0x82 build/netif.o
 .rodata.netif_set_up.str1.4
                0x080150c0       0x1c build/netif.o
 .rodata.netif_set_down.str1.4
                0x080150c0       0x1e build/netif.o
 .rodata.netif_set_link_up.str1.4
                0x080150c0       0x21 build/netif.o
 .rodata.netif_set_link_down.str1.4
                0x080150c0       0x23 build/netif.o
 .rodata.pbuf_add_header_impl.str1.4
                0x080150c0       0x68 build/pbuf.o
 .rodata.pbuf_alloc_reference.str1.4
                0x080150c0       0x12 build/pbuf.o
 .rodata.pbuf_remove_header.str1.4
                0x080150c0       0x1e build/pbuf.o
 .rodata.pbuf_free.str1.4
                0x080150c0       0x4e build/pbuf.o
 .rodata.pbuf_alloc.str1.4
                0x080150c0       0xab build/pbuf.o
 .rodata.pbuf_realloc.str1.4
                0x080150c0       0x4c build/pbuf.o
 .rodata.pbuf_ref.str1.4
                0x080150c0       0x12 build/pbuf.o
 .rodata.pbuf_cat.str1.4
                0x080150c0       0x78 build/pbuf.o
 .rodata.pbuf_copy.str1.4
                0x080150c0       0x9e build/pbuf.o
 .rodata.pbuf_clone.str1.4
                0x080150c0       0x11 build/pbuf.o
 .rodata.sys_timeout_abs.str1.4
                0x080150c0       0xa0 build/timeouts.o
 .rodata.sys_timeout.str1.4
                0x080150c0       0x36 build/timeouts.o
 .rodata.sys_timeouts_sleeptime.str1.4
                0x080150c0       0x12 build/timeouts.o
 .rodata.lwip_cyclic_timers
                0x080150c0       0x10 build/timeouts.o
                0x080150c0                lwip_cyclic_timers
 .rodata.udp_input_local_match.str1.4
                0x080150d0       0xa5 build/udp.o
 .rodata.udp_input.str1.4
                0x080150d0       0x4f build/udp.o
 .rodata.etharp_find_entry.str1.4
                0x080150d0       0xb9 build/etharp.o
 .rodata.etharp_update_arp_entry.str1.4
                0x080150d0       0x24 build/etharp.o
 .rodata.etharp_raw.str1.4
                0x080150d0       0x85 build/etharp.o
 .rodata.etharp_get_entry.str1.4
                0x080150d0       0x20 build/etharp.o
 .rodata.etharp_output_to_arp_index.str1.4
                0x080150d0       0x30 build/etharp.o
 .rodata.etharp_query.str1.4
                0x080150d0       0x52 build/etharp.o
 .rodata.etharp_output.str1.4
                0x080150d0        0xa build/etharp.o
 .rodata.icmp_send_response.str1.4
                0x080150d0       0x8c build/icmp.o
 .rodata.icmp_input.str1.4
                0x080150d0       0x6a build/icmp.o
 .rodata.ip4_output_if_src.str1.4
                0x080150d0       0x99 build/ip4.o
 .rodata.ip_addr_any
                0x080150d0        0x4 build/ip4_addr.o
                0x080150d0                ip_addr_any
 .rodata.ip_reass_dequeue_datagram.str1.4
                0x080150d4       0x80 build/ip4_frag.o
 .rodata.ip_reass_free_complete_datagram.str1.4
                0x080150d4       0x62 build/ip4_frag.o
 .rodata.ip_frag_free_pbuf_custom_ref.str1.4
                0x080150d4        0xa build/ip4_frag.o
 .rodata.ipfrag_free_pbuf_custom.str1.4
                0x080150d4        0xc build/ip4_frag.o
 .rodata.ip_reass_chain_frag_into_datagram_and_validate.str1.4
                0x080150d4       0x8a build/ip4_frag.o
 .rodata.ip4_reass.str1.4
                0x080150d4       0x48 build/ip4_frag.o
 .rodata.ip4_frag.str1.4
                0x080150d4       0x4b build/ip4_frag.o
 .rodata.str1.4
                0x080150d4       0x44 /usr/lib/gcc/arm-none-eabi/13.2.1/../../../arm-none-eabi/lib/thumb/v7e-m+dp/hard/libc_nano.a(libc_a-rand.o)
 .rodata.str1.4
                0x080150d4       0x43 /usr/lib/gcc/arm-none-eabi/13.2.1/../../../arm-none-eabi/lib/thumb/v7e-m+dp/hard/libc_nano.a(libc_a-assert.o)
 .rodata.str1.4