Archive member included to satisfy reference by file (symbol)

/usr/lib/gcc/arm-none-eabi/13.2.1/../../../arm-none-eabi/lib/thumb/v7e-m+fp/hard/libc_nano.a(libc_a-init.o)
                              /usr/lib/gcc/arm-none-eabi/13.2.1/../../../arm-none-eabi/lib/thumb/v7e-m+fp/hard/crt0.o (__libc_init_array)
/usr/lib/gcc/arm-none-eabi/13.2.1/../../../arm-none-eabi/lib/thumb/v7e-m+fp/hard/libc_nano.a(libc_a-memset.o)
                              /usr/lib/gcc/arm-none-eabi/13.2.1/../../../arm-none-eabi/lib/thumb/v7e-m+fp/hard/crt0.o (memset)
/usr/lib/gcc/arm-none-eabi/13.2.1/../../../arm-none-eabi/lib/thumb/v7e-m+fp/hard/libc_nano.a(libc_a-errno.o)
                              ./Core/Src/syscalls.o (__errno)
/usr/lib/gcc/arm-none-eabi/13.2.1/../../../arm-none-eabi/lib/thumb/v7e-m+fp/hard/libc_nano.a(libc_a-memcpy.o)
                              ./Middlewares/Third_Party/FreeRTOS/cmsis_os2.o (memcpy)
/usr/lib/gcc/arm-none-eabi/13.2.1/../../../arm-none-eabi/lib/thumb/v7e-m+fp/hard/libc_nano.a(libc_a-exit.o)
                              /usr/lib/gcc/arm-none-eabi/13.2.1/../../../arm-none-eabi/lib/thumb/v7e-m+fp/hard/crt0.o (exit)
/usr/lib/gcc/arm-none-eabi/13.2.1/../../../arm-none-eabi/lib/thumb/v7e-m+fp/hard/libc_nano.a(libc_a-atexit.o)
                              /usr/lib/gcc/arm-none-eabi/13.2.1/../../../arm-none-eabi/lib/thumb/v7e-m+fp/hard/crt0.o (atexit)
/usr/lib/gcc/arm-none-eabi/13.2.1/../../../arm-none-eabi/lib/thumb/v7e-m+fp/hard/libc_nano.a(libc_a-fini.o)
                              /usr/lib/gcc/arm-none-eabi/13.2.1/../../../arm-none-eabi/lib/thumb/v7e-m+fp/hard/crt0.o (__libc_fini_array)
/usr/lib/gcc/arm-none-eabi/13.2.1/../../../arm-none-eabi/lib/thumb/v7e-m+fp/hard/libc_nano.a(libc_a-impure.o)
                              /usr/lib/gcc/arm-none-eabi/13.2.1/../../../arm-none-eabi/lib/thumb/v7e-m+fp/hard/libc_nano.a(libc_a-errno.o) (_impure_ptr)
/usr/lib/gcc/arm-none-eabi/13.2.1/../../../arm-none-eabi/lib/thumb/v7e-m+fp/hard/libc_nano.a(libc_a-findfp.o)
                              /usr/lib/gcc/arm-none-eabi/13.2.1/../../../arm-none-eabi/lib/thumb/v7e-m+fp/hard/libc_nano.a(libc_a-exit.o) (__stdio_exit_handler)
/usr/lib/gcc/arm-none-eabi/13.2.1/../../../arm-none-eabi/lib/thumb/v7e-m+fp/hard/libc_nano.a(libc_a-fflush.o)
                              /usr/lib/gcc/arm-none-eabi/13.2.1/../../../arm-none-eabi/lib/thumb/v7e-m+fp/hard/libc_nano.a(libc_a-findfp.o) (_fflush_r)
/usr/lib/gcc/arm-none-eabi/13.2.1/../../../arm-none-eabi/lib/thumb/v7e-m+fp/hard/libc_nano.a(libc_a-mallocr.o)
                              /usr/lib/gcc/arm-none-eabi/13.2.1/../../../arm-none-eabi/lib/thumb/v7e-m+fp/hard/libc_nano.a(libc_a-findfp.o) (_malloc_r)
/usr/lib/gcc/arm-none-eabi/13.2.1/../../../arm-none-eabi/lib/thumb/v7e-m+fp/hard/libc_nano.a(libc_a-freer.o)
                              /usr/lib/gcc/arm-none-eabi/13.2.1/../../../arm-none-eabi/lib/thumb/v7e-m+fp/hard/libc_nano.a(libc_a-fflush.o) (_free_r)
/usr/lib/gcc/arm-none-eabi/13.2.1/../../../arm-none-eabi/lib/thumb/v7e-m+fp/hard/libc_nano.a(libc_a-fwalk.o)
                              /usr/lib/gcc/arm-none-eabi/13.2.1/../../../arm-none-eabi/lib/thumb/v7e-m+fp/hard/libc_nano.a(libc_a-findfp.o) (_fwalk_sglue)
/usr/lib/gcc/arm-none-eabi/13.2.1/../../../arm-none-eabi/lib/thumb/v7e-m+fp/hard/libc_nano.a(libc_a-__atexit.o)
                              /usr/lib/gcc/arm-none-eabi/13.2.1/../../../arm-none-eabi/lib/thumb/v7e-m+fp/hard/libc_nano.a(libc_a-atexit.o) (__register_exitproc)
/usr/lib/gcc/arm-none-eabi/13.2.1/../../../arm-none-eabi/lib/thumb/v7e-m+fp/hard/libc_nano.a(libc_a-sbrkr.o)
                              /usr/lib/gcc/arm-none-eabi/13.2.1/../../../arm-none-eabi/lib/thumb/v7e-m+fp/hard/libc_nano.a(libc_a-mallocr.o) (_sbrk_r)
/usr/lib/gcc/arm-none-eabi/13.2.1/../../../arm-none-eabi/lib/thumb/v7e-m+fp/hard/libc_nano.a(libc_a-stdio.o)
                              /usr/lib/gcc/arm-none-eabi/13.2.1/../../../arm-none-eabi/lib/thumb/v7e-m+fp/hard/libc_nano.a(libc_a-findfp.o) (__sread)
/usr/lib/gcc/arm-none-eabi/13.2.1/../../../arm-none-eabi/lib/thumb/v7e-m+fp/hard/libc_nano.a(libc_a-closer.o)
                              /usr/lib/gcc/arm-none-eabi/13.2.1/../../../arm-none-eabi/lib/thumb/v7e-m+fp/hard/libc_nano.a(libc_a-stdio.o) (_close_r)
/usr/lib/gcc/arm-none-eabi/13.2.1/../../../arm-none-eabi/lib/thumb/v7e-m+fp/hard/libc_nano.a(libc_a-__call_atexit.o)
                              /usr/lib/gcc/arm-none-eabi/13.2.1/../../../arm-none-eabi/lib/thumb/v7e-m+fp/hard/libc_nano.a(libc_a-__atexit.o) (__call_exitprocs)
/usr/lib/gcc/arm-none-eabi/13.2.1/../../../arm-none-eabi/lib/thumb/v7e-m+fp/hard/libc_nano.a(libc_a-readr.o)
                              /usr/lib/gcc/arm-none-eabi/13.2.1/../../../arm-none-eabi/lib/thumb/v7e-m+fp/hard/libc_nano.a(libc_a-stdio.o) (_read_r)
/usr/lib/gcc/arm-none-eabi/13.2.1/../../../arm-none-eabi/lib/thumb/v7e-m+fp/hard/libc_nano.a(libc_a-reent.o)
[...]
Memory Configuration

Name             Origin             Length             Attributes
FLASH            0x08100000         0x00100000         xr
RAM              0x10000000         0x00048000         xrw
*default*        0x00000000         0xffffffff

Linker script and memory map

LOAD /usr/lib/gcc/arm-none-eabi/13.2.1/thumb/v7e-m+fp/hard/crti.o
LOAD /usr/lib/gcc/arm-none-eabi/13.2.1/thumb/v7e-m+fp/hard/crtbegin.o
LOAD /usr/lib/gcc/arm-none-eabi/13.2.1/../../../arm-none-eabi/lib/thumb/v7e-m+fp/hard/crt0.o
LOAD ./Common/Src/system_stm32h7xx_dualcore_boot_cm4_cm7.o
LOAD ./Core/Src/freertos.o
LOAD ./Core/Src/main.o
LOAD ./Core/Src/stm32h7xx_hal_msp.o
LOAD ./Core/Src/stm32h7xx_it.o
LOAD ./Core/Src/syscalls.o
LOAD ./Core/Src/sysmem.o
LOAD ./Core/Startup/startup_stm32h755zitx.o
LOAD ./Core/ThreadSafe/newlib_lock_glue.o
LOAD ./Drivers/BSP/STM32H7xx_Nucleo/lan8742.o
LOAD ./Drivers/BSP/STM32H7xx_Nucleo/stm32h7xx_nucleo.o
LOAD ./Drivers/STM32H7xx_HAL_Driver/stm32h7xx_hal.o
LOAD ./Drivers/STM32H7xx_HAL_Driver/stm32h7xx_hal_cortex.o
LOAD ./Drivers/STM32H7xx_HAL_Driver/stm32h7xx_hal_dma.o
LOAD ./Drivers/STM32H7xx_HAL_Driver/stm32h7xx_hal_dma_ex.o
LOAD ./Drivers/STM32H7xx_HAL_Driver/stm32h7xx_hal_eth.o
LOAD ./Drivers/STM32H7xx_HAL_Driver/stm32h7xx_hal_eth_ex.o
LOAD ./Drivers/STM32H7xx_HAL_Driver/stm32h7xx_hal_exti.o
LOAD ./Drivers/STM32H7xx_HAL_Driver/stm32h7xx_hal_flash.o
LOAD ./Drivers/STM32H7xx_HAL_Driver/stm32h7xx_hal_flash_ex.o
LOAD ./Drivers/STM32H7xx_HAL_Driver/stm32h7xx_hal_gpio.o
LOAD ./Drivers/STM32H7xx_HAL_Driver/stm32h7xx_hal_hsem.o
LOAD ./Drivers/STM32H7xx_HAL_Driver/stm32h7xx_hal_i2c.o
LOAD ./Drivers/STM32H7xx_HAL_Driver/stm32h7xx_hal_i2c_ex.o
LOAD ./Drivers/STM32H7xx_HAL_Driver/stm32h7xx_hal_mdma.o
LOAD ./Drivers/STM32H7xx_HAL_Driver/stm32h7xx_hal_pwr.o
LOAD ./Drivers/STM32H7xx_HAL_Driver/stm32h7xx_hal_pwr_ex.o
LOAD ./Drivers/STM32H7xx_HAL_Driver/stm32h7xx_hal_rcc.o
LOAD ./Drivers/STM32H7xx_HAL_Driver/stm32h7xx_hal_rcc_ex.o
LOAD ./Drivers/STM32H7xx_HAL_Driver/stm32h7xx_hal_tim.o
LOAD ./Drivers/STM32H7xx_HAL_Driver/stm32h7xx_hal_tim_ex.o
LOAD ./Drivers/STM32H7xx_HAL_Driver/stm32h7xx_hal_uart.o
LOAD ./Drivers/STM32H7xx_HAL_Driver/stm32h7xx_hal_uart_ex.o
LOAD ./Drivers/STM32H7xx_HAL_Driver/stm32h7xx_hal_usart.o
LOAD ./Drivers/STM32H7xx_HAL_Driver/stm32h7xx_hal_usart_ex.o
LOAD ./Middlewares/Third_Party/FreeRTOS/cmsis_os2.o
LOAD ./Middlewares/Third_Party/FreeRTOS/croutine.o
LOAD ./Middlewares/Third_Party/FreeRTOS/event_groups.o
LOAD ./Middlewares/Third_Party/FreeRTOS/heap_4.o
LOAD ./Middlewares/Third_Party/FreeRTOS/list.o
LOAD ./Middlewares/Third_Party/FreeRTOS/port.o
LOAD ./Middlewares/Third_Party/FreeRTOS/queue.o
LOAD ./Middlewares/Third_Party/FreeRTOS/stream_buffer.o
LOAD ./Middlewares/Third_Party/FreeRTOS/tasks.o
LOAD ./Middlewares/Third_Party/FreeRTOS/timers.o
START GROUP
LOAD /usr/lib/gcc/arm-none-eabi/13.2.1/../../../arm-none-eabi/lib/thumb/v7e-m+fp/hard/libc_nano.a
LOAD /usr/lib/gcc/arm-none-eabi/13.2.1/../../../arm-none-eabi/lib/thumb/v7e-m+fp/hard/libm.a
END GROUP
START GROUP
LOAD /usr/lib/gcc/arm-none-eabi/13.2.1/thumb/v7e-m+fp/hard/libgcc.a
LOAD /usr/lib/gcc/arm-none-eabi/13.2.1/../../../arm-none-eabi/lib/thumb/v7e-m+fp/hard/libc_nano.a
END GROUP
START GROUP
LOAD /usr/lib/gcc/arm-none-eabi/13.2.1/thumb/v7e-m+fp/hard/libgcc.a
LOAD /usr/lib/gcc/arm-none-eabi/13.2.1/../../../arm-none-eabi/lib/thumb/v7e-m+fp/hard/libc_nano.a
LOAD /usr/lib/gcc/arm-none-eabi/13.2.1/../../../arm-none-eabi/lib/thumb/v7e-m+fp/hard/libnosys.a
END GROUP
START GROUP
LOAD /usr/lib/gcc/arm-none-eabi/13.2.1/thumb/v7e-m+fp/hard/libgcc.a
LOAD /usr/lib/gcc/arm-none-eabi/13.2.1/../../../arm-none-eabi/lib/thumb/v7e-m+fp/hard/libc_nano.a
LOAD /usr/lib/gcc/arm-none-eabi/13.2.1/../../../arm-none-eabi/lib/thumb/v7e-m+fp/hard/libnosys.a
END GROUP
LOAD /usr/lib/gcc/arm-none-eabi/13.2.1/thumb/v7e-m+fp/hard/crtend.o
LOAD /usr/lib/gcc/arm-none-eabi/13.2.1/thumb/v7e-m+fp/hard/crtn.o
                0x10048000                        _estack = (ORIGIN (RAM) + LENGTH (RAM))
                0x00000200                        _Min_Heap_Size = 0x200
                0x00000400                        _Min_Stack_Size = 0x400

.isr_vector     0x08100000      0x298
                0x08100000                        . = ALIGN (0x4)
 *(.isr_vector)
 .isr_vector    0x08100000      0x298 ./Core/Startup/startup_stm32h755zitx.o
                0x08100000                g_pfnVectors
                0x08100298                        . = ALIGN (0x4)

.text           0x081002a0     0x37c4
                0x081002a0                        . = ALIGN (0x4)
 *(.text)
 .text          0x081002a0       0x88 /usr/lib/gcc/arm-none-eabi/13.2.1/thumb/v7e-m+fp/hard/crtbegin.o
 .text          0x08100328       0x50 /usr/lib/gcc/arm-none-eabi/13.2.1/../../../arm-none-eabi/lib/thumb/v7e-m+fp/hard/libc_nano.a(libc_a-init.o)
                0x08100328                __libc_init_array
 .text          0x08100378       0xa4 /usr/lib/gcc/arm-none-eabi/13.2.1/../../../arm-none-eabi/lib/thumb/v7e-m+fp/hard/libc_nano.a(libc_a-memset.o)
                0x08100378                memset
 .text          0x0810041c      0x134 /usr/lib/gcc/arm-none-eabi/13.2.1/../../../arm-none-eabi/lib/thumb/v7e-m+fp/hard/libc_nano.a(libc_a-memcpy.o)
                0x0810041c                memcpy
 *(.text*)
 .text.SystemInit
                0x08100550       0x30 ./Common/Src/system_stm32h7xx_dualcore_boot_cm4_cm7.o
                0x08100550                SystemInit
 .text.ExitRun0Mode
                0x08100580       0x30 ./Common/Src/system_stm32h7xx_dualcore_boot_cm4_cm7.o
                0x08100580                ExitRun0Mode
 .text.main     0x081005b0       0xa4 ./Core/Src/main.o
                0x081005b0                main
 .text.MX_DMA_Init
                0x08100654       0x34 ./Core/Src/main.o
 .text.StartDefaultTask
                0x08100688       0x10 ./Core/Src/main.o
                0x08100688                StartDefaultTask
 .text.HAL_MspInit
                0x08100698       0x3c ./Core/Src/stm32h7xx_hal_msp.o
                0x08100698                HAL_MspInit
 .text.NMI_Handler
                0x081006d4        0x8 ./Core/Src/stm32h7xx_it.o
                0x081006d4                NMI_Handler
 .text.HardFault_Handler
                0x081006dc        0x8 ./Core/Src/stm32h7xx_it.o
                0x081006dc                HardFault_Handler
 .text.MemManage_Handler
                0x081006e4        0x8 ./Core/Src/stm32h7xx_it.o
                0x081006e4                MemManage_Handler
 .text.BusFault_Handler
                0x081006ec        0x8 ./Core/Src/stm32h7xx_it.o
                0x081006ec                BusFault_Handler
 .text.UsageFault_Handler
                0x081006f4        0x8 ./Core/Src/stm32h7xx_it.o
                0x081006f4                UsageFault_Handler
 .text.DebugMon_Handler
                0x081006fc        0xe ./Core/Src/stm32h7xx_it.o
                0x081006fc                DebugMon_Handler
 .text.SysTick_Handler
                0x0810070a       0x1a ./Core/Src/stm32h7xx_it.o
                0x0810070a                SysTick_Handler
 .text.Reset_Handler
                0x08100724       0x54 ./Core/Startup/startup_stm32h755zitx.o
                0x08100724                Reset_Handler
 .text.Default_Handler
                0x08100778        0x2 ./Core/Startup/startup_stm32h755zitx.o
                0x08100778                RTC_Alarm_IRQHandler
                0x08100778                HASH_RNG_IRQHandler
                0x08100778                EXTI2_IRQHandler
                0x08100778                TIM8_CC_IRQHandler
                0x08100778                HRTIM1_Master_IRQHandler
                0x08100778                UART8_IRQHandler
                0x08100778                SPI4_IRQHandler
                0x08100778                TIM1_CC_IRQHandler
                0x08100778                BDMA_Channel6_IRQHandler
                0x08100778                DMA2_Stream5_IRQHandler
                0x08100778                HRTIM1_FLT_IRQHandler
                0x08100778                JPEG_IRQHandler
                0x08100778                DMA1_Stream5_IRQHandler
                0x08100778                BDMA_Channel1_IRQHandler
                0x08100778                HRTIM1_TIMD_IRQHandler
                0x08100778                TAMP_STAMP_IRQHandler
                0x08100778                EXTI3_IRQHandler
                0x08100778                LPTIM4_IRQHandler
                0x08100778                TIM8_TRG_COM_TIM14_IRQHandler
                0x08100778                LPTIM2_IRQHandler
                0x08100778                DFSDM1_FLT1_IRQHandler
                0x08100778                DMAMUX2_OVR_IRQHandler
                0x08100778                TIM8_UP_TIM13_IRQHandler
                0x08100778                I2C3_ER_IRQHandler
                0x08100778                DFSDM1_FLT2_IRQHandler
                0x08100778                MDMA_IRQHandler
                0x08100778                LPTIM3_IRQHandler
                0x08100778                HSEM1_IRQHandler
                0x08100778                EXTI0_IRQHandler
                0x08100778                I2C2_EV_IRQHandler
                0x08100778                DMA1_Stream2_IRQHandler
                0x08100778                FPU_IRQHandler
                0x08100778                OTG_HS_WKUP_IRQHandler
                0x08100778                FDCAN1_IT1_IRQHandler
                0x08100778                LTDC_ER_IRQHandler
                0x08100778                DMA2_Stream2_IRQHandler
                0x08100778                HRTIM1_TIME_IRQHandler
                0x08100778                SPI1_IRQHandler
                0x08100778                TIM6_DAC_IRQHandler
                0x08100778                DCMI_IRQHandler
                0x08100778                HRTIM1_TIMC_IRQHandler
                0x08100778                DMA2_Stream3_IRQHandler
                0x08100778                SAI2_IRQHandler
                0x08100778                DFSDM1_FLT3_IRQHandler
                0x08100778                USART6_IRQHandler
                0x08100778                TIM17_IRQHandler
                0x08100778                USART3_IRQHandler
                0x08100778                BDMA_Channel7_IRQHandler
                0x08100778                CRYP_IRQHandler
                0x08100778                LPTIM5_IRQHandler
                0x08100778                UART5_IRQHandler
                0x08100778                ADC3_IRQHandler
                0x08100778                DMA2_Stream0_IRQHandler
                0x08100778                TIM4_IRQHandler
                0x08100778                BDMA_Channel2_IRQHandler
                0x08100778                QUADSPI_IRQHandler
                0x08100778                I2C1_EV_IRQHandler
                0x08100778                DMA1_Stream6_IRQHandler
                0x08100778                DMAMUX1_OVR_IRQHandler
                0x08100778                DMA1_Stream1_IRQHandler
                0x08100778                TIM16_IRQHandler
                0x08100778                UART4_IRQHandler
                0x08100778                BDMA_Channel5_IRQHandler
                0x08100778                TIM3_IRQHandler
                0x08100778                RCC_IRQHandler
                0x08100778                TIM8_BRK_TIM12_IRQHandler
                0x08100778                TIM1_TRG_COM_IRQHandler
                0x08100778                Default_Handler
                0x08100778                ECC_IRQHandler
                0x08100778                CEC_IRQHandler
                0x08100778                EXTI15_10_IRQHandler
                0x08100778                BDMA_Channel0_IRQHandler
                0x08100778                ADC_IRQHandler
                0x08100778                DMA1_Stream7_IRQHandler
                0x08100778                HRTIM1_TIMA_IRQHandler
                0x08100778                SPI5_IRQHandler
                0x08100778                TIM7_IRQHandler
                0x08100778                SDMMC1_IRQHandler
                0x08100778                TIM5_IRQHandler
                0x08100778                DMA2_Stream7_IRQHandler
                0x08100778                TIM15_IRQHandler
                0x08100778                PVD_AVD_IRQHandler
                0x08100778                I2C3_EV_IRQHandler
                0x08100778                EXTI9_5_IRQHandler
                0x08100778                RTC_WKUP_IRQHandler
                0x08100778                LTDC_IRQHandler
                0x08100778                SAI3_IRQHandler
                0x08100778                ETH_WKUP_IRQHandler
                0x08100778                SPDIF_RX_IRQHandler
                0x08100778                SPI2_IRQHandler
                0x08100778                OTG_HS_EP1_IN_IRQHandler
                0x08100778                DMA1_Stream0_IRQHandler
                0x08100778                CRS_IRQHandler
                0x08100778                CM7_SEV_IRQHandler
                0x08100778                EXTI4_IRQHandler
                0x08100778                CM4_SEV_IRQHandler
                0x08100778                HRTIM1_TIMB_IRQHandler
                0x08100778                FDCAN2_IT1_IRQHandler
                0x08100778                ETH_IRQHandler
                0x08100778                TIM1_UP_IRQHandler
                0x08100778                WWDG_RST_IRQHandler
                0x08100778                BDMA_Channel4_IRQHandler
                0x08100778                OTG_HS_EP1_OUT_IRQHandler
                0x08100778                WWDG_IRQHandler
                0x08100778                SPI6_IRQHandler
                0x08100778                MDIOS_IRQHandler
                0x08100778                I2C4_EV_IRQHandler
                0x08100778                FDCAN2_IT0_IRQHandler
                0x08100778                LPUART1_IRQHandler
                0x08100778                FDCAN1_IT0_IRQHandler
                0x08100778                TIM2_IRQHandler
                0x08100778                OTG_FS_WKUP_IRQHandler
                0x08100778                OTG_HS_IRQHandler
                0x08100778                HSEM2_IRQHandler
                0x08100778                DMA2D_IRQHandler
                0x08100778                TIM1_BRK_IRQHandler
                0x08100778                EXTI1_IRQHandler
                0x08100778                SDMMC2_IRQHandler
                0x08100778                OTG_FS_EP1_OUT_IRQHandler
                0x08100778                BDMA_Channel3_IRQHandler
                0x08100778                HOLD_CORE_IRQHandler
                0x08100778                UART7_IRQHandler
                0x08100778                MDIOS_WKUP_IRQHandler
                0x08100778                USART2_IRQHandler
                0x08100778                DFSDM1_FLT0_IRQHandler
                0x08100778                SAI4_IRQHandler
                0x08100778                I2C2_ER_IRQHandler
                0x08100778                DMA2_Stream1_IRQHandler
                0x08100778                FLASH_IRQHandler
                0x08100778                DMA2_Stream4_IRQHandler
                0x08100778                USART1_IRQHandler
                0x08100778                OTG_FS_IRQHandler
                0x08100778                SPI3_IRQHandler
                0x08100778                WAKEUP_PIN_IRQHandler
                0x08100778                DMA1_Stream4_IRQHandler
                0x08100778                OTG_FS_EP1_IN_IRQHandler
                0x08100778                I2C1_ER_IRQHandler
                0x08100778                FMC_IRQHandler
                0x08100778                FDCAN_CAL_IRQHandler
                0x08100778                SWPMI1_IRQHandler
                0x08100778                COMP1_IRQHandler
                0x08100778                LPTIM1_IRQHandler
                0x08100778                I2C4_ER_IRQHandler
                0x08100778                DMA2_Stream6_IRQHandler
                0x08100778                SAI1_IRQHandler
                0x08100778                DMA1_Stream3_IRQHandler
 *fill*         0x0810077a        0x2 
 .text.HAL_Init
                0x0810077c       0xbc ./Drivers/STM32H7xx_HAL_Driver/stm32h7xx_hal.o
                0x0810077c                HAL_Init
 .text.HAL_InitTick
                0x08100838       0x6c ./Drivers/STM32H7xx_HAL_Driver/stm32h7xx_hal.o
                0x08100838                HAL_InitTick
 .text.HAL_IncTick
                0x081008a4       0x28 ./Drivers/STM32H7xx_HAL_Driver/stm32h7xx_hal.o
                0x081008a4                HAL_IncTick
 .text.__NVIC_SetPriorityGrouping
                0x081008cc       0x48 ./Drivers/STM32H7xx_HAL_Driver/stm32h7xx_hal_cortex.o
 .text.__NVIC_GetPriorityGrouping
                0x08100914       0x1c ./Drivers/STM32H7xx_HAL_Driver/stm32h7xx_hal_cortex.o
 .text.__NVIC_SetPriority
                0x08100930       0x54 ./Drivers/STM32H7xx_HAL_Driver/stm32h7xx_hal_cortex.o
 .text.NVIC_EncodePriority
                0x08100984       0x66 ./Drivers/STM32H7xx_HAL_Driver/stm32h7xx_hal_cortex.o
 *fill*         0x081009ea        0x2 
 .text.SysTick_Config
                0x081009ec       0x44 ./Drivers/STM32H7xx_HAL_Driver/stm32h7xx_hal_cortex.o
 .text.HAL_NVIC_SetPriorityGrouping
                0x08100a30       0x16 ./Drivers/STM32H7xx_HAL_Driver/stm32h7xx_hal_cortex.o
                0x08100a30                HAL_NVIC_SetPriorityGrouping
 .text.HAL_NVIC_SetPriority
                0x08100a46       0x34 ./Drivers/STM32H7xx_HAL_Driver/stm32h7xx_hal_cortex.o
                0x08100a46                HAL_NVIC_SetPriority
 .text.HAL_SYSTICK_Config
                0x08100a7a       0x18 ./Drivers/STM32H7xx_HAL_Driver/stm32h7xx_hal_cortex.o
                0x08100a7a                HAL_SYSTICK_Config
 *fill*         0x08100a92        0x2 
 .text.HAL_GetCurrentCPUID
                0x08100a94       0x24 ./Drivers/STM32H7xx_HAL_Driver/stm32h7xx_hal_cortex.o
                0x08100a94                HAL_GetCurrentCPUID
 .text.HAL_HSEM_ActivateNotification
                0x08100ab8       0x24 ./Drivers/STM32H7xx_HAL_Driver/stm32h7xx_hal_hsem.o
                0x08100ab8                HAL_HSEM_ActivateNotification
 .text.HAL_PWREx_EnterSTOPMode
                0x08100adc       0xf4 ./Drivers/STM32H7xx_HAL_Driver/stm32h7xx_hal_pwr_ex.o
                0x08100adc                HAL_PWREx_EnterSTOPMode
 .text.HAL_PWREx_ClearPendingEvent
                0x08100bd0       0x1a ./Drivers/STM32H7xx_HAL_Driver/stm32h7xx_hal_pwr_ex.o
                0x08100bd0                HAL_PWREx_ClearPendingEvent
 *fill*         0x08100bea        0x2 
 .text.HAL_RCC_GetSysClockFreq
                0x08100bec      0x2f4 ./Drivers/STM32H7xx_HAL_Driver/stm32h7xx_hal_rcc.o
                0x08100bec                HAL_RCC_GetSysClockFreq
 .text.__NVIC_SetPriority
                0x08100ee0       0x54 ./Middlewares/Third_Party/FreeRTOS/cmsis_os2.o
 .text.SVC_Setup
                0x08100f34       0x12 ./Middlewares/Third_Party/FreeRTOS/cmsis_os2.o
 *fill*         0x08100f46        0x2 
 .text.osKernelInitialize
                0x08100f48       0x48 ./Middlewares/Third_Party/FreeRTOS/cmsis_os2.o
                0x08100f48                osKernelInitialize
 .text.osKernelStart
                0x08100f90       0x4c ./Middlewares/Third_Party/FreeRTOS/cmsis_os2.o
                0x08100f90                osKernelStart
 .text.osThreadNew
                0x08100fdc      0x124 ./Middlewares/Third_Party/FreeRTOS/cmsis_os2.o
                0x08100fdc                osThreadNew
 .text.osDelay  0x08101100       0x36 ./Middlewares/Third_Party/FreeRTOS/cmsis_os2.o
                0x08101100                osDelay
 *fill*         0x08101136        0x2 
 .text.vApplicationGetIdleTaskMemory
                0x08101138       0x34 ./Middlewares/Third_Party/FreeRTOS/cmsis_os2.o
                0x08101138                vApplicationGetIdleTaskMemory
 .text.vApplicationGetTimerTaskMemory
                0x0810116c       0x34 ./Middlewares/Third_Party/FreeRTOS/cmsis_os2.o
                0x0810116c                vApplicationGetTimerTaskMemory
 .text.pvPortMalloc
                0x081011a0      0x19c ./Middlewares/Third_Party/FreeRTOS/heap_4.o
                0x081011a0                pvPortMalloc
 .text.vPortFree
                0x0810133c       0xc8 ./Middlewares/Third_Party/FreeRTOS/heap_4.o
                0x0810133c                vPortFree
 .text.prvHeapInit
                0x08101404       0xc4 ./Middlewares/Third_Party/FreeRTOS/heap_4.o
 .text.prvInsertBlockIntoFreeList
                0x081014c8       0xb4 ./Middlewares/Third_Party/FreeRTOS/heap_4.o
 .text.vListInitialise
                0x0810157c       0x40 ./Middlewares/Third_Party/FreeRTOS/list.o
                0x0810157c                vListInitialise
 .text.vListInitialiseItem
                0x081015bc       0x1a ./Middlewares/Third_Party/FreeRTOS/list.o
                0x081015bc                vListInitialiseItem
 .text.vListInsertEnd
                0x081015d6       0x48 ./Middlewares/Third_Party/FreeRTOS/list.o
                0x081015d6                vListInsertEnd
 .text.vListInsert
                0x0810161e       0x72 ./Middlewares/Third_Party/FreeRTOS/list.o
                0x0810161e                vListInsert
 .text.uxListRemove
                0x08101690       0x54 ./Middlewares/Third_Party/FreeRTOS/list.o
                0x08101690                uxListRemove
 .text.pxPortInitialiseStack
                0x081016e4       0x68 ./Middlewares/Third_Party/FreeRTOS/port.o
                0x081016e4                pxPortInitialiseStack
 .text.prvTaskExitError
                0x0810174c       0x5c ./Middlewares/Third_Party/FreeRTOS/port.o
 *fill*         0x081017a8        0x8 
 .text.SVC_Handler
                0x081017b0       0x28 ./Middlewares/Third_Party/FreeRTOS/port.o
                0x081017b0                SVC_Handler
 .text.prvPortStartFirstTask
                0x081017d8       0x28 ./Middlewares/Third_Party/FreeRTOS/port.o
 .text.xPortStartScheduler
                0x08101800      0x148 ./Middlewares/Third_Party/FreeRTOS/port.o
                0x08101800                xPortStartScheduler
 .text.vPortEnterCritical
                0x08101948       0x64 ./Middlewares/Third_Party/FreeRTOS/port.o
                0x08101948                vPortEnterCritical
 .text.vPortExitCritical
                0x081019ac       0x54 ./Middlewares/Third_Party/FreeRTOS/port.o
                0x081019ac                vPortExitCritical
 .text.PendSV_Handler
                0x08101a00       0x68 ./Middlewares/Third_Party/FreeRTOS/port.o
                0x08101a00                PendSV_Handler
 .text.xPortSysTickHandler
                0x08101a68       0x44 ./Middlewares/Third_Party/FreeRTOS/port.o
                0x08101a68                xPortSysTickHandler
 .text.vPortSetupTimerInterrupt
                0x08101aac       0x48 ./Middlewares/Third_Party/FreeRTOS/port.o
                0x08101aac                vPortSetupTimerInterrupt
 .text.vPortEnableVFP
                0x08101af4       0x14 ./Middlewares/Third_Party/FreeRTOS/port.o
 .text.vPortValidateInterruptPriority
                0x08101b08       0x84 ./Middlewares/Third_Party/FreeRTOS/port.o
                0x08101b08                vPortValidateInterruptPriority
 .text.xQueueGenericReset
                0x08101b8c       0xd4 ./Middlewares/Third_Party/FreeRTOS/queue.o
                0x08101b8c                xQueueGenericReset
 .text.xQueueGenericCreateStatic
                0x08101c60       0xfa ./Middlewares/Third_Party/FreeRTOS/queue.o
                0x08101c60                xQueueGenericCreateStatic
 .text.prvInitialiseNewQueue
                0x08101d5a       0x46 ./Middlewares/Third_Party/FreeRTOS/queue.o
 .text.xQueueGenericSend
                0x08101da0      0x204 ./Middlewares/Third_Party/FreeRTOS/queue.o
                0x08101da0                xQueueGenericSend
 .text.xQueueGenericSendFromISR
                0x08101fa4      0x13c ./Middlewares/Third_Party/FreeRTOS/queue.o
                0x08101fa4                xQueueGenericSendFromISR
 .text.xQueueReceive
                0x081020e0      0x1c4 ./Middlewares/Third_Party/FreeRTOS/queue.o
                0x081020e0                xQueueReceive
 .text.prvCopyDataToQueue
                0x081022a4       0xd4 ./Middlewares/Third_Party/FreeRTOS/queue.o
 .text.prvCopyDataFromQueue
                0x08102378       0x4c ./Middlewares/Third_Party/FreeRTOS/queue.o
 .text.prvUnlockQueue
                0x081023c4       0xa4 ./Middlewares/Third_Party/FreeRTOS/queue.o
 .text.prvIsQueueEmpty
                0x08102468       0x2c ./Middlewares/Third_Party/FreeRTOS/queue.o
 .text.prvIsQueueFull
                0x08102494       0x30 ./Middlewares/Third_Party/FreeRTOS/queue.o
 .text.vQueueAddToRegistry
                0x081024c4       0x54 ./Middlewares/Third_Party/FreeRTOS/queue.o
                0x081024c4                vQueueAddToRegistry
 .text.vQueueWaitForMessageRestricted
                0x08102518       0x68 ./Middlewares/Third_Party/FreeRTOS/queue.o
                0x08102518                vQueueWaitForMessageRestricted
 .text.xTaskCreateStatic
                0x08102580       0xc0 ./Middlewares/Third_Party/FreeRTOS/tasks.o
                0x08102580                xTaskCreateStatic
 .text.xTaskCreate
                0x08102640       0x8a ./Middlewares/Third_Party/FreeRTOS/tasks.o
                0x08102640                xTaskCreate
 .text.prvInitialiseNewTask
                0x081026ca      0x120 ./Middlewares/Third_Party/FreeRTOS/tasks.o
 *fill*         0x081027ea        0x2 
 .text.prvAddNewTaskToReadyList
                0x081027ec       0xe0 ./Middlewares/Third_Party/FreeRTOS/tasks.o
 .text.vTaskDelay
                0x081028cc       0x6c ./Middlewares/Third_Party/FreeRTOS/tasks.o
                0x081028cc                vTaskDelay
 .text.vTaskStartScheduler
                0x08102938       0xd0 ./Middlewares/Third_Party/FreeRTOS/tasks.o
                0x08102938                vTaskStartScheduler
 .text.vTaskSuspendAll
                0x08102a08       0x1c ./Middlewares/Third_Party/FreeRTOS/tasks.o
                0x08102a08                vTaskSuspendAll
 .text.xTaskResumeAll
                0x08102a24      0x13c ./Middlewares/Third_Party/FreeRTOS/tasks.o
                0x08102a24                xTaskResumeAll
 .text.xTaskGetTickCount
                0x08102b60       0x20 ./Middlewares/Third_Party/FreeRTOS/tasks.o
                0x08102b60                xTaskGetTickCount
 .text.xTaskIncrementTick
                0x08102b80      0x174 ./Middlewares/Third_Party/FreeRTOS/tasks.o
                0x08102b80                xTaskIncrementTick
 .text.vTaskSwitchContext
                0x08102cf4       0xbc ./Middlewares/Third_Party/FreeRTOS/tasks.o
                0x08102cf4                vTaskSwitchContext
 .text.vTaskPlaceOnEventList
                0x08102db0       0x4c ./Middlewares/Third_Party/FreeRTOS/tasks.o
                0x08102db0                vTaskPlaceOnEventList
 .text.vTaskPlaceOnEventListRestricted
                0x08102dfc       0x58 ./Middlewares/Third_Party/FreeRTOS/tasks.o
                0x08102dfc                vTaskPlaceOnEventListRestricted
 .text.xTaskRemoveFromEventList
                0x08102e54       0xc8 ./Middlewares/Third_Party/FreeRTOS/tasks.o
                0x08102e54                xTaskRemoveFromEventList
 .text.vTaskInternalSetTimeOutState
                0x08102f1c       0x2c ./Middlewares/Third_Party/FreeRTOS/tasks.o
                0x08102f1c                vTaskInternalSetTimeOutState
 .text.xTaskCheckForTimeOut
                0x08102f48       0xc8 ./Middlewares/Third_Party/FreeRTOS/tasks.o
                0x08102f48                xTaskCheckForTimeOut
 .text.vTaskMissedYield
                0x08103010       0x18 ./Middlewares/Third_Party/FreeRTOS/tasks.o
                0x08103010                vTaskMissedYield
 .text.prvIdleTask
                0x08103028       0x30 ./Middlewares/Third_Party/FreeRTOS/tasks.o
 .text.prvInitialiseTaskLists
                0x08103058       0x80 ./Middlewares/Third_Party/FreeRTOS/tasks.o
 .text.prvCheckTasksWaitingTermination
                0x081030d8       0x5c ./Middlewares/Third_Party/FreeRTOS/tasks.o
 .text.prvDeleteTCB
                0x08103134       0x60 ./Middlewares/Third_Party/FreeRTOS/tasks.o
 .text.prvResetNextTaskUnblockTime
                0x08103194       0x40 ./Middlewares/Third_Party/FreeRTOS/tasks.o
 .text.xTaskGetSchedulerState
                0x081031d4       0x3c ./Middlewares/Third_Party/FreeRTOS/tasks.o
                0x081031d4                xTaskGetSchedulerState
 .text.xTaskPriorityDisinherit
                0x08103210       0xe0 ./Middlewares/Third_Party/FreeRTOS/tasks.o
                0x08103210                xTaskPriorityDisinherit
 .text.prvAddCurrentTaskToDelayedList
                0x081032f0       0xa8 ./Middlewares/Third_Party/FreeRTOS/tasks.o
 .text.xTimerCreateTimerTask
                0x08103398       0x94 ./Middlewares/Third_Party/FreeRTOS/timers.o
                0x08103398                xTimerCreateTimerTask
 .text.xTimerGenericCommand
                0x0810342c       0x9c ./Middlewares/Third_Party/FreeRTOS/timers.o
                0x0810342c                xTimerGenericCommand
 .text.prvProcessExpiredTimer
                0x081034c8       0x9c ./Middlewares/Third_Party/FreeRTOS/timers.o
 .text.prvTimerTask
                0x08103564       0x26 ./Middlewares/Third_Party/FreeRTOS/timers.o
 *fill*         0x0810358a        0x2 
 .text.prvProcessTimerOrBlockTask
                0x0810358c       0x9c ./Middlewares/Third_Party/FreeRTOS/timers.o
 .text.prvGetNextExpireTime
                0x08103628       0x48 ./Middlewares/Third_Party/FreeRTOS/timers.o
 .text.prvSampleTimeNow
                0x08103670       0x40 ./Middlewares/Third_Party/FreeRTOS/timers.o
 .text.prvInsertTimerInActiveList
                0x081036b0       0x84 ./Middlewares/Third_Party/FreeRTOS/timers.o
 .text.prvProcessReceivedCommands
                0x08103734      0x1cc ./Middlewares/Third_Party/FreeRTOS/timers.o
 .text.prvSwitchTimerLists
                0x08103900       0xcc ./Middlewares/Third_Party/FreeRTOS/timers.o
 .text.prvCheckForValidListAndQueue
                0x081039cc       0x80 ./Middlewares/Third_Party/FreeRTOS/timers.o
 *(.glue_7)
 .glue_7        0x08103a4c        0x0 linker stubs
 *(.glue_7t)
 .glue_7t       0x08103a4c        0x0 linker stubs
 *(.eh_frame)
 .eh_frame      0x08103a4c        0x0 /usr/lib/gcc/arm-none-eabi/13.2.1/thumb/v7e-m+fp/hard/crtbegin.o
 *(.init)
 .init          0x08103a4c        0x4 /usr/lib/gcc/arm-none-eabi/13.2.1/thumb/v7e-m+fp/hard/crti.o
                0x08103a4c                _init
 .init          0x08103a50        0x8 /usr/lib/gcc/arm-none-eabi/13.2.1/thumb/v7e-m+fp/hard/crtn.o
 *(.fini)
 .fini          0x08103a58        0x4 /usr/lib/gcc/arm-none-eabi/13.2.1/thumb/v7e-m+fp/hard/crti.o
                0x08103a58                _fini
 .fini          0x08103a5c        0x8 /usr/lib/gcc/arm-none-eabi/13.2.1/thumb/v7e-m+fp/hard/crtn.o
                0x08103a64                        . = ALIGN (0x4)
                0x08103a64                        _etext = .

.vfp11_veneer   0x08103a64        0x0
 .vfp11_veneer  0x08103a64        0x0 linker stubs

.v4_bx          0x08103a64        0x0
 .v4_bx         0x08103a64        0x0 linker stubs

.iplt           0x08103a64        0x0
 .iplt          0x08103a64        0x0 /usr/lib/gcc/arm-none-eabi/13.2.1/thumb/v7e-m+fp/hard/crtbegin.o

.rodata         0x08103a64       0x58
                0x08103a64                        . = ALIGN (0x4)
 *(.rodata)
 .rodata        0x08103a64        0xc ./Core/Src/main.o
 .rodata        0x08103a70        0x5 ./Middlewares/Third_Party/FreeRTOS/tasks.o
 *fill*         0x08103a75        0x3 
 .rodata        0x08103a78        0xd ./Middlewares/Third_Party/FreeRTOS/timers.o
 *(.rodata*)
 *fill*         0x08103a85        0x3 
 .rodata.D1CorePrescTable
                0x08103a88       0x10 ./Common/Src/system_stm32h7xx_dualcore_boot_cm4_cm7.o
                0x08103a88                D1CorePrescTable
 .rodata.defaultTask_attributes
                0x08103a98       0x24 ./Core/Src/main.o
                0x08103a98                defaultTask_attributes
                0x08103abc                        . = ALIGN (0x4)

.ARM.extab
 *(.ARM.extab* .gnu.linkonce.armextab.*)

.ARM            0x08103abc        0x8
                0x08103abc                        __exidx_start = .
 *(.ARM.exidx*)
 .ARM.exidx     0x08103abc        0x8 /usr/lib/gcc/arm-none-eabi/13.2.1/../../../arm-none-eabi/lib/thumb/v7e-m+fp/hard/libc_nano.a(libc_a-memcpy.o)
                0x08103ac4                        __exidx_end = .

.preinit_array  0x08103ac4        0x0
                0x08103ac4                        PROVIDE (__preinit_array_start = .)
 *(.preinit_array*)
                0x08103ac4                        PROVIDE (__preinit_array_end = .)

.init_array     0x08103ac4        0x4
                0x08103ac4                        PROVIDE (__init_array_start = .)
 *(SORT_BY_NAME(.init_array.*))
 *(.init_array*)
 .init_array    0x08103ac4        0x4 /usr/lib/gcc/arm-none-eabi/13.2.1/thumb/v7e-m+fp/hard/crtbegin.o
                0x08103ac8                        PROVIDE (__init_array_end = .)

.fini_array     0x08103ac8        0x4
                0x08103ac8                        PROVIDE (__fini_array_start = .)
 *(SORT_BY_NAME(.fini_array.*))
 *(.fini_array*)
 .fini_array    0x08103ac8        0x4 /usr/lib/gcc/arm-none-eabi/13.2.1/thumb/v7e-m+fp/hard/crtbegin.o
                0x08103acc                        PROVIDE (__fini_array_end = .)
                0x08103acc                        _sidata = LOADADDR (.data)

.rel.dyn        0x08103acc        0x0
 .rel.iplt      0x08103acc        0x0 /usr/lib/gcc/arm-none-eabi/13.2.1/thumb/v7e-m+fp/hard/crtbegin.o

.data           0x10000000       0x14 load address 0x08103acc
                0x10000000                        . = ALIGN (0x4)
                0x10000000                        _sdata = .
 *(.data)
 *(.data*)
 .data.SystemCoreClock
                0x10000000        0x4 ./Common/Src/system_stm32h7xx_dualcore_boot_cm4_cm7.o
                0x10000000                SystemCoreClock
 .data.SystemD2Clock
                0x10000004        0x4 ./Common/Src/system_stm32h7xx_dualcore_boot_cm4_cm7.o
                0x10000004                SystemD2Clock
 .data.uwTickPrio
                0x10000008        0x4 ./Drivers/STM32H7xx_HAL_Driver/stm32h7xx_hal.o
                0x10000008                uwTickPrio
 .data.uwTickFreq
                0x1000000c        0x1 ./Drivers/STM32H7xx_HAL_Driver/stm32h7xx_hal.o
                0x1000000c                uwTickFreq
 *fill*         0x1000000d        0x3 
 .data.uxCriticalNesting
                0x10000010        0x4 ./Middlewares/Third_Party/FreeRTOS/port.o
 *(.RamFunc)
 *(.RamFunc*)
                0x10000014                        . = ALIGN (0x4)
                0x10000014                        _edata = .

.tm_clone_table
                0x10000014        0x0 load address 0x08103ae0
 .tm_clone_table
                0x10000014        0x0 /usr/lib/gcc/arm-none-eabi/13.2.1/thumb/v7e-m+fp/hard/crtbegin.o
 .tm_clone_table
                0x10000014        0x0 /usr/lib/gcc/arm-none-eabi/13.2.1/thumb/v7e-m+fp/hard/crtend.o

.igot.plt       0x10000014        0x0 load address 0x08103ae0
 .igot.plt      0x10000014        0x0 /usr/lib/gcc/arm-none-eabi/13.2.1/thumb/v7e-m+fp/hard/crtbegin.o
                0x10000014                        . = ALIGN (0x4)

.bss            0x10000014     0x4974 load address 0x08103ae0
                0x10000014                        _sbss = .
                0x10000014                        __bss_start__ = _sbss
 *(.bss)
 .bss           0x10000014       0x1c /usr/lib/gcc/arm-none-eabi/13.2.1/thumb/v7e-m+fp/hard/crtbegin.o
 *(.bss*)
 .bss.defaultTaskHandle
                0x10000030        0x4 ./Core/Src/main.o
                0x10000030                defaultTaskHandle
 .bss.uwTick    0x10000034        0x4 ./Drivers/STM32H7xx_HAL_Driver/stm32h7xx_hal.o
                0x10000034                uwTick
 .bss.KernelState
                0x10000038        0x4 ./Middlewares/Third_Party/FreeRTOS/cmsis_os2.o
 .bss.Idle_TCB.3
                0x1000003c       0x5c ./Middlewares/Third_Party/FreeRTOS/cmsis_os2.o
 .bss.Idle_Stack.2
                0x10000098      0x200 ./Middlewares/Third_Party/FreeRTOS/cmsis_os2.o
 .bss.Timer_TCB.1
                0x10000298       0x5c ./Middlewares/Third_Party/FreeRTOS/cmsis_os2.o
 .bss.Timer_Stack.0
                0x100002f4      0x400 ./Middlewares/Third_Party/FreeRTOS/cmsis_os2.o
 .bss.ucHeap    0x100006f4     0x3c00 ./Middlewares/Third_Party/FreeRTOS/heap_4.o
 .bss.xStart    0x100042f4        0x8 ./Middlewares/Third_Party/FreeRTOS/heap_4.o
 .bss.pxEnd     0x100042fc        0x4 ./Middlewares/Third_Party/FreeRTOS/heap_4.o
 .bss.xFreeBytesRemaining
                0x10004300        0x4 ./Middlewares/Third_Party/FreeRTOS/heap_4.o
 .bss.xMinimumEverFreeBytesRemaining
                0x10004304        0x4 ./Middlewares/Third_Party/FreeRTOS/heap_4.o
 .bss.xNumberOfSuccessfulAllocations
                0x10004308        0x4 ./Middlewares/Third_Party/FreeRTOS/heap_4.o
 .bss.xNumberOfSuccessfulFrees
                0x1000430c        0x4 ./Middlewares/Third_Party/FreeRTOS/heap_4.o
 .bss.xBlockAllocatedBit
                0x10004310        0x4 ./Middlewares/Third_Party/FreeRTOS/heap_4.o
 .bss.ucMaxSysCallPriority
                0x10004314        0x1 ./Middlewares/Third_Party/FreeRTOS/port.o
 *fill*         0x10004315        0x3 
 .bss.ulMaxPRIGROUPValue
                0x10004318        0x4 ./Middlewares/Third_Party/FreeRTOS/port.o
 .bss.xQueueRegistry
                0x1000431c       0x40 ./Middlewares/Third_Party/FreeRTOS/queue.o
                0x1000431c                xQueueRegistry
 .bss.pxCurrentTCB
                0x1000435c        0x4 ./Middlewares/Third_Party/FreeRTOS/tasks.o
                0x1000435c                pxCurrentTCB
 .bss.pxReadyTasksLists
                0x10004360      0x460 ./Middlewares/Third_Party/FreeRTOS/tasks.o
 .bss.xDelayedTaskList1
                0x100047c0       0x14 ./Middlewares/Third_Party/FreeRTOS/tasks.o
 .bss.xDelayedTaskList2
                0x100047d4       0x14 ./Middlewares/Third_Party/FreeRTOS/tasks.o
 .bss.pxDelayedTaskList
                0x100047e8        0x4 ./Middlewares/Third_Party/FreeRTOS/tasks.o
 .bss.pxOverflowDelayedTaskList
                0x100047ec        0x4 ./Middlewares/Third_Party/FreeRTOS/tasks.o
 .bss.xPendingReadyList
                0x100047f0       0x14 ./Middlewares/Third_Party/FreeRTOS/tasks.o
 .bss.xTasksWaitingTermination
                0x10004804       0x14 ./Middlewares/Third_Party/FreeRTOS/tasks.o
 .bss.uxDeletedTasksWaitingCleanUp
                0x10004818        0x4 ./Middlewares/Third_Party/FreeRTOS/tasks.o
 .bss.xSuspendedTaskList
                0x1000481c       0x14 ./Middlewares/Third_Party/FreeRTOS/tasks.o
 .bss.uxCurrentNumberOfTasks
                0x10004830        0x4 ./Middlewares/Third_Party/FreeRTOS/tasks.o
 .bss.xTickCount
                0x10004834        0x4 ./Middlewares/Third_Party/FreeRTOS/tasks.o
 .bss.uxTopReadyPriority
                0x10004838        0x4 ./Middlewares/Third_Party/FreeRTOS/tasks.o
 .bss.xSchedulerRunning
                0x1000483c        0x4 ./Middlewares/Third_Party/FreeRTOS/tasks.o
 .bss.xPendedTicks
                0x10004840        0x4 ./Middlewares/Third_Party/FreeRTOS/tasks.o
 .bss.xYieldPending
                0x10004844        0x4 ./Middlewares/Third_Party/FreeRTOS/tasks.o
 .bss.xNumOfOverflows
                0x10004848        0x4 ./Middlewares/Third_Party/FreeRTOS/tasks.o
 .bss.uxTaskNumber
                0x1000484c        0x4 ./Middlewares/Third_Party/FreeRTOS/tasks.o
 .bss.xNextTaskUnblockTime
                0x10004850        0x4 ./Middlewares/Third_Party/FreeRTOS/tasks.o
 .bss.xIdleTaskHandle
                0x10004854        0x4 ./Middlewares/Third_Party/FreeRTOS/tasks.o
 .bss.uxSchedulerSuspended
                0x10004858        0x4 ./Middlewares/Third_Party/FreeRTOS/tasks.o
 .bss.xActiveTimerList1
                0x1000485c       0x14 ./Middlewares/Third_Party/FreeRTOS/timers.o
 .bss.xActiveTimerList2
                0x10004870       0x14 ./Middlewares/Third_Party/FreeRTOS/timers.o
 .bss.pxCurrentTimerList
                0x10004884        0x4 ./Middlewares/Third_Party/FreeRTOS/timers.o
 .bss.pxOverflowTimerList
                0x10004888        0x4 ./Middlewares/Third_Party/FreeRTOS/timers.o
 .bss.xTimerQueue
                0x1000488c        0x4 ./Middlewares/Third_Party/FreeRTOS/timers.o
 .bss.xTimerTaskHandle
                0x10004890        0x4 ./Middlewares/Third_Party/FreeRTOS/timers.o
 .bss.xLastTime.2
                0x10004894        0x4 ./Middlewares/Third_Party/FreeRTOS/timers.o
 .bss.ucStaticTimerQueueStorage.1
                0x10004898       0xa0 ./Middlewares/Third_Party/FreeRTOS/timers.o
 .bss.xStaticTimerQueue.0
                0x10004938       0x50 ./Middlewares/Third_Party/FreeRTOS/timers.o
 *(COMMON)
                0x10004988                        . = ALIGN (0x4)
                0x10004988                        _ebss = .
                0x10004988                        __bss_end__ = _ebss

._user_heap_stack
                0x10004988      0x600 load address 0x08103ae0
                0x10004988                        . = ALIGN (0x8)
                [!provide]                        PROVIDE (end = .)
                0x10004988                        PROVIDE (_end = .)
                0x10004b88                        . = (. + _Min_Heap_Size)
 *fill*         0x10004988      0x200 
                0x10004f88                        . = (. + _Min_Stack_Size)
 *fill*         0x10004b88      0x400 
                0x10004f88                        . = ALIGN (0x8)

/DISCARD/
 libc.a(*)
 libm.a(*)
 libgcc.a(*)

.ARM.attributes
                0x00000000       0x30
 *(.ARM.attributes)
 .ARM.attributes
                0x00000000       0x22 /usr/lib/gcc/arm-none-eabi/13.2.1/thumb/v7e-m+fp/hard/crti.o
 .ARM.attributes
                0x00000022       0x34 /usr/lib/gcc/arm-none-eabi/13.2.1/thumb/v7e-m+fp/hard/crtbegin.o
 .ARM.attributes
                0x00000056       0x34 ./Common/Src/system_stm32h7xx_dualcore_boot_cm4_cm7.o
 .ARM.attributes
                0x0000008a       0x34 ./Core/Src/main.o
 .ARM.attributes
                0x000000be       0x34 ./Core/Src/stm32h7xx_hal_msp.o
 .ARM.attributes
                0x000000f2       0x34 ./Core/Src/stm32h7xx_it.o
 .ARM.attributes
                0x00000126       0x21 ./Core/Startup/startup_stm32h755zitx.o
 .ARM.attributes
                0x00000147       0x34 ./Drivers/STM32H7xx_HAL_Driver/stm32h7xx_hal.o
 .ARM.attributes
                0x0000017b       0x34 ./Drivers/STM32H7xx_HAL_Driver/stm32h7xx_hal_cortex.o
 .ARM.attributes
                0x000001af       0x34 ./Drivers/STM32H7xx_HAL_Driver/stm32h7xx_hal_hsem.o
 .ARM.attributes
                0x000001e3       0x34 ./Drivers/STM32H7xx_HAL_Driver/stm32h7xx_hal_pwr_ex.o
 .ARM.attributes
                0x00000217       0x34 ./Drivers/STM32H7xx_HAL_Driver/stm32h7xx_hal_rcc.o
 .ARM.attributes
                0x0000024b       0x34 ./Middlewares/Third_Party/FreeRTOS/cmsis_os2.o
 .ARM.attributes
                0x0000027f       0x34 ./Middlewares/Third_Party/FreeRTOS/heap_4.o
 .ARM.attributes
                0x000002b3       0x34 ./Middlewares/Third_Party/FreeRTOS/list.o
 .ARM.attributes
                0x000002e7       0x34 ./Middlewares/Third_Party/FreeRTOS/port.o
 .ARM.attributes
                0x0000031b       0x34 ./Middlewares/Third_Party/FreeRTOS/queue.o
 .ARM.attributes
                0x0000034f       0x34 ./Middlewares/Third_Party/FreeRTOS/tasks.o
 .ARM.attributes
                0x00000383       0x34 ./Middlewares/Third_Party/FreeRTOS/timers.o
 .ARM.attributes
                0x000003b7       0x34 /usr/lib/gcc/arm-none-eabi/13.2.1/../../../arm-none-eabi/lib/thumb/v7e-m+fp/hard/libc_nano.a(libc_a-init.o)
 .ARM.attributes
                0x000003eb       0x34 /usr/lib/gcc/arm-none-eabi/13.2.1/../../../arm-none-eabi/lib/thumb/v7e-m+fp/hard/libc_nano.a(libc_a-memset.o)
 .ARM.attributes
                0x0000041f       0x20 /usr/lib/gcc/arm-none-eabi/13.2.1/../../../arm-none-eabi/lib/thumb/v7e-m+fp/hard/libc_nano.a(libc_a-memcpy.o)
 .ARM.attributes
                0x0000043f       0x34 /usr/lib/gcc/arm-none-eabi/13.2.1/thumb/v7e-m+fp/hard/crtend.o
 .ARM.attributes
                0x00000473       0x22 /usr/lib/gcc/arm-none-eabi/13.2.1/thumb/v7e-m+fp/hard/crtn.o
OUTPUT(OMNI-BOT_CM4.elf elf32-littlearm)
LOAD linker stubs
LOAD /usr/lib/gcc/arm-none-eabi/13.2.1/../../../arm-none-eabi/lib/thumb/v7e-m+fp/hard/libc.a
LOAD /usr/lib/gcc/arm-none-eabi/13.2.1/../../../arm-none-eabi/lib/thumb/v7e-m+fp/hard/libm.a
LOAD /usr/lib/gcc/arm-none-eabi/13.2.1/thumb/v7e-m+fp/hard/libgcc.a

.comment        0x00000000       0x26
 .comment       0x00000000       0x26 /usr/lib/gcc/arm-none-eabi/13.2.1/thumb/v7e-m+fp/hard/crtbegin.o
                                 0x27 (size before relaxing)
 .comment       0x00000026       0x27 ./Common/Src/system_stm32h7xx_dualcore_boot_cm4_cm7.o
 .comment       0x00000026       0x27 ./Core/Src/main.o
 .comment       0x00000026       0x27 ./Core/Src/stm32h7xx_hal_msp.o
 .comment       0x00000026       0x27 ./Core/Src/stm32h7xx_it.o
 .comment       0x00000026       0x27 ./Drivers/STM32H7xx_HAL_Driver/stm32h7xx_hal.o
 .comment       0x00000026       0x27 ./Drivers/STM32H7xx_HAL_Driver/stm32h7xx_hal_cortex.o
 .comment       0x00000026       0x27 ./Drivers/STM32H7xx_HAL_Driver/stm32h7xx_hal_hsem.o
 .comment       0x00000026       0x27 ./Drivers/STM32H7xx_HAL_Driver/stm32h7xx_hal_pwr_ex.o
 .comment       0x00000026       0x27 ./Drivers/STM32H7xx_HAL_Driver/stm32h7xx_hal_rcc.o
 .comment       0x00000026       0x27 ./Middlewares/Third_Party/FreeRTOS/cmsis_os2.o
 .comment       0x00000026       0x27 ./Middlewares/Third_Party/FreeRTOS/heap_4.o
 .comment       0x00000026       0x27 ./Middlewares/Third_Party/FreeRTOS/list.o
 .comment       0x00000026       0x27 ./Middlewares/Third_Party/FreeRTOS/port.o
 .comment       0x00000026       0x27 ./Middlewares/Third_Party/FreeRTOS/queue.o
 .comment       0x00000026       0x27 ./Middlewares/Third_Party/FreeRTOS/tasks.o
 .comment       0x00000026       0x27 ./Middlewares/Third_Party/FreeRTOS/timers.o
 .comment       0x00000026       0x27 /usr/lib/gcc/arm-none-eabi/13.2.1/../../../arm-none-eabi/lib/thumb/v7e-m+fp/hard/libc_nano.a(libc_a-init.o)
 .comment       0x00000026       0x27 /usr/lib/gcc/arm-none-eabi/13.2.1/../../../arm-none-eabi/lib/thumb/v7e-m+fp/hard/libc_nano.a(libc_a-memset.o)
 .comment       0x00000026       0x27 /usr/lib/gcc/arm-none-eabi/13.2.1/thumb/v7e-m+fp/hard/crtend.o

.debug_info     0x00000000    0x1151b
 .debug_info    0x00000000      0x80b ./Common/Src/system_stm32h7xx_dualcore_boot_cm4_cm7.o
 .debug_info    0x0000080b      0xffe ./Core/Src/main.o
 .debug_info    0x00001809     0x1711 ./Core/Src/stm32h7xx_hal_msp.o
 .debug_info    0x00002f1a      0x129 ./Core/Src/stm32h7xx_it.o
 .debug_info    0x00003043       0x30 ./Core/Startup/startup_stm32h755zitx.o
 .debug_info    0x00003073     0x179e ./Drivers/STM32H7xx_HAL_Driver/stm32h7xx_hal.o
 .debug_info    0x00004811      0xf0e ./Drivers/STM32H7xx_HAL_Driver/stm32h7xx_hal_cortex.o
 .debug_info    0x0000571f      0x3c7 ./Drivers/STM32H7xx_HAL_Driver/stm32h7xx_hal_hsem.o
 .debug_info    0x00005ae6     0x1018 ./Drivers/STM32H7xx_HAL_Driver/stm32h7xx_hal_pwr_ex.o
 .debug_info    0x00006afe      0xe43 ./Drivers/STM32H7xx_HAL_Driver/stm32h7xx_hal_rcc.o
 .debug_info    0x00007941     0x3bb4 ./Middlewares/Third_Party/FreeRTOS/cmsis_os2.o
 .debug_info    0x0000b4f5      0x4bd ./Middlewares/Third_Party/FreeRTOS/heap_4.o
 .debug_info    0x0000b9b2      0x2a3 ./Middlewares/Third_Party/FreeRTOS/list.o
 .debug_info    0x0000bc55      0x4c6 ./Middlewares/Third_Party/FreeRTOS/port.o
 .debug_info    0x0000c11b     0x1b55 ./Middlewares/Third_Party/FreeRTOS/queue.o
 .debug_info    0x0000dc70     0x21c8 ./Middlewares/Third_Party/FreeRTOS/tasks.o
 .debug_info    0x0000fe38     0x1470 ./Middlewares/Third_Party/FreeRTOS/timers.o
 .debug_info    0x000112a8      0x10b /usr/lib/gcc/arm-none-eabi/13.2.1/../../../arm-none-eabi/lib/thumb/v7e-m+fp/hard/libc_nano.a(libc_a-init.o)
 .debug_info    0x000113b3      0x135 /usr/lib/gcc/arm-none-eabi/13.2.1/../../../arm-none-eabi/lib/thumb/v7e-m+fp/hard/libc_nano.a(libc_a-memset.o)
 .debug_info    0x000114e8       0x33 /usr/lib/gcc/arm-none-eabi/13.2.1/../../../arm-none-eabi/lib/thumb/v7e-m+fp/hard/libc_nano.a(libc_a-memcpy.o)

.debug_abbrev   0x00000000     0x2a6c
 .debug_abbrev  0x00000000      0x152 ./Common/Src/system_stm32h7xx_dualcore_boot_cm4_cm7.o
 .debug_abbrev  0x00000152      0x2a0 ./Core/Src/main.o
 .debug_abbrev  0x000003f2      0x1b9 ./Core/Src/stm32h7xx_hal_msp.o
 .debug_abbrev  0x000005ab       0xaa ./Core/Src/stm32h7xx_it.o
 .debug_abbrev  0x00000655       0x24 ./Core/Startup/startup_stm32h755zitx.o
 .debug_abbrev  0x00000679      0x29f ./Drivers/STM32H7xx_HAL_Driver/stm32h7xx_hal.o
 .debug_abbrev  0x00000918      0x337 ./Drivers/STM32H7xx_HAL_Driver/stm32h7xx_hal_cortex.o
 .debug_abbrev  0x00000c4f      0x1d3 ./Drivers/STM32H7xx_HAL_Driver/stm32h7xx_hal_hsem.o
 .debug_abbrev  0x00000e22      0x2d6 ./Drivers/STM32H7xx_HAL_Driver/stm32h7xx_hal_pwr_ex.o
 .debug_abbrev  0x000010f8      0x2c8 ./Drivers/STM32H7xx_HAL_Driver/stm32h7xx_hal_rcc.o
 .debug_abbrev  0x000013c0      0x508 ./Middlewares/Third_Party/FreeRTOS/cmsis_os2.o
 .debug_abbrev  0x000018c8      0x21d ./Middlewares/Third_Party/FreeRTOS/heap_4.o
 .debug_abbrev  0x00001ae5       0xf5 ./Middlewares/Third_Party/FreeRTOS/list.o
 .debug_abbrev  0x00001bda      0x25c ./Middlewares/Third_Party/FreeRTOS/port.o
 .debug_abbrev  0x00001e36      0x3b6 ./Middlewares/Third_Party/FreeRTOS/queue.o
 .debug_abbrev  0x000021ec      0x386 ./Middlewares/Third_Party/FreeRTOS/tasks.o
 .debug_abbrev  0x00002572      0x352 ./Middlewares/Third_Party/FreeRTOS/timers.o
 .debug_abbrev  0x000028c4       0xc9 /usr/lib/gcc/arm-none-eabi/13.2.1/../../../arm-none-eabi/lib/thumb/v7e-m+fp/hard/libc_nano.a(libc_a-init.o)
 .debug_abbrev  0x0000298d       0xb7 /usr/lib/gcc/arm-none-eabi/13.2.1/../../../arm-none-eabi/lib/thumb/v7e-m+fp/hard/libc_nano.a(libc_a-memset.o)
 .debug_abbrev  0x00002a44       0x28 /usr/lib/gcc/arm-none-eabi/13.2.1/../../../arm-none-eabi/lib/thumb/v7e-m+fp/hard/libc_nano.a(libc_a-memcpy.o)

.debug_aranges  0x00000000      0xf20
 .debug_aranges
                0x00000000       0x30 ./Common/Src/system_stm32h7xx_dualcore_boot_cm4_cm7.o
 .debug_aranges
                0x00000030       0x40 ./Core/Src/main.o
 .debug_aranges
                0x00000070       0x30 ./Core/Src/stm32h7xx_hal_msp.o
 .debug_aranges
                0x000000a0       0x50 ./Core/Src/stm32h7xx_it.o
 .debug_aranges
                0x000000f0       0x28 ./Core/Startup/startup_stm32h755zitx.o
 .debug_aranges
                0x00000118      0x200 ./Drivers/STM32H7xx_HAL_Driver/stm32h7xx_hal.o
 .debug_aranges
                0x00000318      0x130 ./Drivers/STM32H7xx_HAL_Driver/stm32h7xx_hal_cortex.o
 .debug_aranges
                0x00000448       0x70 ./Drivers/STM32H7xx_HAL_Driver/stm32h7xx_hal_hsem.o
 .debug_aranges
                0x000004b8      0x170 ./Drivers/STM32H7xx_HAL_Driver/stm32h7xx_hal_pwr_ex.o
 .debug_aranges
                0x00000628       0x88 ./Drivers/STM32H7xx_HAL_Driver/stm32h7xx_hal_rcc.o
 .debug_aranges
                0x000006b0      0x2a8 ./Middlewares/Third_Party/FreeRTOS/cmsis_os2.o
 .debug_aranges
                0x00000958       0x58 ./Middlewares/Third_Party/FreeRTOS/heap_4.o
 .debug_aranges
                0x000009b0       0x40 ./Middlewares/Third_Party/FreeRTOS/list.o
 .debug_aranges
                0x000009f0       0x80 ./Middlewares/Third_Party/FreeRTOS/port.o
 .debug_aranges
                0x00000a70      0x158 ./Middlewares/Third_Party/FreeRTOS/queue.o
 .debug_aranges
                0x00000bc8      0x208 ./Middlewares/Third_Party/FreeRTOS/tasks.o
 .debug_aranges
                0x00000dd0       0xf0 ./Middlewares/Third_Party/FreeRTOS/timers.o
 .debug_aranges
                0x00000ec0       0x20 /usr/lib/gcc/arm-none-eabi/13.2.1/../../../arm-none-eabi/lib/thumb/v7e-m+fp/hard/libc_nano.a(libc_a-init.o)
 .debug_aranges
                0x00000ee0       0x20 /usr/lib/gcc/arm-none-eabi/13.2.1/../../../arm-none-eabi/lib/thumb/v7e-m+fp/hard/libc_nano.a(libc_a-memset.o)
 .debug_aranges
                0x00000f00       0x20 /usr/lib/gcc/arm-none-eabi/13.2.1/../../../arm-none-eabi/lib/thumb/v7e-m+fp/hard/libc_nano.a(libc_a-memcpy.o)

.debug_rnglists
                0x00000000      0xb22
 .debug_rnglists
                0x00000000       0x20 ./Common/Src/system_stm32h7xx_dualcore_boot_cm4_cm7.o
 .debug_rnglists
                0x00000020       0x2c ./Core/Src/main.o
 .debug_rnglists
                0x0000004c       0x20 ./Core/Src/stm32h7xx_hal_msp.o
 .debug_rnglists
                0x0000006c       0x37 ./Core/Src/stm32h7xx_it.o
 .debug_rnglists
                0x000000a3       0x19 ./Core/Startup/startup_stm32h755zitx.o
 .debug_rnglists
                0x000000bc      0x181 ./Drivers/STM32H7xx_HAL_Driver/stm32h7xx_hal.o
 .debug_rnglists
                0x0000023d       0xe0 ./Drivers/STM32H7xx_HAL_Driver/stm32h7xx_hal_cortex.o
 .debug_rnglists
                0x0000031d       0x4f ./Drivers/STM32H7xx_HAL_Driver/stm32h7xx_hal_hsem.o
 .debug_rnglists
                0x0000036c      0x117 ./Drivers/STM32H7xx_HAL_Driver/stm32h7xx_hal_pwr_ex.o
 .debug_rnglists
                0x00000483       0x68 ./Drivers/STM32H7xx_HAL_Driver/stm32h7xx_hal_rcc.o
 .debug_rnglists
                0x000004eb      0x20c ./Middlewares/Third_Party/FreeRTOS/cmsis_os2.o
 .debug_rnglists
                0x000006f7       0x42 ./Middlewares/Third_Party/FreeRTOS/heap_4.o
 .debug_rnglists
                0x00000739       0x2b ./Middlewares/Third_Party/FreeRTOS/list.o
 .debug_rnglists
                0x00000764       0x5d ./Middlewares/Third_Party/FreeRTOS/port.o
 .debug_rnglists
                0x000007c1      0x109 ./Middlewares/Third_Party/FreeRTOS/queue.o
 .debug_rnglists
                0x000008ca      0x1a0 ./Middlewares/Third_Party/FreeRTOS/tasks.o
 .debug_rnglists
                0x00000a6a       0xb8 ./Middlewares/Third_Party/FreeRTOS/timers.o

.debug_macro    0x00000000    0x3a59a
 .debug_macro   0x00000000      0x282 ./Common/Src/system_stm32h7xx_dualcore_boot_cm4_cm7.o
 .debug_macro   0x00000282      0xaf0 ./Common/Src/system_stm32h7xx_dualcore_boot_cm4_cm7.o
 .debug_macro   0x00000d72       0x2e ./Common/Src/system_stm32h7xx_dualcore_boot_cm4_cm7.o
 .debug_macro   0x00000da0       0x3b ./Common/Src/system_stm32h7xx_dualcore_boot_cm4_cm7.o
 .debug_macro   0x00000ddb      0x34e ./Common/Src/system_stm32h7xx_dualcore_boot_cm4_cm7.o
 .debug_macro   0x00001129       0x1c ./Common/Src/system_stm32h7xx_dualcore_boot_cm4_cm7.o
 .debug_macro   0x00001145       0x22 ./Common/Src/system_stm32h7xx_dualcore_boot_cm4_cm7.o
 .debug_macro   0x00001167       0xfb ./Common/Src/system_stm32h7xx_dualcore_boot_cm4_cm7.o
 .debug_macro   0x00001262     0x1011 ./Common/Src/system_stm32h7xx_dualcore_boot_cm4_cm7.o
 .debug_macro   0x00002273      0x11f ./Common/Src/system_stm32h7xx_dualcore_boot_cm4_cm7.o
 .debug_macro   0x00002392    0x27697 ./Common/Src/system_stm32h7xx_dualcore_boot_cm4_cm7.o
 .debug_macro   0x00029a29       0x6d ./Common/Src/system_stm32h7xx_dualcore_boot_cm4_cm7.o
 .debug_macro   0x00029a96      0x238 ./Common/Src/system_stm32h7xx_dualcore_boot_cm4_cm7.o
 .debug_macro   0x00029cce     0x3d79 ./Common/Src/system_stm32h7xx_dualcore_boot_cm4_cm7.o
 .debug_macro   0x0002da47      0x190 ./Common/Src/system_stm32h7xx_dualcore_boot_cm4_cm7.o
 .debug_macro   0x0002dbd7       0x22 ./Common/Src/system_stm32h7xx_dualcore_boot_cm4_cm7.o
 .debug_macro   0x0002dbf9       0x54 ./Common/Src/system_stm32h7xx_dualcore_boot_cm4_cm7.o
 .debug_macro   0x0002dc4d       0x2a ./Common/Src/system_stm32h7xx_dualcore_boot_cm4_cm7.o
 .debug_macro   0x0002dc77       0x94 ./Common/Src/system_stm32h7xx_dualcore_boot_cm4_cm7.o
 .debug_macro   0x0002dd0b       0x43 ./Common/Src/system_stm32h7xx_dualcore_boot_cm4_cm7.o
 .debug_macro   0x0002dd4e       0x34 ./Common/Src/system_stm32h7xx_dualcore_boot_cm4_cm7.o
 .debug_macro   0x0002dd82       0x57 ./Common/Src/system_stm32h7xx_dualcore_boot_cm4_cm7.o
 .debug_macro   0x0002ddd9      0x370 ./Common/Src/system_stm32h7xx_dualcore_boot_cm4_cm7.o
 .debug_macro   0x0002e149       0x16 ./Common/Src/system_stm32h7xx_dualcore_boot_cm4_cm7.o
 .debug_macro   0x0002e15f       0x4a ./Common/Src/system_stm32h7xx_dualcore_boot_cm4_cm7.o
 .debug_macro   0x0002e1a9       0x34 ./Common/Src/system_stm32h7xx_dualcore_boot_cm4_cm7.o
 .debug_macro   0x0002e1dd       0x10 ./Common/Src/system_stm32h7xx_dualcore_boot_cm4_cm7.o
 .debug_macro   0x0002e1ed       0x52 ./Common/Src/system_stm32h7xx_dualcore_boot_cm4_cm7.o
 .debug_macro   0x0002e23f       0x8e ./Common/Src/system_stm32h7xx_dualcore_boot_cm4_cm7.o
 .debug_macro   0x0002e2cd       0x1c ./Common/Src/system_stm32h7xx_dualcore_boot_cm4_cm7.o
 .debug_macro   0x0002e2e9      0x177 ./Common/Src/system_stm32h7xx_dualcore_boot_cm4_cm7.o
 .debug_macro   0x0002e460      0x19b ./Common/Src/system_stm32h7xx_dualcore_boot_cm4_cm7.o
 .debug_macro   0x0002e5fb       0x5d ./Common/Src/system_stm32h7xx_dualcore_boot_cm4_cm7.o
 .debug_macro   0x0002e658     0x3b99 ./Common/Src/system_stm32h7xx_dualcore_boot_cm4_cm7.o
 .debug_macro   0x000321f1     0x1072 ./Common/Src/system_stm32h7xx_dualcore_boot_cm4_cm7.o
 .debug_macro   0x00033263      0x154 ./Common/Src/system_stm32h7xx_dualcore_boot_cm4_cm7.o
 .debug_macro   0x000333b7      0x130 ./Common/Src/system_stm32h7xx_dualcore_boot_cm4_cm7.o
 .debug_macro   0x000334e7      0x3c2 ./Common/Src/system_stm32h7xx_dualcore_boot_cm4_cm7.o
 .debug_macro   0x000338a9       0xac ./Common/Src/system_stm32h7xx_dualcore_boot_cm4_cm7.o
 .debug_macro   0x00033955      0x72d ./Common/Src/system_stm32h7xx_dualcore_boot_cm4_cm7.o
 .debug_macro   0x00034082      0x228 ./Common/Src/system_stm32h7xx_dualcore_boot_cm4_cm7.o
 .debug_macro   0x000342aa       0x66 ./Common/Src/system_stm32h7xx_dualcore_boot_cm4_cm7.o
 .debug_macro   0x00034310      0x3bb ./Common/Src/system_stm32h7xx_dualcore_boot_cm4_cm7.o
 .debug_macro   0x000346cb      0xa95 ./Common/Src/system_stm32h7xx_dualcore_boot_cm4_cm7.o
 .debug_macro   0x00035160      0x129 ./Common/Src/system_stm32h7xx_dualcore_boot_cm4_cm7.o
 .debug_macro   0x00035289      0x407 ./Common/Src/system_stm32h7xx_dualcore_boot_cm4_cm7.o
 .debug_macro   0x00035690      0x244 ./Common/Src/system_stm32h7xx_dualcore_boot_cm4_cm7.o
 .debug_macro   0x000358d4      0x3ca ./Common/Src/system_stm32h7xx_dualcore_boot_cm4_cm7.o
 .debug_macro   0x00035c9e      0x4a2 ./Common/Src/system_stm32h7xx_dualcore_boot_cm4_cm7.o
 .debug_macro   0x00036140       0x51 ./Common/Src/system_stm32h7xx_dualcore_boot_cm4_cm7.o
 .debug_macro   0x00036191       0x4a ./Common/Src/system_stm32h7xx_dualcore_boot_cm4_cm7.o
 .debug_macro   0x000361db      0x22c ./Common/Src/system_stm32h7xx_dualcore_boot_cm4_cm7.o
 .debug_macro   0x00036407       0x67 ./Common/Src/system_stm32h7xx_dualcore_boot_cm4_cm7.o
 .debug_macro   0x0003646e       0xa5 ./Common/Src/system_stm32h7xx_dualcore_boot_cm4_cm7.o
 .debug_macro   0x00036513      0x218 ./Common/Src/system_stm32h7xx_dualcore_boot_cm4_cm7.o
 .debug_macro   0x0003672b      0x2ea ./Common/Src/system_stm32h7xx_dualcore_boot_cm4_cm7.o
 .debug_macro   0x00036a15       0x35 ./Common/Src/system_stm32h7xx_dualcore_boot_cm4_cm7.o
 .debug_macro   0x00036a4a      0x693 ./Common/Src/system_stm32h7xx_dualcore_boot_cm4_cm7.o
 .debug_macro   0x000370dd       0xa6 ./Common/Src/system_stm32h7xx_dualcore_boot_cm4_cm7.o
 .debug_macro   0x00037183      0x7a4 ./Common/Src/system_stm32h7xx_dualcore_boot_cm4_cm7.o
 .debug_macro   0x00037927      0x3a8 ./Core/Src/main.o
 .debug_macro   0x00037ccf       0x16 ./Core/Src/main.o
 .debug_macro   0x00037ce5      0x169 ./Core/Src/main.o
 .debug_macro   0x00037e4e       0x66 ./Core/Src/main.o
 .debug_macro   0x00037eb4       0x74 ./Core/Src/main.o
 .debug_macro   0x00037f28       0xdd ./Core/Src/main.o
 .debug_macro   0x00038005      0x2e1 ./Core/Src/stm32h7xx_hal_msp.o
 .debug_macro   0x000382e6      0x353 ./Core/Src/stm32h7xx_it.o
 .debug_macro   0x00038639      0x2ac ./Drivers/STM32H7xx_HAL_Driver/stm32h7xx_hal.o
 .debug_macro   0x000388e5      0x282 ./Drivers/STM32H7xx_HAL_Driver/stm32h7xx_hal_cortex.o
 .debug_macro   0x00038b67      0x294 ./Drivers/STM32H7xx_HAL_Driver/stm32h7xx_hal_hsem.o
 .debug_macro   0x00038dfb      0x2bb ./Drivers/STM32H7xx_HAL_Driver/stm32h7xx_hal_pwr_ex.o
 .debug_macro   0x000390b6      0x2a6 ./Drivers/STM32H7xx_HAL_Driver/stm32h7xx_hal_rcc.o
 .debug_macro   0x0003935c      0x3e2 ./Middlewares/Third_Party/FreeRTOS/cmsis_os2.o
 .debug_macro   0x0003973e       0x10 ./Middlewares/Third_Party/FreeRTOS/cmsis_os2.o
 .debug_macro   0x0003974e       0x10 ./Middlewares/Third_Party/FreeRTOS/cmsis_os2.o
 .debug_macro   0x0003975e       0xf5 ./Middlewares/Third_Party/FreeRTOS/cmsis_os2.o
 .debug_macro   0x00039853       0x91 ./Middlewares/Third_Party/FreeRTOS/cmsis_os2.o
 .debug_macro   0x000398e4       0x8d ./Middlewares/Third_Party/FreeRTOS/cmsis_os2.o
 .debug_macro   0x00039971       0x9a ./Middlewares/Third_Party/FreeRTOS/cmsis_os2.o
 .debug_macro   0x00039a0b       0x22 ./Middlewares/Third_Party/FreeRTOS/cmsis_os2.o
 .debug_macro   0x00039a2d      0x18c ./Middlewares/Third_Party/FreeRTOS/heap_4.o
 .debug_macro   0x00039bb9      0x165 ./Middlewares/Third_Party/FreeRTOS/list.o
 .debug_macro   0x00039d1e      0x14d ./Middlewares/Third_Party/FreeRTOS/port.o
 .debug_macro   0x00039e6b      0x1ef ./Middlewares/Third_Party/FreeRTOS/queue.o
 .debug_macro   0x0003a05a       0x87 ./Middlewares/Third_Party/FreeRTOS/queue.o
 .debug_macro   0x0003a0e1      0x258 ./Middlewares/Third_Party/FreeRTOS/tasks.o
 .debug_macro   0x0003a339       0x10 ./Middlewares/Third_Party/FreeRTOS/tasks.o
 .debug_macro   0x0003a349      0x1ba ./Middlewares/Third_Party/FreeRTOS/timers.o
 .debug_macro   0x0003a503       0x97 ./Middlewares/Third_Party/FreeRTOS/timers.o

.debug_line     0x00000000     0xc5c3
 .debug_line    0x00000000      0x6da ./Common/Src/system_stm32h7xx_dualcore_boot_cm4_cm7.o
 .debug_line    0x000006da      0x7f9 ./Core/Src/main.o
 .debug_line    0x00000ed3      0x607 ./Core/Src/stm32h7xx_hal_msp.o
 .debug_line    0x000014da      0x76a ./Core/Src/stm32h7xx_it.o
 .debug_line    0x00001c44       0x7b ./Core/Startup/startup_stm32h755zitx.o
 .debug_line    0x00001cbf      0xc88 ./Drivers/STM32H7xx_HAL_Driver/stm32h7xx_hal.o
 .debug_line    0x00002947      0xb1c ./Drivers/STM32H7xx_HAL_Driver/stm32h7xx_hal_cortex.o
 .debug_line    0x00003463      0x6c4 ./Drivers/STM32H7xx_HAL_Driver/stm32h7xx_hal_hsem.o
 .debug_line    0x00003b27      0xdef ./Drivers/STM32H7xx_HAL_Driver/stm32h7xx_hal_pwr_ex.o
 .debug_line    0x00004916     0x11cb ./Drivers/STM32H7xx_HAL_Driver/stm32h7xx_hal_rcc.o
 .debug_line    0x00005ae1     0x21d3 ./Middlewares/Third_Party/FreeRTOS/cmsis_os2.o
 .debug_line    0x00007cb4      0x611 ./Middlewares/Third_Party/FreeRTOS/heap_4.o
 .debug_line    0x000082c5      0x3fa ./Middlewares/Third_Party/FreeRTOS/list.o
 .debug_line    0x000086bf      0x4e4 ./Middlewares/Third_Party/FreeRTOS/port.o
 .debug_line    0x00008ba3     0x136b ./Middlewares/Third_Party/FreeRTOS/queue.o
 .debug_line    0x00009f0e     0x18ee ./Middlewares/Third_Party/FreeRTOS/tasks.o
 .debug_line    0x0000b7fc      0xa3a ./Middlewares/Third_Party/FreeRTOS/timers.o
 .debug_line    0x0000c236      0x11e /usr/lib/gcc/arm-none-eabi/13.2.1/../../../arm-none-eabi/lib/thumb/v7e-m+fp/hard/libc_nano.a(libc_a-init.o)
 .debug_line    0x0000c354      0x1b6 /usr/lib/gcc/arm-none-eabi/13.2.1/../../../arm-none-eabi/lib/thumb/v7e-m+fp/hard/libc_nano.a(libc_a-memset.o)
 .debug_line    0x0000c50a       0xb9 /usr/lib/gcc/arm-none-eabi/13.2.1/../../../arm-none-eabi/lib/thumb/v7e-m+fp/hard/libc_nano.a(libc_a-memcpy.o)

.debug_str      0x00000000   0x188795
 .debug_str     0x00000000   0x188795 ./Common/Src/system_stm32h7xx_dualcore_boot_cm4_cm7.o
                             0x179dd8 (size before relaxing)
 .debug_str     0x00188795   0x180067 ./Core/Src/main.o
 .debug_str     0x00188795   0x17bce6 ./Core/Src/stm32h7xx_hal_msp.o
 .debug_str     0x00188795   0x17e781 ./Core/Src/stm32h7xx_it.o
 .debug_str     0x00188795       0x64 ./Core/Startup/startup_stm32h755zitx.o
 .debug_str     0x00188795   0x17b108 ./Drivers/STM32H7xx_HAL_Driver/stm32h7xx_hal.o
 .debug_str     0x00188795   0x17a884 ./Drivers/STM32H7xx_HAL_Driver/stm32h7xx_hal_cortex.o
 .debug_str     0x00188795   0x179c7c ./Drivers/STM32H7xx_HAL_Driver/stm32h7xx_hal_hsem.o
 .debug_str     0x00188795   0x17a43d ./Drivers/STM32H7xx_HAL_Driver/stm32h7xx_hal_pwr_ex.o
 .debug_str     0x00188795   0x17a35d ./Drivers/STM32H7xx_HAL_Driver/stm32h7xx_hal_rcc.o
 .debug_str     0x00188795   0x181a5f ./Middlewares/Third_Party/FreeRTOS/cmsis_os2.o
 .debug_str     0x00188795     0xb27d ./Middlewares/Third_Party/FreeRTOS/heap_4.o
 .debug_str     0x00188795     0xa945 ./Middlewares/Third_Party/FreeRTOS/list.o
 .debug_str     0x00188795     0x8368 ./Middlewares/Third_Party/FreeRTOS/port.o
 .debug_str     0x00188795     0xc422 ./Middlewares/Third_Party/FreeRTOS/queue.o
 .debug_str     0x00188795     0xcedd ./Middlewares/Third_Party/FreeRTOS/tasks.o
 .debug_str     0x00188795     0xc9ad ./Middlewares/Third_Party/FreeRTOS/timers.o
 .debug_str     0x00188795      0x1fa /usr/lib/gcc/arm-none-eabi/13.2.1/../../../arm-none-eabi/lib/thumb/v7e-m+fp/hard/libc_nano.a(libc_a-init.o)
 .debug_str     0x00188795      0x1ad /usr/lib/gcc/arm-none-eabi/13.2.1/../../../arm-none-eabi/lib/thumb/v7e-m+fp/hard/libc_nano.a(libc_a-memset.o)
 .debug_str     0x00188795       0xac /usr/lib/gcc/arm-none-eabi/13.2.1/../../../arm-none-eabi/lib/thumb/v7e-m+fp/hard/libc_nano.a(libc_a-memcpy.o)

.debug_frame    0x00000000     0x3c0c
 .debug_frame   0x00000000       0x78 ./Common/Src/system_stm32h7xx_dualcore_boot_cm4_cm7.o
 .debug_frame   0x00000078       0xb4 ./Core/Src/main.o
 .debug_frame   0x0000012c       0x84 ./Core/Src/stm32h7xx_hal_msp.o
 .debug_frame   0x000001b0       0xc4 ./Core/Src/stm32h7xx_it.o
 .debug_frame   0x00000274      0x848 ./Drivers/STM32H7xx_HAL_Driver/stm32h7xx_hal.o
 .debug_frame   0x00000abc      0x508 ./Drivers/STM32H7xx_HAL_Driver/stm32h7xx_hal_cortex.o
 .debug_frame   0x00000fc4      0x1bc ./Drivers/STM32H7xx_HAL_Driver/stm32h7xx_hal_hsem.o
 .debug_frame   0x00001180      0x5ec ./Drivers/STM32H7xx_HAL_Driver/stm32h7xx_hal_pwr_ex.o
 .debug_frame   0x0000176c      0x1f8 ./Drivers/STM32H7xx_HAL_Driver/stm32h7xx_hal_rcc.o
 .debug_frame   0x00001964      0xbc8 ./Middlewares/Third_Party/FreeRTOS/cmsis_os2.o
 .debug_frame   0x0000252c      0x12c ./Middlewares/Third_Party/FreeRTOS/heap_4.o
 .debug_frame   0x00002658       0xd8 ./Middlewares/Third_Party/FreeRTOS/list.o
 .debug_frame   0x00002730      0x1a8 ./Middlewares/Third_Party/FreeRTOS/port.o
 .debug_frame   0x000028d8      0x5ec ./Middlewares/Third_Party/FreeRTOS/queue.o
 .debug_frame   0x00002ec4      0x8f0 ./Middlewares/Third_Party/FreeRTOS/tasks.o
 .debug_frame   0x000037b4      0x400 ./Middlewares/Third_Party/FreeRTOS/timers.o
 .debug_frame   0x00003bb4       0x2c /usr/lib/gcc/arm-none-eabi/13.2.1/../../../arm-none-eabi/lib/thumb/v7e-m+fp/hard/libc_nano.a(libc_a-init.o)
 .debug_frame   0x00003be0       0x2c /usr/lib/gcc/arm-none-eabi/13.2.1/../../../arm-none-eabi/lib/thumb/v7e-m+fp/hard/libc_nano.a(libc_a-memset.o)

.debug_line_str
                0x00000000       0xe3
 .debug_line_str
                0x00000000       0xe3 ./Core/Startup/startup_stm32h755zitx.o
                                 0x4a (size before relaxing)
 .debug_line_str
                0x000000e3       0x99 /usr/lib/gcc/arm-none-eabi/13.2.1/../../../arm-none-eabi/lib/thumb/v7e-m+fp/hard/libc_nano.a(libc_a-memcpy.o)

.debug_loclists
                0x00000000      0x227
 .debug_loclists
                0x00000000       0x65 /usr/lib/gcc/arm-none-eabi/13.2.1/../../../arm-none-eabi/lib/thumb/v7e-m+fp/hard/libc_nano.a(libc_a-init.o)
 .debug_loclists
                0x00000065      0x1c2 /usr/lib/gcc/arm-none-eabi/13.2.1/../../../arm-none-eabi/lib/thumb/v7e-m+fp/hard/libc_nano.a(libc_a-memset.o)
